
Looks like you are missing some required data for this feature.

To download the necessary data, simply run

    python -m textblob.download_corpora

or use the NLTK downloader to download the missing data: http://nltk.org/data.html
If this doesn't fix the problem, file an issue at https://github.com/sloria/TextBlob/issues.


Looks like you are missing some required data for this feature.

To download the necessary data, simply run

    python -m textblob.download_corpora

or use the NLTK downloader to download the missing data: http://nltk.org/data.html
If this doesn't fix the problem, file an issue at https://github.com/sloria/TextBlob/issues.


Looks like you are missing some required data for this feature.

To download the necessary data, simply run

    python -m textblob.download_corpora

or use the NLTK downloader to download the missing data: http://nltk.org/data.html
If this doesn't fix the problem, file an issue at https://github.com/sloria/TextBlob/issues.


Looks like you are missing some required data for this feature.

To download the necessary data, simply run

    python -m textblob.download_corpora

or use the NLTK downloader to download the missing data: http://nltk.org/data.html
If this doesn't fix the problem, file an issue at https://github.com/sloria/TextBlob/issues.


Looks like you are missing some required data for this feature.

To download the necessary data, simply run

    python -m textblob.download_corpora

or use the NLTK downloader to download the missing data: http://nltk.org/data.html
If this doesn't fix the problem, file an issue at https://github.com/sloria/TextBlob/issues.


Looks like you are missing some required data for this feature.

To download the necessary data, simply run

    python -m textblob.download_corpora

or use the NLTK downloader to download the missing data: http://nltk.org/data.html
If this doesn't fix the problem, file an issue at https://github.com/sloria/TextBlob/issues.


Looks like you are missing some required data for this feature.

To download the necessary data, simply run

    python -m textblob.download_corpora

or use the NLTK downloader to download the missing data: http://nltk.org/data.html
If this doesn't fix the problem, file an issue at https://github.com/sloria/TextBlob/issues.


Looks like you are missing some required data for this feature.

To download the necessary data, simply run

    python -m textblob.download_corpora

or use the NLTK downloader to download the missing data: http://nltk.org/data.html
If this doesn't fix the problem, file an issue at https://github.com/sloria/TextBlob/issues.


Looks like you are missing some required data for this feature.

To download the necessary data, simply run

    python -m textblob.download_corpora

or use the NLTK downloader to download the missing data: http://nltk.org/data.html
If this doesn't fix the problem, file an issue at https://github.com/sloria/TextBlob/issues.


Looks like you are missing some required data for this feature.

To download the necessary data, simply run

    python -m textblob.download_corpora

or use the NLTK downloader to download the missing data: http://nltk.org/data.html
If this doesn't fix the problem, file an issue at https://github.com/sloria/TextBlob/issues.


Looks like you are missing some required data for this feature.

To download the necessary data, simply run

    python -m textblob.download_corpora

or use the NLTK downloader to download the missing data: http://nltk.org/data.html
If this doesn't fix the problem, file an issue at https://github.com/sloria/TextBlob/issues.


Looks like you are missing some required data for this feature.

To download the necessary data, simply run

    python -m textblob.download_corpora

or use the NLTK downloader to download the missing data: http://nltk.org/data.html
If this doesn't fix the problem, file an issue at https://github.com/sloria/TextBlob/issues.

Execution failed on sql 'SELECT sentiment.* FROM  sentiment_fts fts LEFT JOIN sentiment ON fts.rowid = sentiment.id WHERE fts.sentiment_fts MATCH ? ORDER BY fts.rowid DESC LIMIT 1000': no such table: sentiment_fts
Execution failed on sql 'SELECT sentiment.* FROM  sentiment_fts fts LEFT JOIN sentiment ON fts.rowid = sentiment.id WHERE fts.sentiment_fts MATCH ? ORDER BY fts.rowid DESC LIMIT 1000': no such table: sentiment_fts
Execution failed on sql 'SELECT sentiment.* FROM  sentiment_fts fts LEFT JOIN sentiment ON fts.rowid = sentiment.id WHERE fts.sentiment_fts MATCH ? ORDER BY fts.rowid DESC LIMIT 1000': no such table: sentiment_fts
Execution failed on sql 'SELECT sentiment.* FROM  sentiment_fts fts LEFT JOIN sentiment ON fts.rowid = sentiment.id WHERE fts.sentiment_fts MATCH ? ORDER BY fts.rowid DESC LIMIT 1000': no such table: sentiment_fts
Execution failed on sql 'SELECT sentiment.* FROM  sentiment_fts fts LEFT JOIN sentiment ON fts.rowid = sentiment.id WHERE fts.sentiment_fts MATCH ? ORDER BY fts.rowid DESC LIMIT 1000': no such table: sentiment_fts
Execution failed on sql 'SELECT sentiment.* FROM  sentiment_fts fts LEFT JOIN sentiment ON fts.rowid = sentiment.id WHERE fts.sentiment_fts MATCH ? ORDER BY fts.rowid DESC LIMIT 1000': no such table: sentiment_fts
Execution failed on sql 'SELECT sentiment.* FROM  sentiment_fts fts LEFT JOIN sentiment ON fts.rowid = sentiment.id WHERE fts.sentiment_fts MATCH ? ORDER BY fts.rowid DESC LIMIT 1000': no such table: sentiment_fts
Execution failed on sql 'SELECT sentiment.* FROM  sentiment_fts fts LEFT JOIN sentiment ON fts.rowid = sentiment.id WHERE fts.sentiment_fts MATCH ? ORDER BY fts.rowid DESC LIMIT 1000': no such table: sentiment_fts
Execution failed on sql 'SELECT sentiment.* FROM  sentiment_fts fts LEFT JOIN sentiment ON fts.rowid = sentiment.id WHERE fts.sentiment_fts MATCH ? ORDER BY fts.rowid DESC LIMIT 1000': no such table: sentiment_fts
Execution failed on sql 'SELECT sentiment.* FROM  sentiment_fts fts LEFT JOIN sentiment ON fts.rowid = sentiment.id WHERE fts.sentiment_fts MATCH ? ORDER BY fts.rowid DESC LIMIT 1000': no such table: sentiment_fts
Execution failed on sql 'SELECT sentiment.* FROM  sentiment_fts fts LEFT JOIN sentiment ON fts.rowid = sentiment.id WHERE fts.sentiment_fts MATCH ? ORDER BY fts.rowid DESC LIMIT 1000': no such table: sentiment_fts
Execution failed on sql 'SELECT sentiment.* FROM  sentiment_fts fts LEFT JOIN sentiment ON fts.rowid = sentiment.id WHERE fts.sentiment_fts MATCH ? ORDER BY fts.rowid DESC LIMIT 1000': no such table: sentiment_fts
Execution failed on sql 'SELECT sentiment.* FROM  sentiment_fts fts LEFT JOIN sentiment ON fts.rowid = sentiment.id WHERE fts.sentiment_fts MATCH ? ORDER BY fts.rowid DESC LIMIT 1000': no such table: sentiment_fts
Execution failed on sql 'SELECT sentiment.* FROM  sentiment_fts fts LEFT JOIN sentiment ON fts.rowid = sentiment.id WHERE fts.sentiment_fts MATCH ? ORDER BY fts.rowid DESC LIMIT 1000': no such table: sentiment_fts
Execution failed on sql 'SELECT sentiment.* FROM  sentiment_fts fts LEFT JOIN sentiment ON fts.rowid = sentiment.id WHERE fts.sentiment_fts MATCH ? ORDER BY fts.rowid DESC LIMIT 1000': no such table: sentiment_fts
Execution failed on sql 'SELECT sentiment.* FROM  sentiment_fts fts LEFT JOIN sentiment ON fts.rowid = sentiment.id WHERE fts.sentiment_fts MATCH ? ORDER BY fts.rowid DESC LIMIT 1000': no such table: sentiment_fts
Execution failed on sql 'SELECT sentiment.* FROM  sentiment_fts fts LEFT JOIN sentiment ON fts.rowid = sentiment.id WHERE fts.sentiment_fts MATCH ? ORDER BY fts.rowid DESC LIMIT 1000': no such table: sentiment_fts
Execution failed on sql 'SELECT sentiment.* FROM  sentiment_fts fts LEFT JOIN sentiment ON fts.rowid = sentiment.id WHERE fts.sentiment_fts MATCH ? ORDER BY fts.rowid DESC LIMIT 1000': no such table: sentiment_fts
Execution failed on sql 'SELECT sentiment.* FROM  sentiment_fts fts LEFT JOIN sentiment ON fts.rowid = sentiment.id WHERE fts.sentiment_fts MATCH ? ORDER BY fts.rowid DESC LIMIT 1000': no such table: sentiment_fts
Execution failed on sql 'SELECT sentiment.* FROM  sentiment_fts fts LEFT JOIN sentiment ON fts.rowid = sentiment.id WHERE fts.sentiment_fts MATCH ? ORDER BY fts.rowid DESC LIMIT 1000': no such table: sentiment_fts
Execution failed on sql 'SELECT sentiment.* FROM  sentiment_fts fts LEFT JOIN sentiment ON fts.rowid = sentiment.id WHERE fts.sentiment_fts MATCH ? ORDER BY fts.rowid DESC LIMIT 1000': no such table: sentiment_fts
Execution failed on sql 'SELECT sentiment.* FROM  sentiment_fts fts LEFT JOIN sentiment ON fts.rowid = sentiment.id WHERE fts.sentiment_fts MATCH ? ORDER BY fts.rowid DESC LIMIT 1000': no such table: sentiment_fts
Execution failed on sql 'SELECT sentiment.* FROM  sentiment_fts fts LEFT JOIN sentiment ON fts.rowid = sentiment.id WHERE fts.sentiment_fts MATCH ? ORDER BY fts.rowid DESC LIMIT 1000': no such table: sentiment_fts
Execution failed on sql 'SELECT sentiment.* FROM  sentiment_fts fts LEFT JOIN sentiment ON fts.rowid = sentiment.id WHERE fts.sentiment_fts MATCH ? ORDER BY fts.rowid DESC LIMIT 1000': no such table: sentiment_fts
Execution failed on sql 'SELECT sentiment.* FROM  sentiment_fts fts LEFT JOIN sentiment ON fts.rowid = sentiment.id WHERE fts.sentiment_fts MATCH ? ORDER BY fts.rowid DESC LIMIT 1000': no such table: sentiment_fts
Execution failed on sql 'SELECT sentiment.* FROM  sentiment_fts fts LEFT JOIN sentiment ON fts.rowid = sentiment.id WHERE fts.sentiment_fts MATCH ? ORDER BY fts.rowid DESC LIMIT 1000': no such table: sentiment_fts
Execution failed on sql 'SELECT sentiment.* FROM  sentiment_fts fts LEFT JOIN sentiment ON fts.rowid = sentiment.id WHERE fts.sentiment_fts MATCH ? ORDER BY fts.rowid DESC LIMIT 1000': no such table: sentiment_fts
Execution failed on sql 'SELECT sentiment.* FROM  sentiment_fts fts LEFT JOIN sentiment ON fts.rowid = sentiment.id WHERE fts.sentiment_fts MATCH ? ORDER BY fts.rowid DESC LIMIT 1000': no such table: sentiment_fts
Execution failed on sql 'SELECT sentiment.* FROM  sentiment_fts fts LEFT JOIN sentiment ON fts.rowid = sentiment.id WHERE fts.sentiment_fts MATCH ? ORDER BY fts.rowid DESC LIMIT 1000': no such table: sentiment_fts
Execution failed on sql 'SELECT sentiment.* FROM  sentiment_fts fts LEFT JOIN sentiment ON fts.rowid = sentiment.id WHERE fts.sentiment_fts MATCH ? ORDER BY fts.rowid DESC LIMIT 1000': no such table: sentiment_fts
Execution failed on sql 'SELECT sentiment.* FROM  sentiment_fts fts LEFT JOIN sentiment ON fts.rowid = sentiment.id WHERE fts.sentiment_fts MATCH ? ORDER BY fts.rowid DESC LIMIT 1000': no such table: sentiment_fts
Execution failed on sql 'SELECT sentiment.* FROM  sentiment_fts fts LEFT JOIN sentiment ON fts.rowid = sentiment.id WHERE fts.sentiment_fts MATCH ? ORDER BY fts.rowid DESC LIMIT 1000': no such table: sentiment_fts
Execution failed on sql 'SELECT sentiment.* FROM  sentiment_fts fts LEFT JOIN sentiment ON fts.rowid = sentiment.id WHERE fts.sentiment_fts MATCH ? ORDER BY fts.rowid DESC LIMIT 1000': no such table: sentiment_fts
Execution failed on sql 'SELECT sentiment.* FROM  sentiment_fts fts LEFT JOIN sentiment ON fts.rowid = sentiment.id WHERE fts.sentiment_fts MATCH ? ORDER BY fts.rowid DESC LIMIT 1000': no such table: sentiment_fts
Execution failed on sql 'SELECT sentiment.* FROM  sentiment_fts fts LEFT JOIN sentiment ON fts.rowid = sentiment.id WHERE fts.sentiment_fts MATCH ? ORDER BY fts.rowid DESC LIMIT 1000': no such table: sentiment_fts
Execution failed on sql 'SELECT sentiment.* FROM  sentiment_fts fts LEFT JOIN sentiment ON fts.rowid = sentiment.id WHERE fts.sentiment_fts MATCH ? ORDER BY fts.rowid DESC LIMIT 1000': no such table: sentiment_fts
Execution failed on sql 'SELECT sentiment.* FROM  sentiment_fts fts LEFT JOIN sentiment ON fts.rowid = sentiment.id WHERE fts.sentiment_fts MATCH ? ORDER BY fts.rowid DESC LIMIT 1000': no such table: sentiment_fts
Execution failed on sql 'SELECT sentiment.* FROM  sentiment_fts fts LEFT JOIN sentiment ON fts.rowid = sentiment.id WHERE fts.sentiment_fts MATCH ? ORDER BY fts.rowid DESC LIMIT 1000': no such table: sentiment_fts
Execution failed on sql 'SELECT sentiment.* FROM  sentiment_fts fts LEFT JOIN sentiment ON fts.rowid = sentiment.id WHERE fts.sentiment_fts MATCH ? ORDER BY fts.rowid DESC LIMIT 1000': no such table: sentiment_fts
Execution failed on sql 'SELECT sentiment.* FROM  sentiment_fts fts LEFT JOIN sentiment ON fts.rowid = sentiment.id WHERE fts.sentiment_fts MATCH ? ORDER BY fts.rowid DESC LIMIT 1000': no such table: sentiment_fts
Execution failed on sql 'SELECT sentiment.* FROM  sentiment_fts fts LEFT JOIN sentiment ON fts.rowid = sentiment.id WHERE fts.sentiment_fts MATCH ? ORDER BY fts.rowid DESC LIMIT 1000': no such table: sentiment_fts
Execution failed on sql 'SELECT sentiment.* FROM  sentiment_fts fts LEFT JOIN sentiment ON fts.rowid = sentiment.id WHERE fts.sentiment_fts MATCH ? ORDER BY fts.rowid DESC LIMIT 1000': no such table: sentiment_fts
Execution failed on sql 'SELECT sentiment.* FROM  sentiment_fts fts LEFT JOIN sentiment ON fts.rowid = sentiment.id WHERE fts.sentiment_fts MATCH ? ORDER BY fts.rowid DESC LIMIT 1000': no such table: sentiment_fts
Execution failed on sql 'SELECT sentiment.* FROM  sentiment_fts fts LEFT JOIN sentiment ON fts.rowid = sentiment.id WHERE fts.sentiment_fts MATCH ? ORDER BY fts.rowid DESC LIMIT 1000': no such table: sentiment_fts
Execution failed on sql 'SELECT sentiment.* FROM  sentiment_fts fts LEFT JOIN sentiment ON fts.rowid = sentiment.id WHERE fts.sentiment_fts MATCH ? ORDER BY fts.rowid DESC LIMIT 1000': no such table: sentiment_fts
Execution failed on sql 'SELECT sentiment.* FROM  sentiment_fts fts LEFT JOIN sentiment ON fts.rowid = sentiment.id WHERE fts.sentiment_fts MATCH ? ORDER BY fts.rowid DESC LIMIT 1000': no such table: sentiment_fts
Execution failed on sql 'SELECT sentiment.* FROM  sentiment_fts fts LEFT JOIN sentiment ON fts.rowid = sentiment.id WHERE fts.sentiment_fts MATCH ? ORDER BY fts.rowid DESC LIMIT 1000': no such table: sentiment_fts
Execution failed on sql 'SELECT sentiment.* FROM  sentiment_fts fts LEFT JOIN sentiment ON fts.rowid = sentiment.id WHERE fts.sentiment_fts MATCH ? ORDER BY fts.rowid DESC LIMIT 1000': no such table: sentiment_fts
Execution failed on sql 'SELECT sentiment.* FROM  sentiment_fts fts LEFT JOIN sentiment ON fts.rowid = sentiment.id WHERE fts.sentiment_fts MATCH ? ORDER BY fts.rowid DESC LIMIT 1000': no such table: sentiment_fts
Execution failed on sql 'SELECT sentiment.* FROM  sentiment_fts fts LEFT JOIN sentiment ON fts.rowid = sentiment.id WHERE fts.sentiment_fts MATCH ? ORDER BY fts.rowid DESC LIMIT 1000': no such table: sentiment_fts
Execution failed on sql 'SELECT sentiment.* FROM  sentiment_fts fts LEFT JOIN sentiment ON fts.rowid = sentiment.id WHERE fts.sentiment_fts MATCH ? ORDER BY fts.rowid DESC LIMIT 1000': no such table: sentiment_fts
Execution failed on sql 'SELECT sentiment.* FROM  sentiment_fts fts LEFT JOIN sentiment ON fts.rowid = sentiment.id WHERE fts.sentiment_fts MATCH ? ORDER BY fts.rowid DESC LIMIT 1000': no such table: sentiment_fts
Execution failed on sql 'SELECT sentiment.* FROM  sentiment_fts fts LEFT JOIN sentiment ON fts.rowid = sentiment.id WHERE fts.sentiment_fts MATCH ? ORDER BY fts.rowid DESC LIMIT 1000': no such table: sentiment_fts
Execution failed on sql 'SELECT sentiment.* FROM  sentiment_fts fts LEFT JOIN sentiment ON fts.rowid = sentiment.id WHERE fts.sentiment_fts MATCH ? ORDER BY fts.rowid DESC LIMIT 1000': no such table: sentiment_fts
Execution failed on sql 'SELECT sentiment.* FROM  sentiment_fts fts LEFT JOIN sentiment ON fts.rowid = sentiment.id WHERE fts.sentiment_fts MATCH ? ORDER BY fts.rowid DESC LIMIT 1000': no such table: sentiment_fts
Execution failed on sql 'SELECT sentiment.* FROM  sentiment_fts fts LEFT JOIN sentiment ON fts.rowid = sentiment.id WHERE fts.sentiment_fts MATCH ? ORDER BY fts.rowid DESC LIMIT 1000': no such table: sentiment_fts
Execution failed on sql 'SELECT sentiment.* FROM  sentiment_fts fts LEFT JOIN sentiment ON fts.rowid = sentiment.id WHERE fts.sentiment_fts MATCH ? ORDER BY fts.rowid DESC LIMIT 1000': no such table: sentiment_fts
Execution failed on sql 'SELECT sentiment.* FROM  sentiment_fts fts LEFT JOIN sentiment ON fts.rowid = sentiment.id WHERE fts.sentiment_fts MATCH ? ORDER BY fts.rowid DESC LIMIT 1000': no such table: sentiment_fts
Execution failed on sql 'SELECT sentiment.* FROM  sentiment_fts fts LEFT JOIN sentiment ON fts.rowid = sentiment.id WHERE fts.sentiment_fts MATCH ? ORDER BY fts.rowid DESC LIMIT 1000': no such table: sentiment_fts
Execution failed on sql 'SELECT sentiment.* FROM  sentiment_fts fts LEFT JOIN sentiment ON fts.rowid = sentiment.id WHERE fts.sentiment_fts MATCH ? ORDER BY fts.rowid DESC LIMIT 1000': no such table: sentiment_fts
Execution failed on sql 'SELECT sentiment.* FROM  sentiment_fts fts LEFT JOIN sentiment ON fts.rowid = sentiment.id WHERE fts.sentiment_fts MATCH ? ORDER BY fts.rowid DESC LIMIT 1000': no such table: sentiment_fts
Execution failed on sql 'SELECT sentiment.* FROM  sentiment_fts fts LEFT JOIN sentiment ON fts.rowid = sentiment.id WHERE fts.sentiment_fts MATCH ? ORDER BY fts.rowid DESC LIMIT 1000': no such table: sentiment_fts
Execution failed on sql 'SELECT sentiment.* FROM  sentiment_fts fts LEFT JOIN sentiment ON fts.rowid = sentiment.id WHERE fts.sentiment_fts MATCH ? ORDER BY fts.rowid DESC LIMIT 1000': no such table: sentiment_fts
Execution failed on sql 'SELECT sentiment.* FROM  sentiment_fts fts LEFT JOIN sentiment ON fts.rowid = sentiment.id WHERE fts.sentiment_fts MATCH ? ORDER BY fts.rowid DESC LIMIT 1000': no such table: sentiment_fts
Execution failed on sql 'SELECT sentiment.* FROM  sentiment_fts fts LEFT JOIN sentiment ON fts.rowid = sentiment.id WHERE fts.sentiment_fts MATCH ? ORDER BY fts.rowid DESC LIMIT 1000': no such table: sentiment_fts
Execution failed on sql 'SELECT sentiment.* FROM  sentiment_fts fts LEFT JOIN sentiment ON fts.rowid = sentiment.id WHERE fts.sentiment_fts MATCH ? ORDER BY fts.rowid DESC LIMIT 1000': no such table: sentiment_fts
Execution failed on sql 'SELECT sentiment.* FROM  sentiment_fts fts LEFT JOIN sentiment ON fts.rowid = sentiment.id WHERE fts.sentiment_fts MATCH ? ORDER BY fts.rowid DESC LIMIT 1000': no such table: sentiment_fts
Execution failed on sql 'SELECT sentiment.* FROM  sentiment_fts fts LEFT JOIN sentiment ON fts.rowid = sentiment.id WHERE fts.sentiment_fts MATCH ? ORDER BY fts.rowid DESC LIMIT 1000': no such table: sentiment_fts
Execution failed on sql 'SELECT sentiment.* FROM  sentiment_fts fts LEFT JOIN sentiment ON fts.rowid = sentiment.id WHERE fts.sentiment_fts MATCH ? ORDER BY fts.rowid DESC LIMIT 1000': no such table: sentiment_fts
Execution failed on sql 'SELECT sentiment.* FROM  sentiment_fts fts LEFT JOIN sentiment ON fts.rowid = sentiment.id WHERE fts.sentiment_fts MATCH ? ORDER BY fts.rowid DESC LIMIT 1000': no such table: sentiment_fts
Execution failed on sql 'SELECT sentiment.* FROM  sentiment_fts fts LEFT JOIN sentiment ON fts.rowid = sentiment.id WHERE fts.sentiment_fts MATCH ? ORDER BY fts.rowid DESC LIMIT 1000': no such table: sentiment_fts
Execution failed on sql 'SELECT sentiment.* FROM  sentiment_fts fts LEFT JOIN sentiment ON fts.rowid = sentiment.id WHERE fts.sentiment_fts MATCH ? ORDER BY fts.rowid DESC LIMIT 1000': no such table: sentiment_fts
Execution failed on sql 'SELECT sentiment.* FROM  sentiment_fts fts LEFT JOIN sentiment ON fts.rowid = sentiment.id WHERE fts.sentiment_fts MATCH ? ORDER BY fts.rowid DESC LIMIT 1000': no such table: sentiment_fts
Execution failed on sql 'SELECT sentiment.* FROM  sentiment_fts fts LEFT JOIN sentiment ON fts.rowid = sentiment.id WHERE fts.sentiment_fts MATCH ? ORDER BY fts.rowid DESC LIMIT 1000': no such table: sentiment_fts
Execution failed on sql 'SELECT sentiment.* FROM  sentiment_fts fts LEFT JOIN sentiment ON fts.rowid = sentiment.id WHERE fts.sentiment_fts MATCH ? ORDER BY fts.rowid DESC LIMIT 1000': no such table: sentiment_fts
Execution failed on sql 'SELECT sentiment.* FROM  sentiment_fts fts LEFT JOIN sentiment ON fts.rowid = sentiment.id WHERE fts.sentiment_fts MATCH ? ORDER BY fts.rowid DESC LIMIT 1000': no such table: sentiment_fts
Execution failed on sql 'SELECT sentiment.* FROM  sentiment_fts fts LEFT JOIN sentiment ON fts.rowid = sentiment.id WHERE fts.sentiment_fts MATCH ? ORDER BY fts.rowid DESC LIMIT 1000': no such table: sentiment_fts
Execution failed on sql 'SELECT sentiment.* FROM  sentiment_fts fts LEFT JOIN sentiment ON fts.rowid = sentiment.id WHERE fts.sentiment_fts MATCH ? ORDER BY fts.rowid DESC LIMIT 1000': no such table: sentiment_fts
Execution failed on sql 'SELECT sentiment.* FROM  sentiment_fts fts LEFT JOIN sentiment ON fts.rowid = sentiment.id WHERE fts.sentiment_fts MATCH ? ORDER BY fts.rowid DESC LIMIT 1000': no such table: sentiment_fts
Execution failed on sql 'SELECT sentiment.* FROM  sentiment_fts fts LEFT JOIN sentiment ON fts.rowid = sentiment.id WHERE fts.sentiment_fts MATCH ? ORDER BY fts.rowid DESC LIMIT 1000': no such table: sentiment_fts
Execution failed on sql 'SELECT sentiment.* FROM  sentiment_fts fts LEFT JOIN sentiment ON fts.rowid = sentiment.id WHERE fts.sentiment_fts MATCH ? ORDER BY fts.rowid DESC LIMIT 1000': no such table: sentiment_fts
Execution failed on sql 'SELECT sentiment.* FROM  sentiment_fts fts LEFT JOIN sentiment ON fts.rowid = sentiment.id WHERE fts.sentiment_fts MATCH ? ORDER BY fts.rowid DESC LIMIT 1000': no such table: sentiment_fts
Execution failed on sql 'SELECT sentiment.* FROM  sentiment_fts fts LEFT JOIN sentiment ON fts.rowid = sentiment.id WHERE fts.sentiment_fts MATCH ? ORDER BY fts.rowid DESC LIMIT 1000': no such table: sentiment_fts
Execution failed on sql 'SELECT sentiment.* FROM  sentiment_fts fts LEFT JOIN sentiment ON fts.rowid = sentiment.id WHERE fts.sentiment_fts MATCH ? ORDER BY fts.rowid DESC LIMIT 1000': no such table: sentiment_fts
Execution failed on sql 'SELECT sentiment.* FROM  sentiment_fts fts LEFT JOIN sentiment ON fts.rowid = sentiment.id WHERE fts.sentiment_fts MATCH ? ORDER BY fts.rowid DESC LIMIT 1000': no such table: sentiment_fts
Execution failed on sql 'SELECT sentiment.* FROM  sentiment_fts fts LEFT JOIN sentiment ON fts.rowid = sentiment.id WHERE fts.sentiment_fts MATCH ? ORDER BY fts.rowid DESC LIMIT 1000': no such table: sentiment_fts
Execution failed on sql 'SELECT sentiment.* FROM  sentiment_fts fts LEFT JOIN sentiment ON fts.rowid = sentiment.id WHERE fts.sentiment_fts MATCH ? ORDER BY fts.rowid DESC LIMIT 1000': no such table: sentiment_fts
Execution failed on sql 'SELECT sentiment.* FROM  sentiment_fts fts LEFT JOIN sentiment ON fts.rowid = sentiment.id WHERE fts.sentiment_fts MATCH ? ORDER BY fts.rowid DESC LIMIT 1000': no such table: sentiment_fts
Execution failed on sql 'SELECT sentiment.* FROM  sentiment_fts fts LEFT JOIN sentiment ON fts.rowid = sentiment.id WHERE fts.sentiment_fts MATCH ? ORDER BY fts.rowid DESC LIMIT 1000': no such table: sentiment_fts
Execution failed on sql 'SELECT sentiment.* FROM  sentiment_fts fts LEFT JOIN sentiment ON fts.rowid = sentiment.id WHERE fts.sentiment_fts MATCH ? ORDER BY fts.rowid DESC LIMIT 1000': no such table: sentiment_fts
Execution failed on sql 'SELECT sentiment.* FROM  sentiment_fts fts LEFT JOIN sentiment ON fts.rowid = sentiment.id WHERE fts.sentiment_fts MATCH ? ORDER BY fts.rowid DESC LIMIT 1000': no such table: sentiment_fts
Execution failed on sql 'SELECT sentiment.* FROM  sentiment_fts fts LEFT JOIN sentiment ON fts.rowid = sentiment.id WHERE fts.sentiment_fts MATCH ? ORDER BY fts.rowid DESC LIMIT 1000': no such table: sentiment_fts
Execution failed on sql 'SELECT sentiment.* FROM  sentiment_fts fts LEFT JOIN sentiment ON fts.rowid = sentiment.id WHERE fts.sentiment_fts MATCH ? ORDER BY fts.rowid DESC LIMIT 1000': no such table: sentiment_fts
Execution failed on sql 'SELECT sentiment.* FROM  sentiment_fts fts LEFT JOIN sentiment ON fts.rowid = sentiment.id WHERE fts.sentiment_fts MATCH ? ORDER BY fts.rowid DESC LIMIT 1000': no such table: sentiment_fts
Execution failed on sql 'SELECT sentiment.* FROM  sentiment_fts fts LEFT JOIN sentiment ON fts.rowid = sentiment.id WHERE fts.sentiment_fts MATCH ? ORDER BY fts.rowid DESC LIMIT 1000': no such table: sentiment_fts
Execution failed on sql 'SELECT sentiment.* FROM  sentiment_fts fts LEFT JOIN sentiment ON fts.rowid = sentiment.id WHERE fts.sentiment_fts MATCH ? ORDER BY fts.rowid DESC LIMIT 1000': no such table: sentiment_fts
Execution failed on sql 'SELECT sentiment.* FROM  sentiment_fts fts LEFT JOIN sentiment ON fts.rowid = sentiment.id WHERE fts.sentiment_fts MATCH ? ORDER BY fts.rowid DESC LIMIT 1000': no such table: sentiment_fts
Execution failed on sql 'SELECT sentiment.* FROM  sentiment_fts fts LEFT JOIN sentiment ON fts.rowid = sentiment.id WHERE fts.sentiment_fts MATCH ? ORDER BY fts.rowid DESC LIMIT 1000': no such table: sentiment_fts
Execution failed on sql 'SELECT sentiment.* FROM  sentiment_fts fts LEFT JOIN sentiment ON fts.rowid = sentiment.id WHERE fts.sentiment_fts MATCH ? ORDER BY fts.rowid DESC LIMIT 1000': no such table: sentiment_fts
Execution failed on sql 'SELECT sentiment.* FROM  sentiment_fts fts LEFT JOIN sentiment ON fts.rowid = sentiment.id WHERE fts.sentiment_fts MATCH ? ORDER BY fts.rowid DESC LIMIT 1000': no such table: sentiment_fts
Execution failed on sql 'SELECT sentiment.* FROM  sentiment_fts fts LEFT JOIN sentiment ON fts.rowid = sentiment.id WHERE fts.sentiment_fts MATCH ? ORDER BY fts.rowid DESC LIMIT 1000': no such table: sentiment_fts
Execution failed on sql 'SELECT sentiment.* FROM  sentiment_fts fts LEFT JOIN sentiment ON fts.rowid = sentiment.id WHERE fts.sentiment_fts MATCH ? ORDER BY fts.rowid DESC LIMIT 1000': no such table: sentiment_fts
Execution failed on sql 'SELECT sentiment.* FROM  sentiment_fts fts LEFT JOIN sentiment ON fts.rowid = sentiment.id WHERE fts.sentiment_fts MATCH ? ORDER BY fts.rowid DESC LIMIT 1000': no such table: sentiment_fts
Execution failed on sql 'SELECT sentiment.* FROM  sentiment_fts fts LEFT JOIN sentiment ON fts.rowid = sentiment.id WHERE fts.sentiment_fts MATCH ? ORDER BY fts.rowid DESC LIMIT 1000': no such table: sentiment_fts
Execution failed on sql 'SELECT sentiment.* FROM  sentiment_fts fts LEFT JOIN sentiment ON fts.rowid = sentiment.id WHERE fts.sentiment_fts MATCH ? ORDER BY fts.rowid DESC LIMIT 1000': no such table: sentiment_fts
Execution failed on sql 'SELECT sentiment.* FROM  sentiment_fts fts LEFT JOIN sentiment ON fts.rowid = sentiment.id WHERE fts.sentiment_fts MATCH ? ORDER BY fts.rowid DESC LIMIT 1000': no such table: sentiment_fts
Execution failed on sql 'SELECT sentiment.* FROM  sentiment_fts fts LEFT JOIN sentiment ON fts.rowid = sentiment.id WHERE fts.sentiment_fts MATCH ? ORDER BY fts.rowid DESC LIMIT 1000': no such table: sentiment_fts
Execution failed on sql 'SELECT sentiment.* FROM  sentiment_fts fts LEFT JOIN sentiment ON fts.rowid = sentiment.id WHERE fts.sentiment_fts MATCH ? ORDER BY fts.rowid DESC LIMIT 1000': no such table: sentiment_fts
Execution failed on sql 'SELECT sentiment.* FROM  sentiment_fts fts LEFT JOIN sentiment ON fts.rowid = sentiment.id WHERE fts.sentiment_fts MATCH ? ORDER BY fts.rowid DESC LIMIT 1000': no such table: sentiment_fts
Execution failed on sql 'SELECT sentiment.* FROM  sentiment_fts fts LEFT JOIN sentiment ON fts.rowid = sentiment.id WHERE fts.sentiment_fts MATCH ? ORDER BY fts.rowid DESC LIMIT 1000': no such table: sentiment_fts
Execution failed on sql 'SELECT sentiment.* FROM  sentiment_fts fts LEFT JOIN sentiment ON fts.rowid = sentiment.id WHERE fts.sentiment_fts MATCH ? ORDER BY fts.rowid DESC LIMIT 1000': no such table: sentiment_fts
Execution failed on sql 'SELECT sentiment.* FROM  sentiment_fts fts LEFT JOIN sentiment ON fts.rowid = sentiment.id WHERE fts.sentiment_fts MATCH ? ORDER BY fts.rowid DESC LIMIT 1000': no such table: sentiment_fts
Execution failed on sql 'SELECT sentiment.* FROM  sentiment_fts fts LEFT JOIN sentiment ON fts.rowid = sentiment.id WHERE fts.sentiment_fts MATCH ? ORDER BY fts.rowid DESC LIMIT 1000': no such table: sentiment_fts
Execution failed on sql 'SELECT sentiment.* FROM  sentiment_fts fts LEFT JOIN sentiment ON fts.rowid = sentiment.id WHERE fts.sentiment_fts MATCH ? ORDER BY fts.rowid DESC LIMIT 1000': no such table: sentiment_fts
Execution failed on sql 'SELECT sentiment.* FROM  sentiment_fts fts LEFT JOIN sentiment ON fts.rowid = sentiment.id WHERE fts.sentiment_fts MATCH ? ORDER BY fts.rowid DESC LIMIT 1000': no such table: sentiment_fts
Execution failed on sql 'SELECT sentiment.* FROM  sentiment_fts fts LEFT JOIN sentiment ON fts.rowid = sentiment.id WHERE fts.sentiment_fts MATCH ? ORDER BY fts.rowid DESC LIMIT 1000': no such table: sentiment_fts
Execution failed on sql 'SELECT sentiment.* FROM  sentiment_fts fts LEFT JOIN sentiment ON fts.rowid = sentiment.id WHERE fts.sentiment_fts MATCH ? ORDER BY fts.rowid DESC LIMIT 1000': no such table: sentiment_fts
Execution failed on sql 'SELECT sentiment.* FROM  sentiment_fts fts LEFT JOIN sentiment ON fts.rowid = sentiment.id WHERE fts.sentiment_fts MATCH ? ORDER BY fts.rowid DESC LIMIT 1000': no such table: sentiment_fts
Execution failed on sql 'SELECT sentiment.* FROM  sentiment_fts fts LEFT JOIN sentiment ON fts.rowid = sentiment.id WHERE fts.sentiment_fts MATCH ? ORDER BY fts.rowid DESC LIMIT 1000': no such table: sentiment_fts
Execution failed on sql 'SELECT sentiment.* FROM  sentiment_fts fts LEFT JOIN sentiment ON fts.rowid = sentiment.id WHERE fts.sentiment_fts MATCH ? ORDER BY fts.rowid DESC LIMIT 1000': no such table: sentiment_fts
Execution failed on sql 'SELECT sentiment.* FROM  sentiment_fts fts LEFT JOIN sentiment ON fts.rowid = sentiment.id WHERE fts.sentiment_fts MATCH ? ORDER BY fts.rowid DESC LIMIT 1000': no such table: sentiment_fts
Execution failed on sql 'SELECT sentiment.* FROM  sentiment_fts fts LEFT JOIN sentiment ON fts.rowid = sentiment.id WHERE fts.sentiment_fts MATCH ? ORDER BY fts.rowid DESC LIMIT 1000': no such table: sentiment_fts
Execution failed on sql 'SELECT sentiment.* FROM  sentiment_fts fts LEFT JOIN sentiment ON fts.rowid = sentiment.id WHERE fts.sentiment_fts MATCH ? ORDER BY fts.rowid DESC LIMIT 1000': no such table: sentiment_fts
Execution failed on sql 'SELECT sentiment.* FROM  sentiment_fts fts LEFT JOIN sentiment ON fts.rowid = sentiment.id WHERE fts.sentiment_fts MATCH ? ORDER BY fts.rowid DESC LIMIT 1000': no such table: sentiment_fts
Execution failed on sql 'SELECT sentiment.* FROM  sentiment_fts fts LEFT JOIN sentiment ON fts.rowid = sentiment.id WHERE fts.sentiment_fts MATCH ? ORDER BY fts.rowid DESC LIMIT 1000': no such table: sentiment_fts
Execution failed on sql 'SELECT sentiment.* FROM  sentiment_fts fts LEFT JOIN sentiment ON fts.rowid = sentiment.id WHERE fts.sentiment_fts MATCH ? ORDER BY fts.rowid DESC LIMIT 1000': no such table: sentiment_fts
Execution failed on sql 'SELECT sentiment.* FROM  sentiment_fts fts LEFT JOIN sentiment ON fts.rowid = sentiment.id WHERE fts.sentiment_fts MATCH ? ORDER BY fts.rowid DESC LIMIT 1000': no such table: sentiment_fts
Execution failed on sql 'SELECT sentiment.* FROM  sentiment_fts fts LEFT JOIN sentiment ON fts.rowid = sentiment.id WHERE fts.sentiment_fts MATCH ? ORDER BY fts.rowid DESC LIMIT 1000': no such table: sentiment_fts
Execution failed on sql 'SELECT sentiment.* FROM  sentiment_fts fts LEFT JOIN sentiment ON fts.rowid = sentiment.id WHERE fts.sentiment_fts MATCH ? ORDER BY fts.rowid DESC LIMIT 1000': no such table: sentiment_fts
Execution failed on sql 'SELECT sentiment.* FROM  sentiment_fts fts LEFT JOIN sentiment ON fts.rowid = sentiment.id WHERE fts.sentiment_fts MATCH ? ORDER BY fts.rowid DESC LIMIT 1000': no such table: sentiment_fts
Execution failed on sql 'SELECT sentiment.* FROM  sentiment_fts fts LEFT JOIN sentiment ON fts.rowid = sentiment.id WHERE fts.sentiment_fts MATCH ? ORDER BY fts.rowid DESC LIMIT 1000': no such table: sentiment_fts
Execution failed on sql 'SELECT sentiment.* FROM  sentiment_fts fts LEFT JOIN sentiment ON fts.rowid = sentiment.id WHERE fts.sentiment_fts MATCH ? ORDER BY fts.rowid DESC LIMIT 1000': no such table: sentiment_fts
Execution failed on sql 'SELECT sentiment.* FROM  sentiment_fts fts LEFT JOIN sentiment ON fts.rowid = sentiment.id WHERE fts.sentiment_fts MATCH ? ORDER BY fts.rowid DESC LIMIT 1000': no such table: sentiment_fts
Execution failed on sql 'SELECT sentiment.* FROM  sentiment_fts fts LEFT JOIN sentiment ON fts.rowid = sentiment.id WHERE fts.sentiment_fts MATCH ? ORDER BY fts.rowid DESC LIMIT 1000': no such table: sentiment_fts
Execution failed on sql 'SELECT sentiment.* FROM  sentiment_fts fts LEFT JOIN sentiment ON fts.rowid = sentiment.id WHERE fts.sentiment_fts MATCH ? ORDER BY fts.rowid DESC LIMIT 1000': no such table: sentiment_fts
Execution failed on sql 'SELECT sentiment.* FROM  sentiment_fts fts LEFT JOIN sentiment ON fts.rowid = sentiment.id WHERE fts.sentiment_fts MATCH ? ORDER BY fts.rowid DESC LIMIT 1000': no such table: sentiment_fts
Execution failed on sql 'SELECT sentiment.* FROM  sentiment_fts fts LEFT JOIN sentiment ON fts.rowid = sentiment.id WHERE fts.sentiment_fts MATCH ? ORDER BY fts.rowid DESC LIMIT 1000': no such table: sentiment_fts
Execution failed on sql 'SELECT sentiment.* FROM  sentiment_fts fts LEFT JOIN sentiment ON fts.rowid = sentiment.id WHERE fts.sentiment_fts MATCH ? ORDER BY fts.rowid DESC LIMIT 1000': no such table: sentiment_fts
Execution failed on sql 'SELECT sentiment.* FROM  sentiment_fts fts LEFT JOIN sentiment ON fts.rowid = sentiment.id WHERE fts.sentiment_fts MATCH ? ORDER BY fts.rowid DESC LIMIT 1000': no such table: sentiment_fts
Execution failed on sql 'SELECT sentiment.* FROM  sentiment_fts fts LEFT JOIN sentiment ON fts.rowid = sentiment.id WHERE fts.sentiment_fts MATCH ? ORDER BY fts.rowid DESC LIMIT 1000': no such table: sentiment_fts
Execution failed on sql 'SELECT sentiment.* FROM  sentiment_fts fts LEFT JOIN sentiment ON fts.rowid = sentiment.id WHERE fts.sentiment_fts MATCH ? ORDER BY fts.rowid DESC LIMIT 1000': no such table: sentiment_fts
Execution failed on sql 'SELECT sentiment.* FROM  sentiment_fts fts LEFT JOIN sentiment ON fts.rowid = sentiment.id WHERE fts.sentiment_fts MATCH ? ORDER BY fts.rowid DESC LIMIT 1000': no such table: sentiment_fts
Execution failed on sql 'SELECT sentiment.* FROM  sentiment_fts fts LEFT JOIN sentiment ON fts.rowid = sentiment.id WHERE fts.sentiment_fts MATCH ? ORDER BY fts.rowid DESC LIMIT 1000': no such table: sentiment_fts
Execution failed on sql 'SELECT sentiment.* FROM  sentiment_fts fts LEFT JOIN sentiment ON fts.rowid = sentiment.id WHERE fts.sentiment_fts MATCH ? ORDER BY fts.rowid DESC LIMIT 1000': no such table: sentiment_fts
Execution failed on sql 'SELECT sentiment.* FROM  sentiment_fts fts LEFT JOIN sentiment ON fts.rowid = sentiment.id WHERE fts.sentiment_fts MATCH ? ORDER BY fts.rowid DESC LIMIT 1000': no such table: sentiment_fts
Execution failed on sql 'SELECT sentiment.* FROM  sentiment_fts fts LEFT JOIN sentiment ON fts.rowid = sentiment.id WHERE fts.sentiment_fts MATCH ? ORDER BY fts.rowid DESC LIMIT 1000': no such table: sentiment_fts
Execution failed on sql 'SELECT sentiment.* FROM  sentiment_fts fts LEFT JOIN sentiment ON fts.rowid = sentiment.id WHERE fts.sentiment_fts MATCH ? ORDER BY fts.rowid DESC LIMIT 1000': no such table: sentiment_fts
Execution failed on sql 'SELECT sentiment.* FROM  sentiment_fts fts LEFT JOIN sentiment ON fts.rowid = sentiment.id WHERE fts.sentiment_fts MATCH ? ORDER BY fts.rowid DESC LIMIT 1000': no such table: sentiment_fts
Execution failed on sql 'SELECT sentiment.* FROM  sentiment_fts fts LEFT JOIN sentiment ON fts.rowid = sentiment.id WHERE fts.sentiment_fts MATCH ? ORDER BY fts.rowid DESC LIMIT 1000': no such table: sentiment_fts
Execution failed on sql 'SELECT sentiment.* FROM  sentiment_fts fts LEFT JOIN sentiment ON fts.rowid = sentiment.id WHERE fts.sentiment_fts MATCH ? ORDER BY fts.rowid DESC LIMIT 1000': no such table: sentiment_fts
Execution failed on sql 'SELECT sentiment.* FROM  sentiment_fts fts LEFT JOIN sentiment ON fts.rowid = sentiment.id WHERE fts.sentiment_fts MATCH ? ORDER BY fts.rowid DESC LIMIT 1000': no such table: sentiment_fts
Execution failed on sql 'SELECT sentiment.* FROM  sentiment_fts fts LEFT JOIN sentiment ON fts.rowid = sentiment.id WHERE fts.sentiment_fts MATCH ? ORDER BY fts.rowid DESC LIMIT 1000': no such table: sentiment_fts
Execution failed on sql 'SELECT sentiment.* FROM  sentiment_fts fts LEFT JOIN sentiment ON fts.rowid = sentiment.id WHERE fts.sentiment_fts MATCH ? ORDER BY fts.rowid DESC LIMIT 1000': no such table: sentiment_fts
Execution failed on sql 'SELECT sentiment.* FROM  sentiment_fts fts LEFT JOIN sentiment ON fts.rowid = sentiment.id WHERE fts.sentiment_fts MATCH ? ORDER BY fts.rowid DESC LIMIT 1000': no such table: sentiment_fts
Execution failed on sql 'SELECT sentiment.* FROM  sentiment_fts fts LEFT JOIN sentiment ON fts.rowid = sentiment.id WHERE fts.sentiment_fts MATCH ? ORDER BY fts.rowid DESC LIMIT 1000': no such table: sentiment_fts
Execution failed on sql 'SELECT sentiment.* FROM  sentiment_fts fts LEFT JOIN sentiment ON fts.rowid = sentiment.id WHERE fts.sentiment_fts MATCH ? ORDER BY fts.rowid DESC LIMIT 1000': no such table: sentiment_fts
Execution failed on sql 'SELECT sentiment.* FROM  sentiment_fts fts LEFT JOIN sentiment ON fts.rowid = sentiment.id WHERE fts.sentiment_fts MATCH ? ORDER BY fts.rowid DESC LIMIT 1000': no such table: sentiment_fts
Execution failed on sql 'SELECT sentiment.* FROM  sentiment_fts fts LEFT JOIN sentiment ON fts.rowid = sentiment.id WHERE fts.sentiment_fts MATCH ? ORDER BY fts.rowid DESC LIMIT 1000': no such table: sentiment_fts
Execution failed on sql 'SELECT sentiment.* FROM  sentiment_fts fts LEFT JOIN sentiment ON fts.rowid = sentiment.id WHERE fts.sentiment_fts MATCH ? ORDER BY fts.rowid DESC LIMIT 1000': no such table: sentiment_fts
Execution failed on sql 'SELECT sentiment.* FROM  sentiment_fts fts LEFT JOIN sentiment ON fts.rowid = sentiment.id WHERE fts.sentiment_fts MATCH ? ORDER BY fts.rowid DESC LIMIT 1000': no such table: sentiment_fts
Execution failed on sql 'SELECT sentiment.* FROM  sentiment_fts fts LEFT JOIN sentiment ON fts.rowid = sentiment.id WHERE fts.sentiment_fts MATCH ? ORDER BY fts.rowid DESC LIMIT 1000': no such table: sentiment_fts
Execution failed on sql 'SELECT sentiment.* FROM  sentiment_fts fts LEFT JOIN sentiment ON fts.rowid = sentiment.id WHERE fts.sentiment_fts MATCH ? ORDER BY fts.rowid DESC LIMIT 1000': no such table: sentiment_fts
Execution failed on sql 'SELECT sentiment.* FROM  sentiment_fts fts LEFT JOIN sentiment ON fts.rowid = sentiment.id WHERE fts.sentiment_fts MATCH ? ORDER BY fts.rowid DESC LIMIT 1000': no such table: sentiment_fts
Execution failed on sql 'SELECT sentiment.* FROM  sentiment_fts fts LEFT JOIN sentiment ON fts.rowid = sentiment.id WHERE fts.sentiment_fts MATCH ? ORDER BY fts.rowid DESC LIMIT 1000': no such table: sentiment_fts
Execution failed on sql 'SELECT sentiment.* FROM  sentiment_fts fts LEFT JOIN sentiment ON fts.rowid = sentiment.id WHERE fts.sentiment_fts MATCH ? ORDER BY fts.rowid DESC LIMIT 1000': no such table: sentiment_fts
Execution failed on sql 'SELECT sentiment.* FROM  sentiment_fts fts LEFT JOIN sentiment ON fts.rowid = sentiment.id WHERE fts.sentiment_fts MATCH ? ORDER BY fts.rowid DESC LIMIT 1000': no such table: sentiment_fts
Execution failed on sql 'SELECT sentiment.* FROM  sentiment_fts fts LEFT JOIN sentiment ON fts.rowid = sentiment.id WHERE fts.sentiment_fts MATCH ? ORDER BY fts.rowid DESC LIMIT 1000': no such table: sentiment_fts
Execution failed on sql 'SELECT sentiment.* FROM  sentiment_fts fts LEFT JOIN sentiment ON fts.rowid = sentiment.id WHERE fts.sentiment_fts MATCH ? ORDER BY fts.rowid DESC LIMIT 1000': no such table: sentiment_fts
Execution failed on sql 'SELECT sentiment.* FROM  sentiment_fts fts LEFT JOIN sentiment ON fts.rowid = sentiment.id WHERE fts.sentiment_fts MATCH ? ORDER BY fts.rowid DESC LIMIT 1000': no such table: sentiment_fts
Execution failed on sql 'SELECT sentiment.* FROM  sentiment_fts fts LEFT JOIN sentiment ON fts.rowid = sentiment.id WHERE fts.sentiment_fts MATCH ? ORDER BY fts.rowid DESC LIMIT 1000': no such table: sentiment_fts
Execution failed on sql 'SELECT sentiment.* FROM  sentiment_fts fts LEFT JOIN sentiment ON fts.rowid = sentiment.id WHERE fts.sentiment_fts MATCH ? ORDER BY fts.rowid DESC LIMIT 1000': no such table: sentiment_fts
Execution failed on sql 'SELECT sentiment.* FROM  sentiment_fts fts LEFT JOIN sentiment ON fts.rowid = sentiment.id WHERE fts.sentiment_fts MATCH ? ORDER BY fts.rowid DESC LIMIT 1000': no such table: sentiment_fts
Execution failed on sql 'SELECT sentiment.* FROM  sentiment_fts fts LEFT JOIN sentiment ON fts.rowid = sentiment.id WHERE fts.sentiment_fts MATCH ? ORDER BY fts.rowid DESC LIMIT 1000': no such table: sentiment_fts
Execution failed on sql 'SELECT sentiment.* FROM  sentiment_fts fts LEFT JOIN sentiment ON fts.rowid = sentiment.id WHERE fts.sentiment_fts MATCH ? ORDER BY fts.rowid DESC LIMIT 1000': no such table: sentiment_fts
Execution failed on sql 'SELECT sentiment.* FROM  sentiment_fts fts LEFT JOIN sentiment ON fts.rowid = sentiment.id WHERE fts.sentiment_fts MATCH ? ORDER BY fts.rowid DESC LIMIT 1000': no such table: sentiment_fts
Execution failed on sql 'SELECT sentiment.* FROM  sentiment_fts fts LEFT JOIN sentiment ON fts.rowid = sentiment.id WHERE fts.sentiment_fts MATCH ? ORDER BY fts.rowid DESC LIMIT 1000': no such table: sentiment_fts
Execution failed on sql 'SELECT sentiment.* FROM  sentiment_fts fts LEFT JOIN sentiment ON fts.rowid = sentiment.id WHERE fts.sentiment_fts MATCH ? ORDER BY fts.rowid DESC LIMIT 1000': no such table: sentiment_fts
Execution failed on sql 'SELECT sentiment.* FROM  sentiment_fts fts LEFT JOIN sentiment ON fts.rowid = sentiment.id WHERE fts.sentiment_fts MATCH ? ORDER BY fts.rowid DESC LIMIT 1000': no such table: sentiment_fts
Execution failed on sql 'SELECT sentiment.* FROM  sentiment_fts fts LEFT JOIN sentiment ON fts.rowid = sentiment.id WHERE fts.sentiment_fts MATCH ? ORDER BY fts.rowid DESC LIMIT 1000': no such table: sentiment_fts
Execution failed on sql 'SELECT sentiment.* FROM  sentiment_fts fts LEFT JOIN sentiment ON fts.rowid = sentiment.id WHERE fts.sentiment_fts MATCH ? ORDER BY fts.rowid DESC LIMIT 1000': no such table: sentiment_fts
Execution failed on sql 'SELECT sentiment.* FROM  sentiment_fts fts LEFT JOIN sentiment ON fts.rowid = sentiment.id WHERE fts.sentiment_fts MATCH ? ORDER BY fts.rowid DESC LIMIT 1000': no such table: sentiment_fts
Execution failed on sql 'SELECT sentiment.* FROM  sentiment_fts fts LEFT JOIN sentiment ON fts.rowid = sentiment.id WHERE fts.sentiment_fts MATCH ? ORDER BY fts.rowid DESC LIMIT 1000': no such table: sentiment_fts
Execution failed on sql 'SELECT sentiment.* FROM  sentiment_fts fts LEFT JOIN sentiment ON fts.rowid = sentiment.id WHERE fts.sentiment_fts MATCH ? ORDER BY fts.rowid DESC LIMIT 1000': no such table: sentiment_fts
Execution failed on sql 'SELECT sentiment.* FROM  sentiment_fts fts LEFT JOIN sentiment ON fts.rowid = sentiment.id WHERE fts.sentiment_fts MATCH ? ORDER BY fts.rowid DESC LIMIT 1000': no such table: sentiment_fts
Execution failed on sql 'SELECT sentiment.* FROM  sentiment_fts fts LEFT JOIN sentiment ON fts.rowid = sentiment.id WHERE fts.sentiment_fts MATCH ? ORDER BY fts.rowid DESC LIMIT 1000': no such table: sentiment_fts
Execution failed on sql 'SELECT sentiment.* FROM  sentiment_fts fts LEFT JOIN sentiment ON fts.rowid = sentiment.id WHERE fts.sentiment_fts MATCH ? ORDER BY fts.rowid DESC LIMIT 1000': no such table: sentiment_fts
Execution failed on sql 'SELECT sentiment.* FROM  sentiment_fts fts LEFT JOIN sentiment ON fts.rowid = sentiment.id WHERE fts.sentiment_fts MATCH ? ORDER BY fts.rowid DESC LIMIT 1000': no such table: sentiment_fts
Execution failed on sql 'SELECT sentiment.* FROM  sentiment_fts fts LEFT JOIN sentiment ON fts.rowid = sentiment.id WHERE fts.sentiment_fts MATCH ? ORDER BY fts.rowid DESC LIMIT 1000': no such table: sentiment_fts
Execution failed on sql 'SELECT sentiment.* FROM  sentiment_fts fts LEFT JOIN sentiment ON fts.rowid = sentiment.id WHERE fts.sentiment_fts MATCH ? ORDER BY fts.rowid DESC LIMIT 1000': no such table: sentiment_fts
Execution failed on sql 'SELECT sentiment.* FROM  sentiment_fts fts LEFT JOIN sentiment ON fts.rowid = sentiment.id WHERE fts.sentiment_fts MATCH ? ORDER BY fts.rowid DESC LIMIT 1000': no such table: sentiment_fts
Execution failed on sql 'SELECT sentiment.* FROM  sentiment_fts fts LEFT JOIN sentiment ON fts.rowid = sentiment.id WHERE fts.sentiment_fts MATCH ? ORDER BY fts.rowid DESC LIMIT 1000': no such table: sentiment_fts
Execution failed on sql 'SELECT sentiment.* FROM  sentiment_fts fts LEFT JOIN sentiment ON fts.rowid = sentiment.id WHERE fts.sentiment_fts MATCH ? ORDER BY fts.rowid DESC LIMIT 1000': no such table: sentiment_fts
Execution failed on sql 'SELECT sentiment.* FROM  sentiment_fts fts LEFT JOIN sentiment ON fts.rowid = sentiment.id WHERE fts.sentiment_fts MATCH ? ORDER BY fts.rowid DESC LIMIT 1000': no such table: sentiment_fts
Execution failed on sql 'SELECT sentiment.* FROM  sentiment_fts fts LEFT JOIN sentiment ON fts.rowid = sentiment.id WHERE fts.sentiment_fts MATCH ? ORDER BY fts.rowid DESC LIMIT 1000': no such table: sentiment_fts
Execution failed on sql 'SELECT sentiment.* FROM  sentiment_fts fts LEFT JOIN sentiment ON fts.rowid = sentiment.id WHERE fts.sentiment_fts MATCH ? ORDER BY fts.rowid DESC LIMIT 1000': no such table: sentiment_fts
Execution failed on sql 'SELECT sentiment.* FROM  sentiment_fts fts LEFT JOIN sentiment ON fts.rowid = sentiment.id WHERE fts.sentiment_fts MATCH ? ORDER BY fts.rowid DESC LIMIT 1000': no such table: sentiment_fts
Execution failed on sql 'SELECT sentiment.* FROM  sentiment_fts fts LEFT JOIN sentiment ON fts.rowid = sentiment.id WHERE fts.sentiment_fts MATCH ? ORDER BY fts.rowid DESC LIMIT 1000': no such table: sentiment_fts
Execution failed on sql 'SELECT sentiment.* FROM  sentiment_fts fts LEFT JOIN sentiment ON fts.rowid = sentiment.id WHERE fts.sentiment_fts MATCH ? ORDER BY fts.rowid DESC LIMIT 1000': no such table: sentiment_fts
Execution failed on sql 'SELECT sentiment.* FROM  sentiment_fts fts LEFT JOIN sentiment ON fts.rowid = sentiment.id WHERE fts.sentiment_fts MATCH ? ORDER BY fts.rowid DESC LIMIT 1000': no such table: sentiment_fts
Execution failed on sql 'SELECT sentiment.* FROM  sentiment_fts fts LEFT JOIN sentiment ON fts.rowid = sentiment.id WHERE fts.sentiment_fts MATCH ? ORDER BY fts.rowid DESC LIMIT 1000': no such table: sentiment_fts
Execution failed on sql 'SELECT sentiment.* FROM  sentiment_fts fts LEFT JOIN sentiment ON fts.rowid = sentiment.id WHERE fts.sentiment_fts MATCH ? ORDER BY fts.rowid DESC LIMIT 1000': no such table: sentiment_fts
Execution failed on sql 'SELECT sentiment.* FROM  sentiment_fts fts LEFT JOIN sentiment ON fts.rowid = sentiment.id WHERE fts.sentiment_fts MATCH ? ORDER BY fts.rowid DESC LIMIT 1000': no such table: sentiment_fts
Execution failed on sql 'SELECT sentiment.* FROM  sentiment_fts fts LEFT JOIN sentiment ON fts.rowid = sentiment.id WHERE fts.sentiment_fts MATCH ? ORDER BY fts.rowid DESC LIMIT 1000': no such table: sentiment_fts
Execution failed on sql 'SELECT sentiment.* FROM  sentiment_fts fts LEFT JOIN sentiment ON fts.rowid = sentiment.id WHERE fts.sentiment_fts MATCH ? ORDER BY fts.rowid DESC LIMIT 1000': no such table: sentiment_fts
Execution failed on sql 'SELECT sentiment.* FROM  sentiment_fts fts LEFT JOIN sentiment ON fts.rowid = sentiment.id WHERE fts.sentiment_fts MATCH ? ORDER BY fts.rowid DESC LIMIT 1000': no such table: sentiment_fts
Execution failed on sql 'SELECT sentiment.* FROM  sentiment_fts fts LEFT JOIN sentiment ON fts.rowid = sentiment.id WHERE fts.sentiment_fts MATCH ? ORDER BY fts.rowid DESC LIMIT 1000': no such table: sentiment_fts
Execution failed on sql 'SELECT sentiment.* FROM  sentiment_fts fts LEFT JOIN sentiment ON fts.rowid = sentiment.id WHERE fts.sentiment_fts MATCH ? ORDER BY fts.rowid DESC LIMIT 1000': no such table: sentiment_fts
Execution failed on sql 'SELECT sentiment.* FROM  sentiment_fts fts LEFT JOIN sentiment ON fts.rowid = sentiment.id WHERE fts.sentiment_fts MATCH ? ORDER BY fts.rowid DESC LIMIT 1000': no such table: sentiment_fts
Execution failed on sql 'SELECT sentiment.* FROM  sentiment_fts fts LEFT JOIN sentiment ON fts.rowid = sentiment.id WHERE fts.sentiment_fts MATCH ? ORDER BY fts.rowid DESC LIMIT 1000': no such table: sentiment_fts
Execution failed on sql 'SELECT sentiment.* FROM  sentiment_fts fts LEFT JOIN sentiment ON fts.rowid = sentiment.id WHERE fts.sentiment_fts MATCH ? ORDER BY fts.rowid DESC LIMIT 1000': no such table: sentiment_fts
Execution failed on sql 'SELECT sentiment.* FROM  sentiment_fts fts LEFT JOIN sentiment ON fts.rowid = sentiment.id WHERE fts.sentiment_fts MATCH ? ORDER BY fts.rowid DESC LIMIT 1000': no such table: sentiment_fts
Execution failed on sql 'SELECT sentiment.* FROM  sentiment_fts fts LEFT JOIN sentiment ON fts.rowid = sentiment.id WHERE fts.sentiment_fts MATCH ? ORDER BY fts.rowid DESC LIMIT 1000': no such table: sentiment_fts
Execution failed on sql 'SELECT sentiment.* FROM  sentiment_fts fts LEFT JOIN sentiment ON fts.rowid = sentiment.id WHERE fts.sentiment_fts MATCH ? ORDER BY fts.rowid DESC LIMIT 1000': no such table: sentiment_fts
Execution failed on sql 'SELECT sentiment.* FROM  sentiment_fts fts LEFT JOIN sentiment ON fts.rowid = sentiment.id WHERE fts.sentiment_fts MATCH ? ORDER BY fts.rowid DESC LIMIT 1000': no such table: sentiment_fts
Execution failed on sql 'SELECT sentiment.* FROM  sentiment_fts fts LEFT JOIN sentiment ON fts.rowid = sentiment.id WHERE fts.sentiment_fts MATCH ? ORDER BY fts.rowid DESC LIMIT 1000': no such table: sentiment_fts
Execution failed on sql 'SELECT sentiment.* FROM  sentiment_fts fts LEFT JOIN sentiment ON fts.rowid = sentiment.id WHERE fts.sentiment_fts MATCH ? ORDER BY fts.rowid DESC LIMIT 1000': no such table: sentiment_fts
Execution failed on sql 'SELECT sentiment.* FROM  sentiment_fts fts LEFT JOIN sentiment ON fts.rowid = sentiment.id WHERE fts.sentiment_fts MATCH ? ORDER BY fts.rowid DESC LIMIT 1000': no such table: sentiment_fts
Execution failed on sql 'SELECT sentiment.* FROM  sentiment_fts fts LEFT JOIN sentiment ON fts.rowid = sentiment.id WHERE fts.sentiment_fts MATCH ? ORDER BY fts.rowid DESC LIMIT 1000': no such table: sentiment_fts
Execution failed on sql 'SELECT sentiment.* FROM  sentiment_fts fts LEFT JOIN sentiment ON fts.rowid = sentiment.id WHERE fts.sentiment_fts MATCH ? ORDER BY fts.rowid DESC LIMIT 1000': no such table: sentiment_fts
Execution failed on sql 'SELECT sentiment.* FROM  sentiment_fts fts LEFT JOIN sentiment ON fts.rowid = sentiment.id WHERE fts.sentiment_fts MATCH ? ORDER BY fts.rowid DESC LIMIT 1000': no such table: sentiment_fts
Execution failed on sql 'SELECT sentiment.* FROM  sentiment_fts fts LEFT JOIN sentiment ON fts.rowid = sentiment.id WHERE fts.sentiment_fts MATCH ? ORDER BY fts.rowid DESC LIMIT 1000': no such table: sentiment_fts
Execution failed on sql 'SELECT sentiment.* FROM  sentiment_fts fts LEFT JOIN sentiment ON fts.rowid = sentiment.id WHERE fts.sentiment_fts MATCH ? ORDER BY fts.rowid DESC LIMIT 1000': no such table: sentiment_fts
Execution failed on sql 'SELECT sentiment.* FROM  sentiment_fts fts LEFT JOIN sentiment ON fts.rowid = sentiment.id WHERE fts.sentiment_fts MATCH ? ORDER BY fts.rowid DESC LIMIT 1000': no such table: sentiment_fts
Execution failed on sql 'SELECT sentiment.* FROM  sentiment_fts fts LEFT JOIN sentiment ON fts.rowid = sentiment.id WHERE fts.sentiment_fts MATCH ? ORDER BY fts.rowid DESC LIMIT 1000': no such table: sentiment_fts
Execution failed on sql 'SELECT sentiment.* FROM  sentiment_fts fts LEFT JOIN sentiment ON fts.rowid = sentiment.id WHERE fts.sentiment_fts MATCH ? ORDER BY fts.rowid DESC LIMIT 1000': no such table: sentiment_fts
Execution failed on sql 'SELECT sentiment.* FROM  sentiment_fts fts LEFT JOIN sentiment ON fts.rowid = sentiment.id WHERE fts.sentiment_fts MATCH ? ORDER BY fts.rowid DESC LIMIT 1000': no such table: sentiment_fts
Execution failed on sql 'SELECT sentiment.* FROM  sentiment_fts fts LEFT JOIN sentiment ON fts.rowid = sentiment.id WHERE fts.sentiment_fts MATCH ? ORDER BY fts.rowid DESC LIMIT 1000': no such table: sentiment_fts
Execution failed on sql 'SELECT sentiment.* FROM  sentiment_fts fts LEFT JOIN sentiment ON fts.rowid = sentiment.id WHERE fts.sentiment_fts MATCH ? ORDER BY fts.rowid DESC LIMIT 1000': no such table: sentiment_fts
Execution failed on sql 'SELECT sentiment.* FROM  sentiment_fts fts LEFT JOIN sentiment ON fts.rowid = sentiment.id WHERE fts.sentiment_fts MATCH ? ORDER BY fts.rowid DESC LIMIT 1000': no such table: sentiment_fts
Execution failed on sql 'SELECT sentiment.* FROM  sentiment_fts fts LEFT JOIN sentiment ON fts.rowid = sentiment.id WHERE fts.sentiment_fts MATCH ? ORDER BY fts.rowid DESC LIMIT 1000': no such table: sentiment_fts
Execution failed on sql 'SELECT sentiment.* FROM  sentiment_fts fts LEFT JOIN sentiment ON fts.rowid = sentiment.id WHERE fts.sentiment_fts MATCH ? ORDER BY fts.rowid DESC LIMIT 1000': no such table: sentiment_fts
Execution failed on sql 'SELECT sentiment.* FROM  sentiment_fts fts LEFT JOIN sentiment ON fts.rowid = sentiment.id WHERE fts.sentiment_fts MATCH ? ORDER BY fts.rowid DESC LIMIT 1000': no such table: sentiment_fts
Execution failed on sql 'SELECT sentiment.* FROM  sentiment_fts fts LEFT JOIN sentiment ON fts.rowid = sentiment.id WHERE fts.sentiment_fts MATCH ? ORDER BY fts.rowid DESC LIMIT 1000': no such table: sentiment_fts
Execution failed on sql 'SELECT sentiment.* FROM  sentiment_fts fts LEFT JOIN sentiment ON fts.rowid = sentiment.id WHERE fts.sentiment_fts MATCH ? ORDER BY fts.rowid DESC LIMIT 1000': no such table: sentiment_fts
Execution failed on sql 'SELECT sentiment.* FROM  sentiment_fts fts LEFT JOIN sentiment ON fts.rowid = sentiment.id WHERE fts.sentiment_fts MATCH ? ORDER BY fts.rowid DESC LIMIT 1000': no such table: sentiment_fts
Execution failed on sql 'SELECT sentiment.* FROM  sentiment_fts fts LEFT JOIN sentiment ON fts.rowid = sentiment.id WHERE fts.sentiment_fts MATCH ? ORDER BY fts.rowid DESC LIMIT 1000': no such table: sentiment_fts
Execution failed on sql 'SELECT sentiment.* FROM  sentiment_fts fts LEFT JOIN sentiment ON fts.rowid = sentiment.id WHERE fts.sentiment_fts MATCH ? ORDER BY fts.rowid DESC LIMIT 1000': no such table: sentiment_fts
Execution failed on sql 'SELECT sentiment.* FROM  sentiment_fts fts LEFT JOIN sentiment ON fts.rowid = sentiment.id WHERE fts.sentiment_fts MATCH ? ORDER BY fts.rowid DESC LIMIT 1000': no such table: sentiment_fts
Execution failed on sql 'SELECT sentiment.* FROM  sentiment_fts fts LEFT JOIN sentiment ON fts.rowid = sentiment.id WHERE fts.sentiment_fts MATCH ? ORDER BY fts.rowid DESC LIMIT 1000': no such table: sentiment_fts
Execution failed on sql 'SELECT sentiment.* FROM  sentiment_fts fts LEFT JOIN sentiment ON fts.rowid = sentiment.id WHERE fts.sentiment_fts MATCH ? ORDER BY fts.rowid DESC LIMIT 1000': no such table: sentiment_fts
Execution failed on sql 'SELECT sentiment.* FROM  sentiment_fts fts LEFT JOIN sentiment ON fts.rowid = sentiment.id WHERE fts.sentiment_fts MATCH ? ORDER BY fts.rowid DESC LIMIT 1000': no such table: sentiment_fts
Execution failed on sql 'SELECT sentiment.* FROM  sentiment_fts fts LEFT JOIN sentiment ON fts.rowid = sentiment.id WHERE fts.sentiment_fts MATCH ? ORDER BY fts.rowid DESC LIMIT 1000': no such table: sentiment_fts
Execution failed on sql 'SELECT sentiment.* FROM  sentiment_fts fts LEFT JOIN sentiment ON fts.rowid = sentiment.id WHERE fts.sentiment_fts MATCH ? ORDER BY fts.rowid DESC LIMIT 1000': no such table: sentiment_fts
Execution failed on sql 'SELECT sentiment.* FROM  sentiment_fts fts LEFT JOIN sentiment ON fts.rowid = sentiment.id WHERE fts.sentiment_fts MATCH ? ORDER BY fts.rowid DESC LIMIT 1000': no such table: sentiment_fts
Execution failed on sql 'SELECT sentiment.* FROM  sentiment_fts fts LEFT JOIN sentiment ON fts.rowid = sentiment.id WHERE fts.sentiment_fts MATCH ? ORDER BY fts.rowid DESC LIMIT 1000': no such table: sentiment_fts
Execution failed on sql 'SELECT sentiment.* FROM  sentiment_fts fts LEFT JOIN sentiment ON fts.rowid = sentiment.id WHERE fts.sentiment_fts MATCH ? ORDER BY fts.rowid DESC LIMIT 1000': no such table: sentiment_fts
Execution failed on sql 'SELECT sentiment.* FROM  sentiment_fts fts LEFT JOIN sentiment ON fts.rowid = sentiment.id WHERE fts.sentiment_fts MATCH ? ORDER BY fts.rowid DESC LIMIT 1000': no such table: sentiment_fts
Execution failed on sql 'SELECT sentiment.* FROM  sentiment_fts fts LEFT JOIN sentiment ON fts.rowid = sentiment.id WHERE fts.sentiment_fts MATCH ? ORDER BY fts.rowid DESC LIMIT 1000': no such table: sentiment_fts
Execution failed on sql 'SELECT sentiment.* FROM  sentiment_fts fts LEFT JOIN sentiment ON fts.rowid = sentiment.id WHERE fts.sentiment_fts MATCH ? ORDER BY fts.rowid DESC LIMIT 1000': no such table: sentiment_fts
Execution failed on sql 'SELECT sentiment.* FROM  sentiment_fts fts LEFT JOIN sentiment ON fts.rowid = sentiment.id WHERE fts.sentiment_fts MATCH ? ORDER BY fts.rowid DESC LIMIT 1000': no such table: sentiment_fts
Execution failed on sql 'SELECT sentiment.* FROM  sentiment_fts fts LEFT JOIN sentiment ON fts.rowid = sentiment.id WHERE fts.sentiment_fts MATCH ? ORDER BY fts.rowid DESC LIMIT 1000': no such table: sentiment_fts
Execution failed on sql 'SELECT sentiment.* FROM  sentiment_fts fts LEFT JOIN sentiment ON fts.rowid = sentiment.id WHERE fts.sentiment_fts MATCH ? ORDER BY fts.rowid DESC LIMIT 1000': no such table: sentiment_fts
Execution failed on sql 'SELECT sentiment.* FROM  sentiment_fts fts LEFT JOIN sentiment ON fts.rowid = sentiment.id WHERE fts.sentiment_fts MATCH ? ORDER BY fts.rowid DESC LIMIT 1000': no such table: sentiment_fts
Execution failed on sql 'SELECT sentiment.* FROM  sentiment_fts fts LEFT JOIN sentiment ON fts.rowid = sentiment.id WHERE fts.sentiment_fts MATCH ? ORDER BY fts.rowid DESC LIMIT 1000': no such table: sentiment_fts
Execution failed on sql 'SELECT sentiment.* FROM  sentiment_fts fts LEFT JOIN sentiment ON fts.rowid = sentiment.id WHERE fts.sentiment_fts MATCH ? ORDER BY fts.rowid DESC LIMIT 1000': no such table: sentiment_fts
Execution failed on sql 'SELECT sentiment.* FROM  sentiment_fts fts LEFT JOIN sentiment ON fts.rowid = sentiment.id WHERE fts.sentiment_fts MATCH ? ORDER BY fts.rowid DESC LIMIT 1000': no such table: sentiment_fts
Execution failed on sql 'SELECT sentiment.* FROM  sentiment_fts fts LEFT JOIN sentiment ON fts.rowid = sentiment.id WHERE fts.sentiment_fts MATCH ? ORDER BY fts.rowid DESC LIMIT 1000': no such table: sentiment_fts
Execution failed on sql 'SELECT sentiment.* FROM  sentiment_fts fts LEFT JOIN sentiment ON fts.rowid = sentiment.id WHERE fts.sentiment_fts MATCH ? ORDER BY fts.rowid DESC LIMIT 1000': no such table: sentiment_fts
Execution failed on sql 'SELECT sentiment.* FROM  sentiment_fts fts LEFT JOIN sentiment ON fts.rowid = sentiment.id WHERE fts.sentiment_fts MATCH ? ORDER BY fts.rowid DESC LIMIT 1000': no such table: sentiment_fts
Execution failed on sql 'SELECT sentiment.* FROM  sentiment_fts fts LEFT JOIN sentiment ON fts.rowid = sentiment.id WHERE fts.sentiment_fts MATCH ? ORDER BY fts.rowid DESC LIMIT 1000': no such table: sentiment_fts
Execution failed on sql 'SELECT sentiment.* FROM  sentiment_fts fts LEFT JOIN sentiment ON fts.rowid = sentiment.id WHERE fts.sentiment_fts MATCH ? ORDER BY fts.rowid DESC LIMIT 1000': no such table: sentiment_fts
Execution failed on sql 'SELECT sentiment.* FROM  sentiment_fts fts LEFT JOIN sentiment ON fts.rowid = sentiment.id WHERE fts.sentiment_fts MATCH ? ORDER BY fts.rowid DESC LIMIT 1000': no such table: sentiment_fts
Execution failed on sql 'SELECT sentiment.* FROM  sentiment_fts fts LEFT JOIN sentiment ON fts.rowid = sentiment.id WHERE fts.sentiment_fts MATCH ? ORDER BY fts.rowid DESC LIMIT 1000': no such table: sentiment_fts
Execution failed on sql 'SELECT sentiment.* FROM  sentiment_fts fts LEFT JOIN sentiment ON fts.rowid = sentiment.id WHERE fts.sentiment_fts MATCH ? ORDER BY fts.rowid DESC LIMIT 1000': no such table: sentiment_fts
Execution failed on sql 'SELECT sentiment.* FROM  sentiment_fts fts LEFT JOIN sentiment ON fts.rowid = sentiment.id WHERE fts.sentiment_fts MATCH ? ORDER BY fts.rowid DESC LIMIT 1000': no such table: sentiment_fts
Execution failed on sql 'SELECT sentiment.* FROM  sentiment_fts fts LEFT JOIN sentiment ON fts.rowid = sentiment.id WHERE fts.sentiment_fts MATCH ? ORDER BY fts.rowid DESC LIMIT 1000': no such table: sentiment_fts
Execution failed on sql 'SELECT sentiment.* FROM  sentiment_fts fts LEFT JOIN sentiment ON fts.rowid = sentiment.id WHERE fts.sentiment_fts MATCH ? ORDER BY fts.rowid DESC LIMIT 1000': no such table: sentiment_fts
Execution failed on sql 'SELECT sentiment.* FROM  sentiment_fts fts LEFT JOIN sentiment ON fts.rowid = sentiment.id WHERE fts.sentiment_fts MATCH ? ORDER BY fts.rowid DESC LIMIT 1000': no such table: sentiment_fts
Execution failed on sql 'SELECT sentiment.* FROM  sentiment_fts fts LEFT JOIN sentiment ON fts.rowid = sentiment.id WHERE fts.sentiment_fts MATCH ? ORDER BY fts.rowid DESC LIMIT 1000': no such table: sentiment_fts
Execution failed on sql 'SELECT sentiment.* FROM  sentiment_fts fts LEFT JOIN sentiment ON fts.rowid = sentiment.id WHERE fts.sentiment_fts MATCH ? ORDER BY fts.rowid DESC LIMIT 1000': no such table: sentiment_fts
Execution failed on sql 'SELECT sentiment.* FROM  sentiment_fts fts LEFT JOIN sentiment ON fts.rowid = sentiment.id WHERE fts.sentiment_fts MATCH ? ORDER BY fts.rowid DESC LIMIT 1000': no such table: sentiment_fts
Execution failed on sql 'SELECT sentiment.* FROM  sentiment_fts fts LEFT JOIN sentiment ON fts.rowid = sentiment.id WHERE fts.sentiment_fts MATCH ? ORDER BY fts.rowid DESC LIMIT 1000': no such table: sentiment_fts
Execution failed on sql 'SELECT sentiment.* FROM  sentiment_fts fts LEFT JOIN sentiment ON fts.rowid = sentiment.id WHERE fts.sentiment_fts MATCH ? ORDER BY fts.rowid DESC LIMIT 1000': no such table: sentiment_fts
Execution failed on sql 'SELECT sentiment.* FROM  sentiment_fts fts LEFT JOIN sentiment ON fts.rowid = sentiment.id WHERE fts.sentiment_fts MATCH ? ORDER BY fts.rowid DESC LIMIT 1000': no such table: sentiment_fts
Execution failed on sql 'SELECT sentiment.* FROM  sentiment_fts fts LEFT JOIN sentiment ON fts.rowid = sentiment.id WHERE fts.sentiment_fts MATCH ? ORDER BY fts.rowid DESC LIMIT 1000': no such table: sentiment_fts
Execution failed on sql 'SELECT sentiment.* FROM  sentiment_fts fts LEFT JOIN sentiment ON fts.rowid = sentiment.id WHERE fts.sentiment_fts MATCH ? ORDER BY fts.rowid DESC LIMIT 1000': no such table: sentiment_fts
Execution failed on sql 'SELECT sentiment.* FROM  sentiment_fts fts LEFT JOIN sentiment ON fts.rowid = sentiment.id WHERE fts.sentiment_fts MATCH ? ORDER BY fts.rowid DESC LIMIT 1000': no such table: sentiment_fts
Execution failed on sql 'SELECT sentiment.* FROM  sentiment_fts fts LEFT JOIN sentiment ON fts.rowid = sentiment.id WHERE fts.sentiment_fts MATCH ? ORDER BY fts.rowid DESC LIMIT 1000': no such table: sentiment_fts
Execution failed on sql 'SELECT sentiment.* FROM  sentiment_fts fts LEFT JOIN sentiment ON fts.rowid = sentiment.id WHERE fts.sentiment_fts MATCH ? ORDER BY fts.rowid DESC LIMIT 1000': no such table: sentiment_fts
Execution failed on sql 'SELECT sentiment.* FROM  sentiment_fts fts LEFT JOIN sentiment ON fts.rowid = sentiment.id WHERE fts.sentiment_fts MATCH ? ORDER BY fts.rowid DESC LIMIT 1000': no such table: sentiment_fts
Execution failed on sql 'SELECT sentiment.* FROM  sentiment_fts fts LEFT JOIN sentiment ON fts.rowid = sentiment.id WHERE fts.sentiment_fts MATCH ? ORDER BY fts.rowid DESC LIMIT 1000': no such table: sentiment_fts
Execution failed on sql 'SELECT sentiment.* FROM  sentiment_fts fts LEFT JOIN sentiment ON fts.rowid = sentiment.id WHERE fts.sentiment_fts MATCH ? ORDER BY fts.rowid DESC LIMIT 1000': no such table: sentiment_fts
Execution failed on sql 'SELECT sentiment.* FROM  sentiment_fts fts LEFT JOIN sentiment ON fts.rowid = sentiment.id WHERE fts.sentiment_fts MATCH ? ORDER BY fts.rowid DESC LIMIT 1000': no such table: sentiment_fts
Execution failed on sql 'SELECT sentiment.* FROM  sentiment_fts fts LEFT JOIN sentiment ON fts.rowid = sentiment.id WHERE fts.sentiment_fts MATCH ? ORDER BY fts.rowid DESC LIMIT 1000': no such table: sentiment_fts
Execution failed on sql 'SELECT sentiment.* FROM  sentiment_fts fts LEFT JOIN sentiment ON fts.rowid = sentiment.id WHERE fts.sentiment_fts MATCH ? ORDER BY fts.rowid DESC LIMIT 1000': no such table: sentiment_fts
Execution failed on sql 'SELECT sentiment.* FROM  sentiment_fts fts LEFT JOIN sentiment ON fts.rowid = sentiment.id WHERE fts.sentiment_fts MATCH ? ORDER BY fts.rowid DESC LIMIT 1000': no such table: sentiment_fts
Execution failed on sql 'SELECT sentiment.* FROM  sentiment_fts fts LEFT JOIN sentiment ON fts.rowid = sentiment.id WHERE fts.sentiment_fts MATCH ? ORDER BY fts.rowid DESC LIMIT 1000': no such table: sentiment_fts
Execution failed on sql 'SELECT sentiment.* FROM  sentiment_fts fts LEFT JOIN sentiment ON fts.rowid = sentiment.id WHERE fts.sentiment_fts MATCH ? ORDER BY fts.rowid DESC LIMIT 1000': no such table: sentiment_fts
Execution failed on sql 'SELECT sentiment.* FROM  sentiment_fts fts LEFT JOIN sentiment ON fts.rowid = sentiment.id WHERE fts.sentiment_fts MATCH ? ORDER BY fts.rowid DESC LIMIT 1000': no such table: sentiment_fts
Execution failed on sql 'SELECT sentiment.* FROM  sentiment_fts fts LEFT JOIN sentiment ON fts.rowid = sentiment.id WHERE fts.sentiment_fts MATCH ? ORDER BY fts.rowid DESC LIMIT 1000': no such table: sentiment_fts
Execution failed on sql 'SELECT sentiment.* FROM  sentiment_fts fts LEFT JOIN sentiment ON fts.rowid = sentiment.id WHERE fts.sentiment_fts MATCH ? ORDER BY fts.rowid DESC LIMIT 1000': no such table: sentiment_fts
Execution failed on sql 'SELECT sentiment.* FROM  sentiment_fts fts LEFT JOIN sentiment ON fts.rowid = sentiment.id WHERE fts.sentiment_fts MATCH ? ORDER BY fts.rowid DESC LIMIT 1000': no such table: sentiment_fts
Execution failed on sql 'SELECT sentiment.* FROM  sentiment_fts fts LEFT JOIN sentiment ON fts.rowid = sentiment.id WHERE fts.sentiment_fts MATCH ? ORDER BY fts.rowid DESC LIMIT 1000': no such table: sentiment_fts
Execution failed on sql 'SELECT sentiment.* FROM  sentiment_fts fts LEFT JOIN sentiment ON fts.rowid = sentiment.id WHERE fts.sentiment_fts MATCH ? ORDER BY fts.rowid DESC LIMIT 1000': no such table: sentiment_fts
Execution failed on sql 'SELECT sentiment.* FROM  sentiment_fts fts LEFT JOIN sentiment ON fts.rowid = sentiment.id WHERE fts.sentiment_fts MATCH ? ORDER BY fts.rowid DESC LIMIT 1000': no such table: sentiment_fts
Execution failed on sql 'SELECT sentiment.* FROM  sentiment_fts fts LEFT JOIN sentiment ON fts.rowid = sentiment.id WHERE fts.sentiment_fts MATCH ? ORDER BY fts.rowid DESC LIMIT 1000': no such table: sentiment_fts
Execution failed on sql 'SELECT sentiment.* FROM  sentiment_fts fts LEFT JOIN sentiment ON fts.rowid = sentiment.id WHERE fts.sentiment_fts MATCH ? ORDER BY fts.rowid DESC LIMIT 1000': no such table: sentiment_fts
Execution failed on sql 'SELECT sentiment.* FROM  sentiment_fts fts LEFT JOIN sentiment ON fts.rowid = sentiment.id WHERE fts.sentiment_fts MATCH ? ORDER BY fts.rowid DESC LIMIT 1000': no such table: sentiment_fts
Execution failed on sql 'SELECT sentiment.* FROM  sentiment_fts fts LEFT JOIN sentiment ON fts.rowid = sentiment.id WHERE fts.sentiment_fts MATCH ? ORDER BY fts.rowid DESC LIMIT 1000': no such table: sentiment_fts
Execution failed on sql 'SELECT sentiment.* FROM  sentiment_fts fts LEFT JOIN sentiment ON fts.rowid = sentiment.id WHERE fts.sentiment_fts MATCH ? ORDER BY fts.rowid DESC LIMIT 1000': no such table: sentiment_fts
Execution failed on sql 'SELECT sentiment.* FROM  sentiment_fts fts LEFT JOIN sentiment ON fts.rowid = sentiment.id WHERE fts.sentiment_fts MATCH ? ORDER BY fts.rowid DESC LIMIT 1000': no such table: sentiment_fts
Execution failed on sql 'SELECT sentiment.* FROM  sentiment_fts fts LEFT JOIN sentiment ON fts.rowid = sentiment.id WHERE fts.sentiment_fts MATCH ? ORDER BY fts.rowid DESC LIMIT 1000': no such table: sentiment_fts
Execution failed on sql 'SELECT sentiment.* FROM  sentiment_fts fts LEFT JOIN sentiment ON fts.rowid = sentiment.id WHERE fts.sentiment_fts MATCH ? ORDER BY fts.rowid DESC LIMIT 1000': no such table: sentiment_fts
Execution failed on sql 'SELECT sentiment.* FROM  sentiment_fts fts LEFT JOIN sentiment ON fts.rowid = sentiment.id WHERE fts.sentiment_fts MATCH ? ORDER BY fts.rowid DESC LIMIT 1000': no such table: sentiment_fts
Execution failed on sql 'SELECT sentiment.* FROM  sentiment_fts fts LEFT JOIN sentiment ON fts.rowid = sentiment.id WHERE fts.sentiment_fts MATCH ? ORDER BY fts.rowid DESC LIMIT 1000': no such table: sentiment_fts
Execution failed on sql 'SELECT sentiment.* FROM  sentiment_fts fts LEFT JOIN sentiment ON fts.rowid = sentiment.id WHERE fts.sentiment_fts MATCH ? ORDER BY fts.rowid DESC LIMIT 1000': no such table: sentiment_fts
Execution failed on sql 'SELECT sentiment.* FROM  sentiment_fts fts LEFT JOIN sentiment ON fts.rowid = sentiment.id WHERE fts.sentiment_fts MATCH ? ORDER BY fts.rowid DESC LIMIT 1000': no such table: sentiment_fts
Execution failed on sql 'SELECT sentiment.* FROM  sentiment_fts fts LEFT JOIN sentiment ON fts.rowid = sentiment.id WHERE fts.sentiment_fts MATCH ? ORDER BY fts.rowid DESC LIMIT 1000': no such table: sentiment_fts
Execution failed on sql 'SELECT sentiment.* FROM  sentiment_fts fts LEFT JOIN sentiment ON fts.rowid = sentiment.id WHERE fts.sentiment_fts MATCH ? ORDER BY fts.rowid DESC LIMIT 1000': no such table: sentiment_fts
Execution failed on sql 'SELECT sentiment.* FROM  sentiment_fts fts LEFT JOIN sentiment ON fts.rowid = sentiment.id WHERE fts.sentiment_fts MATCH ? ORDER BY fts.rowid DESC LIMIT 1000': no such table: sentiment_fts
Execution failed on sql 'SELECT sentiment.* FROM  sentiment_fts fts LEFT JOIN sentiment ON fts.rowid = sentiment.id WHERE fts.sentiment_fts MATCH ? ORDER BY fts.rowid DESC LIMIT 1000': no such table: sentiment_fts
Execution failed on sql 'SELECT sentiment.* FROM  sentiment_fts fts LEFT JOIN sentiment ON fts.rowid = sentiment.id WHERE fts.sentiment_fts MATCH ? ORDER BY fts.rowid DESC LIMIT 1000': no such table: sentiment_fts
Execution failed on sql 'SELECT sentiment.* FROM  sentiment_fts fts LEFT JOIN sentiment ON fts.rowid = sentiment.id WHERE fts.sentiment_fts MATCH ? ORDER BY fts.rowid DESC LIMIT 1000': no such table: sentiment_fts
Execution failed on sql 'SELECT sentiment.* FROM  sentiment_fts fts LEFT JOIN sentiment ON fts.rowid = sentiment.id WHERE fts.sentiment_fts MATCH ? ORDER BY fts.rowid DESC LIMIT 1000': no such table: sentiment_fts
Execution failed on sql 'SELECT sentiment.* FROM  sentiment_fts fts LEFT JOIN sentiment ON fts.rowid = sentiment.id WHERE fts.sentiment_fts MATCH ? ORDER BY fts.rowid DESC LIMIT 1000': no such table: sentiment_fts
Execution failed on sql 'SELECT sentiment.* FROM  sentiment_fts fts LEFT JOIN sentiment ON fts.rowid = sentiment.id WHERE fts.sentiment_fts MATCH ? ORDER BY fts.rowid DESC LIMIT 1000': no such table: sentiment_fts
Execution failed on sql 'SELECT sentiment.* FROM  sentiment_fts fts LEFT JOIN sentiment ON fts.rowid = sentiment.id WHERE fts.sentiment_fts MATCH ? ORDER BY fts.rowid DESC LIMIT 1000': no such table: sentiment_fts
Execution failed on sql 'SELECT sentiment.* FROM  sentiment_fts fts LEFT JOIN sentiment ON fts.rowid = sentiment.id WHERE fts.sentiment_fts MATCH ? ORDER BY fts.rowid DESC LIMIT 1000': no such table: sentiment_fts
Execution failed on sql 'SELECT sentiment.* FROM  sentiment_fts fts LEFT JOIN sentiment ON fts.rowid = sentiment.id WHERE fts.sentiment_fts MATCH ? ORDER BY fts.rowid DESC LIMIT 1000': no such table: sentiment_fts
Execution failed on sql 'SELECT sentiment.* FROM  sentiment_fts fts LEFT JOIN sentiment ON fts.rowid = sentiment.id WHERE fts.sentiment_fts MATCH ? ORDER BY fts.rowid DESC LIMIT 1000': no such table: sentiment_fts
Execution failed on sql 'SELECT sentiment.* FROM  sentiment_fts fts LEFT JOIN sentiment ON fts.rowid = sentiment.id WHERE fts.sentiment_fts MATCH ? ORDER BY fts.rowid DESC LIMIT 1000': no such table: sentiment_fts
Execution failed on sql 'SELECT sentiment.* FROM  sentiment_fts fts LEFT JOIN sentiment ON fts.rowid = sentiment.id WHERE fts.sentiment_fts MATCH ? ORDER BY fts.rowid DESC LIMIT 1000': no such table: sentiment_fts
Execution failed on sql 'SELECT sentiment.* FROM  sentiment_fts fts LEFT JOIN sentiment ON fts.rowid = sentiment.id WHERE fts.sentiment_fts MATCH ? ORDER BY fts.rowid DESC LIMIT 1000': no such table: sentiment_fts
Execution failed on sql 'SELECT sentiment.* FROM  sentiment_fts fts LEFT JOIN sentiment ON fts.rowid = sentiment.id WHERE fts.sentiment_fts MATCH ? ORDER BY fts.rowid DESC LIMIT 1000': no such table: sentiment_fts
Execution failed on sql 'SELECT sentiment.* FROM  sentiment_fts fts LEFT JOIN sentiment ON fts.rowid = sentiment.id WHERE fts.sentiment_fts MATCH ? ORDER BY fts.rowid DESC LIMIT 1000': no such table: sentiment_fts
Execution failed on sql 'SELECT sentiment.* FROM  sentiment_fts fts LEFT JOIN sentiment ON fts.rowid = sentiment.id WHERE fts.sentiment_fts MATCH ? ORDER BY fts.rowid DESC LIMIT 1000': no such table: sentiment_fts
Execution failed on sql 'SELECT sentiment.* FROM  sentiment_fts fts LEFT JOIN sentiment ON fts.rowid = sentiment.id WHERE fts.sentiment_fts MATCH ? ORDER BY fts.rowid DESC LIMIT 1000': no such table: sentiment_fts
Execution failed on sql 'SELECT sentiment.* FROM  sentiment_fts fts LEFT JOIN sentiment ON fts.rowid = sentiment.id WHERE fts.sentiment_fts MATCH ? ORDER BY fts.rowid DESC LIMIT 1000': no such table: sentiment_fts
Execution failed on sql 'SELECT sentiment.* FROM  sentiment_fts fts LEFT JOIN sentiment ON fts.rowid = sentiment.id WHERE fts.sentiment_fts MATCH ? ORDER BY fts.rowid DESC LIMIT 1000': no such table: sentiment_fts
Execution failed on sql 'SELECT sentiment.* FROM  sentiment_fts fts LEFT JOIN sentiment ON fts.rowid = sentiment.id WHERE fts.sentiment_fts MATCH ? ORDER BY fts.rowid DESC LIMIT 1000': no such table: sentiment_fts
Execution failed on sql 'SELECT sentiment.* FROM  sentiment_fts fts LEFT JOIN sentiment ON fts.rowid = sentiment.id WHERE fts.sentiment_fts MATCH ? ORDER BY fts.rowid DESC LIMIT 1000': no such table: sentiment_fts
Execution failed on sql 'SELECT sentiment.* FROM  sentiment_fts fts LEFT JOIN sentiment ON fts.rowid = sentiment.id WHERE fts.sentiment_fts MATCH ? ORDER BY fts.rowid DESC LIMIT 1000': no such table: sentiment_fts
Execution failed on sql 'SELECT sentiment.* FROM  sentiment_fts fts LEFT JOIN sentiment ON fts.rowid = sentiment.id WHERE fts.sentiment_fts MATCH ? ORDER BY fts.rowid DESC LIMIT 1000': no such table: sentiment_fts
Execution failed on sql 'SELECT sentiment.* FROM  sentiment_fts fts LEFT JOIN sentiment ON fts.rowid = sentiment.id WHERE fts.sentiment_fts MATCH ? ORDER BY fts.rowid DESC LIMIT 1000': no such table: sentiment_fts
Execution failed on sql 'SELECT sentiment.* FROM  sentiment_fts fts LEFT JOIN sentiment ON fts.rowid = sentiment.id WHERE fts.sentiment_fts MATCH ? ORDER BY fts.rowid DESC LIMIT 1000': no such table: sentiment_fts
Execution failed on sql 'SELECT sentiment.* FROM  sentiment_fts fts LEFT JOIN sentiment ON fts.rowid = sentiment.id WHERE fts.sentiment_fts MATCH ? ORDER BY fts.rowid DESC LIMIT 1000': no such table: sentiment_fts
Execution failed on sql 'SELECT sentiment.* FROM  sentiment_fts fts LEFT JOIN sentiment ON fts.rowid = sentiment.id WHERE fts.sentiment_fts MATCH ? ORDER BY fts.rowid DESC LIMIT 1000': no such table: sentiment_fts
Execution failed on sql 'SELECT sentiment.* FROM  sentiment_fts fts LEFT JOIN sentiment ON fts.rowid = sentiment.id WHERE fts.sentiment_fts MATCH ? ORDER BY fts.rowid DESC LIMIT 1000': no such table: sentiment_fts
Execution failed on sql 'SELECT sentiment.* FROM  sentiment_fts fts LEFT JOIN sentiment ON fts.rowid = sentiment.id WHERE fts.sentiment_fts MATCH ? ORDER BY fts.rowid DESC LIMIT 1000': no such table: sentiment_fts
Execution failed on sql 'SELECT sentiment.* FROM  sentiment_fts fts LEFT JOIN sentiment ON fts.rowid = sentiment.id WHERE fts.sentiment_fts MATCH ? ORDER BY fts.rowid DESC LIMIT 1000': no such table: sentiment_fts
Execution failed on sql 'SELECT sentiment.* FROM  sentiment_fts fts LEFT JOIN sentiment ON fts.rowid = sentiment.id WHERE fts.sentiment_fts MATCH ? ORDER BY fts.rowid DESC LIMIT 1000': no such table: sentiment_fts
Execution failed on sql 'SELECT sentiment.* FROM  sentiment_fts fts LEFT JOIN sentiment ON fts.rowid = sentiment.id WHERE fts.sentiment_fts MATCH ? ORDER BY fts.rowid DESC LIMIT 1000': no such table: sentiment_fts
Execution failed on sql 'SELECT sentiment.* FROM  sentiment_fts fts LEFT JOIN sentiment ON fts.rowid = sentiment.id WHERE fts.sentiment_fts MATCH ? ORDER BY fts.rowid DESC LIMIT 1000': no such table: sentiment_fts
Execution failed on sql 'SELECT sentiment.* FROM  sentiment_fts fts LEFT JOIN sentiment ON fts.rowid = sentiment.id WHERE fts.sentiment_fts MATCH ? ORDER BY fts.rowid DESC LIMIT 1000': no such table: sentiment_fts
Execution failed on sql 'SELECT sentiment.* FROM  sentiment_fts fts LEFT JOIN sentiment ON fts.rowid = sentiment.id WHERE fts.sentiment_fts MATCH ? ORDER BY fts.rowid DESC LIMIT 1000': no such table: sentiment_fts
Execution failed on sql 'SELECT sentiment.* FROM  sentiment_fts fts LEFT JOIN sentiment ON fts.rowid = sentiment.id WHERE fts.sentiment_fts MATCH ? ORDER BY fts.rowid DESC LIMIT 1000': no such table: sentiment_fts
Execution failed on sql 'SELECT sentiment.* FROM  sentiment_fts fts LEFT JOIN sentiment ON fts.rowid = sentiment.id WHERE fts.sentiment_fts MATCH ? ORDER BY fts.rowid DESC LIMIT 1000': no such table: sentiment_fts
Execution failed on sql 'SELECT sentiment.* FROM  sentiment_fts fts LEFT JOIN sentiment ON fts.rowid = sentiment.id WHERE fts.sentiment_fts MATCH ? ORDER BY fts.rowid DESC LIMIT 1000': no such table: sentiment_fts
Execution failed on sql 'SELECT sentiment.* FROM  sentiment_fts fts LEFT JOIN sentiment ON fts.rowid = sentiment.id WHERE fts.sentiment_fts MATCH ? ORDER BY fts.rowid DESC LIMIT 1000': no such table: sentiment_fts
Execution failed on sql 'SELECT sentiment.* FROM  sentiment_fts fts LEFT JOIN sentiment ON fts.rowid = sentiment.id WHERE fts.sentiment_fts MATCH ? ORDER BY fts.rowid DESC LIMIT 1000': no such table: sentiment_fts
Execution failed on sql 'SELECT sentiment.* FROM  sentiment_fts fts LEFT JOIN sentiment ON fts.rowid = sentiment.id WHERE fts.sentiment_fts MATCH ? ORDER BY fts.rowid DESC LIMIT 1000': no such table: sentiment_fts
Execution failed on sql 'SELECT sentiment.* FROM  sentiment_fts fts LEFT JOIN sentiment ON fts.rowid = sentiment.id WHERE fts.sentiment_fts MATCH ? ORDER BY fts.rowid DESC LIMIT 1000': no such table: sentiment_fts
Execution failed on sql 'SELECT sentiment.* FROM  sentiment_fts fts LEFT JOIN sentiment ON fts.rowid = sentiment.id WHERE fts.sentiment_fts MATCH ? ORDER BY fts.rowid DESC LIMIT 1000': no such table: sentiment_fts
Execution failed on sql 'SELECT sentiment.* FROM  sentiment_fts fts LEFT JOIN sentiment ON fts.rowid = sentiment.id WHERE fts.sentiment_fts MATCH ? ORDER BY fts.rowid DESC LIMIT 1000': no such table: sentiment_fts
Execution failed on sql 'SELECT sentiment.* FROM  sentiment_fts fts LEFT JOIN sentiment ON fts.rowid = sentiment.id WHERE fts.sentiment_fts MATCH ? ORDER BY fts.rowid DESC LIMIT 1000': no such table: sentiment_fts
Execution failed on sql 'SELECT sentiment.* FROM  sentiment_fts fts LEFT JOIN sentiment ON fts.rowid = sentiment.id WHERE fts.sentiment_fts MATCH ? ORDER BY fts.rowid DESC LIMIT 1000': no such table: sentiment_fts
Execution failed on sql 'SELECT sentiment.* FROM  sentiment_fts fts LEFT JOIN sentiment ON fts.rowid = sentiment.id WHERE fts.sentiment_fts MATCH ? ORDER BY fts.rowid DESC LIMIT 1000': no such table: sentiment_fts
Execution failed on sql 'SELECT sentiment.* FROM  sentiment_fts fts LEFT JOIN sentiment ON fts.rowid = sentiment.id WHERE fts.sentiment_fts MATCH ? ORDER BY fts.rowid DESC LIMIT 1000': no such table: sentiment_fts
Execution failed on sql 'SELECT sentiment.* FROM  sentiment_fts fts LEFT JOIN sentiment ON fts.rowid = sentiment.id WHERE fts.sentiment_fts MATCH ? ORDER BY fts.rowid DESC LIMIT 1000': no such table: sentiment_fts
Execution failed on sql 'SELECT sentiment.* FROM  sentiment_fts fts LEFT JOIN sentiment ON fts.rowid = sentiment.id WHERE fts.sentiment_fts MATCH ? ORDER BY fts.rowid DESC LIMIT 1000': no such table: sentiment_fts
Execution failed on sql 'SELECT sentiment.* FROM  sentiment_fts fts LEFT JOIN sentiment ON fts.rowid = sentiment.id WHERE fts.sentiment_fts MATCH ? ORDER BY fts.rowid DESC LIMIT 1000': no such table: sentiment_fts
Execution failed on sql 'SELECT sentiment.* FROM  sentiment_fts fts LEFT JOIN sentiment ON fts.rowid = sentiment.id WHERE fts.sentiment_fts MATCH ? ORDER BY fts.rowid DESC LIMIT 1000': no such table: sentiment_fts
Execution failed on sql 'SELECT sentiment.* FROM  sentiment_fts fts LEFT JOIN sentiment ON fts.rowid = sentiment.id WHERE fts.sentiment_fts MATCH ? ORDER BY fts.rowid DESC LIMIT 1000': no such table: sentiment_fts
Execution failed on sql 'SELECT sentiment.* FROM  sentiment_fts fts LEFT JOIN sentiment ON fts.rowid = sentiment.id WHERE fts.sentiment_fts MATCH ? ORDER BY fts.rowid DESC LIMIT 1000': no such table: sentiment_fts
Execution failed on sql 'SELECT sentiment.* FROM  sentiment_fts fts LEFT JOIN sentiment ON fts.rowid = sentiment.id WHERE fts.sentiment_fts MATCH ? ORDER BY fts.rowid DESC LIMIT 1000': no such table: sentiment_fts
Execution failed on sql 'SELECT sentiment.* FROM  sentiment_fts fts LEFT JOIN sentiment ON fts.rowid = sentiment.id WHERE fts.sentiment_fts MATCH ? ORDER BY fts.rowid DESC LIMIT 1000': no such table: sentiment_fts
Execution failed on sql 'SELECT sentiment.* FROM  sentiment_fts fts LEFT JOIN sentiment ON fts.rowid = sentiment.id WHERE fts.sentiment_fts MATCH ? ORDER BY fts.rowid DESC LIMIT 1000': no such table: sentiment_fts
Execution failed on sql 'SELECT sentiment.* FROM  sentiment_fts fts LEFT JOIN sentiment ON fts.rowid = sentiment.id WHERE fts.sentiment_fts MATCH ? ORDER BY fts.rowid DESC LIMIT 1000': no such table: sentiment_fts
Execution failed on sql 'SELECT sentiment.* FROM  sentiment_fts fts LEFT JOIN sentiment ON fts.rowid = sentiment.id WHERE fts.sentiment_fts MATCH ? ORDER BY fts.rowid DESC LIMIT 1000': no such table: sentiment_fts
Execution failed on sql 'SELECT sentiment.* FROM  sentiment_fts fts LEFT JOIN sentiment ON fts.rowid = sentiment.id WHERE fts.sentiment_fts MATCH ? ORDER BY fts.rowid DESC LIMIT 1000': no such table: sentiment_fts
Execution failed on sql 'SELECT sentiment.* FROM  sentiment_fts fts LEFT JOIN sentiment ON fts.rowid = sentiment.id WHERE fts.sentiment_fts MATCH ? ORDER BY fts.rowid DESC LIMIT 1000': no such table: sentiment_fts
Execution failed on sql 'SELECT sentiment.* FROM  sentiment_fts fts LEFT JOIN sentiment ON fts.rowid = sentiment.id WHERE fts.sentiment_fts MATCH ? ORDER BY fts.rowid DESC LIMIT 1000': no such table: sentiment_fts
Execution failed on sql 'SELECT sentiment.* FROM  sentiment_fts fts LEFT JOIN sentiment ON fts.rowid = sentiment.id WHERE fts.sentiment_fts MATCH ? ORDER BY fts.rowid DESC LIMIT 1000': no such table: sentiment_fts
Execution failed on sql 'SELECT sentiment.* FROM  sentiment_fts fts LEFT JOIN sentiment ON fts.rowid = sentiment.id WHERE fts.sentiment_fts MATCH ? ORDER BY fts.rowid DESC LIMIT 1000': no such table: sentiment_fts
Execution failed on sql 'SELECT sentiment.* FROM  sentiment_fts fts LEFT JOIN sentiment ON fts.rowid = sentiment.id WHERE fts.sentiment_fts MATCH ? ORDER BY fts.rowid DESC LIMIT 1000': no such table: sentiment_fts
Execution failed on sql 'SELECT sentiment.* FROM  sentiment_fts fts LEFT JOIN sentiment ON fts.rowid = sentiment.id WHERE fts.sentiment_fts MATCH ? ORDER BY fts.rowid DESC LIMIT 1000': no such table: sentiment_fts
Execution failed on sql 'SELECT sentiment.* FROM  sentiment_fts fts LEFT JOIN sentiment ON fts.rowid = sentiment.id WHERE fts.sentiment_fts MATCH ? ORDER BY fts.rowid DESC LIMIT 1000': no such table: sentiment_fts
Execution failed on sql 'SELECT sentiment.* FROM  sentiment_fts fts LEFT JOIN sentiment ON fts.rowid = sentiment.id WHERE fts.sentiment_fts MATCH ? ORDER BY fts.rowid DESC LIMIT 1000': no such table: sentiment_fts
Execution failed on sql 'SELECT sentiment.* FROM  sentiment_fts fts LEFT JOIN sentiment ON fts.rowid = sentiment.id WHERE fts.sentiment_fts MATCH ? ORDER BY fts.rowid DESC LIMIT 1000': no such table: sentiment_fts
Execution failed on sql 'SELECT sentiment.* FROM  sentiment_fts fts LEFT JOIN sentiment ON fts.rowid = sentiment.id WHERE fts.sentiment_fts MATCH ? ORDER BY fts.rowid DESC LIMIT 1000': no such table: sentiment_fts
Execution failed on sql 'SELECT sentiment.* FROM  sentiment_fts fts LEFT JOIN sentiment ON fts.rowid = sentiment.id WHERE fts.sentiment_fts MATCH ? ORDER BY fts.rowid DESC LIMIT 1000': no such table: sentiment_fts
Execution failed on sql 'SELECT sentiment.* FROM  sentiment_fts fts LEFT JOIN sentiment ON fts.rowid = sentiment.id WHERE fts.sentiment_fts MATCH ? ORDER BY fts.rowid DESC LIMIT 1000': no such table: sentiment_fts
Execution failed on sql 'SELECT sentiment.* FROM  sentiment_fts fts LEFT JOIN sentiment ON fts.rowid = sentiment.id WHERE fts.sentiment_fts MATCH ? ORDER BY fts.rowid DESC LIMIT 1000': no such table: sentiment_fts
Execution failed on sql 'SELECT sentiment.* FROM  sentiment_fts fts LEFT JOIN sentiment ON fts.rowid = sentiment.id WHERE fts.sentiment_fts MATCH ? ORDER BY fts.rowid DESC LIMIT 1000': no such table: sentiment_fts
Execution failed on sql 'SELECT sentiment.* FROM  sentiment_fts fts LEFT JOIN sentiment ON fts.rowid = sentiment.id WHERE fts.sentiment_fts MATCH ? ORDER BY fts.rowid DESC LIMIT 1000': no such table: sentiment_fts
Execution failed on sql 'SELECT sentiment.* FROM  sentiment_fts fts LEFT JOIN sentiment ON fts.rowid = sentiment.id WHERE fts.sentiment_fts MATCH ? ORDER BY fts.rowid DESC LIMIT 1000': no such table: sentiment_fts
Execution failed on sql 'SELECT sentiment.* FROM  sentiment_fts fts LEFT JOIN sentiment ON fts.rowid = sentiment.id WHERE fts.sentiment_fts MATCH ? ORDER BY fts.rowid DESC LIMIT 1000': no such table: sentiment_fts
Execution failed on sql 'SELECT sentiment.* FROM  sentiment_fts fts LEFT JOIN sentiment ON fts.rowid = sentiment.id WHERE fts.sentiment_fts MATCH ? ORDER BY fts.rowid DESC LIMIT 1000': no such table: sentiment_fts
Execution failed on sql 'SELECT sentiment.* FROM  sentiment_fts fts LEFT JOIN sentiment ON fts.rowid = sentiment.id WHERE fts.sentiment_fts MATCH ? ORDER BY fts.rowid DESC LIMIT 1000': no such table: sentiment_fts
Execution failed on sql 'SELECT sentiment.* FROM  sentiment_fts fts LEFT JOIN sentiment ON fts.rowid = sentiment.id WHERE fts.sentiment_fts MATCH ? ORDER BY fts.rowid DESC LIMIT 1000': no such table: sentiment_fts
Execution failed on sql 'SELECT sentiment.* FROM  sentiment_fts fts LEFT JOIN sentiment ON fts.rowid = sentiment.id WHERE fts.sentiment_fts MATCH ? ORDER BY fts.rowid DESC LIMIT 1000': no such table: sentiment_fts
Execution failed on sql 'SELECT sentiment.* FROM  sentiment_fts fts LEFT JOIN sentiment ON fts.rowid = sentiment.id WHERE fts.sentiment_fts MATCH ? ORDER BY fts.rowid DESC LIMIT 1000': no such table: sentiment_fts
Execution failed on sql 'SELECT sentiment.* FROM  sentiment_fts fts LEFT JOIN sentiment ON fts.rowid = sentiment.id WHERE fts.sentiment_fts MATCH ? ORDER BY fts.rowid DESC LIMIT 1000': no such table: sentiment_fts
Execution failed on sql 'SELECT sentiment.* FROM  sentiment_fts fts LEFT JOIN sentiment ON fts.rowid = sentiment.id WHERE fts.sentiment_fts MATCH ? ORDER BY fts.rowid DESC LIMIT 1000': no such table: sentiment_fts
Execution failed on sql 'SELECT sentiment.* FROM  sentiment_fts fts LEFT JOIN sentiment ON fts.rowid = sentiment.id WHERE fts.sentiment_fts MATCH ? ORDER BY fts.rowid DESC LIMIT 1000': no such table: sentiment_fts
Execution failed on sql 'SELECT sentiment.* FROM  sentiment_fts fts LEFT JOIN sentiment ON fts.rowid = sentiment.id WHERE fts.sentiment_fts MATCH ? ORDER BY fts.rowid DESC LIMIT 1000': no such table: sentiment_fts
Execution failed on sql 'SELECT sentiment.* FROM  sentiment_fts fts LEFT JOIN sentiment ON fts.rowid = sentiment.id WHERE fts.sentiment_fts MATCH ? ORDER BY fts.rowid DESC LIMIT 1000': no such table: sentiment_fts
Execution failed on sql 'SELECT sentiment.* FROM  sentiment_fts fts LEFT JOIN sentiment ON fts.rowid = sentiment.id WHERE fts.sentiment_fts MATCH ? ORDER BY fts.rowid DESC LIMIT 1000': no such table: sentiment_fts
Execution failed on sql 'SELECT sentiment.* FROM  sentiment_fts fts LEFT JOIN sentiment ON fts.rowid = sentiment.id WHERE fts.sentiment_fts MATCH ? ORDER BY fts.rowid DESC LIMIT 1000': no such table: sentiment_fts
Execution failed on sql 'SELECT sentiment.* FROM  sentiment_fts fts LEFT JOIN sentiment ON fts.rowid = sentiment.id WHERE fts.sentiment_fts MATCH ? ORDER BY fts.rowid DESC LIMIT 1000': no such table: sentiment_fts
Execution failed on sql 'SELECT sentiment.* FROM  sentiment_fts fts LEFT JOIN sentiment ON fts.rowid = sentiment.id WHERE fts.sentiment_fts MATCH ? ORDER BY fts.rowid DESC LIMIT 1000': no such table: sentiment_fts
Execution failed on sql 'SELECT sentiment.* FROM  sentiment_fts fts LEFT JOIN sentiment ON fts.rowid = sentiment.id WHERE fts.sentiment_fts MATCH ? ORDER BY fts.rowid DESC LIMIT 1000': no such table: sentiment_fts
Execution failed on sql 'SELECT sentiment.* FROM  sentiment_fts fts LEFT JOIN sentiment ON fts.rowid = sentiment.id WHERE fts.sentiment_fts MATCH ? ORDER BY fts.rowid DESC LIMIT 1000': no such table: sentiment_fts
Execution failed on sql 'SELECT sentiment.* FROM  sentiment_fts fts LEFT JOIN sentiment ON fts.rowid = sentiment.id WHERE fts.sentiment_fts MATCH ? ORDER BY fts.rowid DESC LIMIT 1000': no such table: sentiment_fts
Execution failed on sql 'SELECT sentiment.* FROM  sentiment_fts fts LEFT JOIN sentiment ON fts.rowid = sentiment.id WHERE fts.sentiment_fts MATCH ? ORDER BY fts.rowid DESC LIMIT 1000': no such table: sentiment_fts
Execution failed on sql 'SELECT sentiment.* FROM  sentiment_fts fts LEFT JOIN sentiment ON fts.rowid = sentiment.id WHERE fts.sentiment_fts MATCH ? ORDER BY fts.rowid DESC LIMIT 1000': no such table: sentiment_fts
Execution failed on sql 'SELECT sentiment.* FROM  sentiment_fts fts LEFT JOIN sentiment ON fts.rowid = sentiment.id WHERE fts.sentiment_fts MATCH ? ORDER BY fts.rowid DESC LIMIT 1000': no such table: sentiment_fts
Execution failed on sql 'SELECT sentiment.* FROM  sentiment_fts fts LEFT JOIN sentiment ON fts.rowid = sentiment.id WHERE fts.sentiment_fts MATCH ? ORDER BY fts.rowid DESC LIMIT 1000': no such table: sentiment_fts
Execution failed on sql 'SELECT sentiment.* FROM  sentiment_fts fts LEFT JOIN sentiment ON fts.rowid = sentiment.id WHERE fts.sentiment_fts MATCH ? ORDER BY fts.rowid DESC LIMIT 1000': no such table: sentiment_fts
Execution failed on sql 'SELECT sentiment.* FROM  sentiment_fts fts LEFT JOIN sentiment ON fts.rowid = sentiment.id WHERE fts.sentiment_fts MATCH ? ORDER BY fts.rowid DESC LIMIT 1000': no such table: sentiment_fts
Execution failed on sql 'SELECT sentiment.* FROM  sentiment_fts fts LEFT JOIN sentiment ON fts.rowid = sentiment.id WHERE fts.sentiment_fts MATCH ? ORDER BY fts.rowid DESC LIMIT 1000': no such table: sentiment_fts
Execution failed on sql 'SELECT sentiment.* FROM  sentiment_fts fts LEFT JOIN sentiment ON fts.rowid = sentiment.id WHERE fts.sentiment_fts MATCH ? ORDER BY fts.rowid DESC LIMIT 1000': no such table: sentiment_fts
Execution failed on sql 'SELECT sentiment.* FROM  sentiment_fts fts LEFT JOIN sentiment ON fts.rowid = sentiment.id WHERE fts.sentiment_fts MATCH ? ORDER BY fts.rowid DESC LIMIT 1000': no such table: sentiment_fts
Execution failed on sql 'SELECT sentiment.* FROM  sentiment_fts fts LEFT JOIN sentiment ON fts.rowid = sentiment.id WHERE fts.sentiment_fts MATCH ? ORDER BY fts.rowid DESC LIMIT 1000': no such table: sentiment_fts
Execution failed on sql 'SELECT sentiment.* FROM  sentiment_fts fts LEFT JOIN sentiment ON fts.rowid = sentiment.id WHERE fts.sentiment_fts MATCH ? ORDER BY fts.rowid DESC LIMIT 1000': no such table: sentiment_fts
Execution failed on sql 'SELECT sentiment.* FROM  sentiment_fts fts LEFT JOIN sentiment ON fts.rowid = sentiment.id WHERE fts.sentiment_fts MATCH ? ORDER BY fts.rowid DESC LIMIT 1000': no such table: sentiment_fts
Execution failed on sql 'SELECT sentiment.* FROM  sentiment_fts fts LEFT JOIN sentiment ON fts.rowid = sentiment.id WHERE fts.sentiment_fts MATCH ? ORDER BY fts.rowid DESC LIMIT 1000': no such table: sentiment_fts
Execution failed on sql 'SELECT sentiment.* FROM  sentiment_fts fts LEFT JOIN sentiment ON fts.rowid = sentiment.id WHERE fts.sentiment_fts MATCH ? ORDER BY fts.rowid DESC LIMIT 1000': no such table: sentiment_fts
Execution failed on sql 'SELECT sentiment.* FROM  sentiment_fts fts LEFT JOIN sentiment ON fts.rowid = sentiment.id WHERE fts.sentiment_fts MATCH ? ORDER BY fts.rowid DESC LIMIT 1000': no such table: sentiment_fts
Execution failed on sql 'SELECT sentiment.* FROM  sentiment_fts fts LEFT JOIN sentiment ON fts.rowid = sentiment.id WHERE fts.sentiment_fts MATCH ? ORDER BY fts.rowid DESC LIMIT 1000': no such table: sentiment_fts
Execution failed on sql 'SELECT sentiment.* FROM  sentiment_fts fts LEFT JOIN sentiment ON fts.rowid = sentiment.id WHERE fts.sentiment_fts MATCH ? ORDER BY fts.rowid DESC LIMIT 1000': no such table: sentiment_fts
Execution failed on sql 'SELECT sentiment.* FROM  sentiment_fts fts LEFT JOIN sentiment ON fts.rowid = sentiment.id WHERE fts.sentiment_fts MATCH ? ORDER BY fts.rowid DESC LIMIT 1000': no such table: sentiment_fts
Execution failed on sql 'SELECT sentiment.* FROM  sentiment_fts fts LEFT JOIN sentiment ON fts.rowid = sentiment.id WHERE fts.sentiment_fts MATCH ? ORDER BY fts.rowid DESC LIMIT 1000': no such table: sentiment_fts
Execution failed on sql 'SELECT sentiment.* FROM  sentiment_fts fts LEFT JOIN sentiment ON fts.rowid = sentiment.id WHERE fts.sentiment_fts MATCH ? ORDER BY fts.rowid DESC LIMIT 1000': no such table: sentiment_fts
Execution failed on sql 'SELECT sentiment.* FROM  sentiment_fts fts LEFT JOIN sentiment ON fts.rowid = sentiment.id WHERE fts.sentiment_fts MATCH ? ORDER BY fts.rowid DESC LIMIT 1000': no such table: sentiment_fts
Execution failed on sql 'SELECT sentiment.* FROM  sentiment_fts fts LEFT JOIN sentiment ON fts.rowid = sentiment.id WHERE fts.sentiment_fts MATCH ? ORDER BY fts.rowid DESC LIMIT 1000': no such table: sentiment_fts
Execution failed on sql 'SELECT sentiment.* FROM  sentiment_fts fts LEFT JOIN sentiment ON fts.rowid = sentiment.id WHERE fts.sentiment_fts MATCH ? ORDER BY fts.rowid DESC LIMIT 1000': no such table: sentiment_fts
Execution failed on sql 'SELECT sentiment.* FROM  sentiment_fts fts LEFT JOIN sentiment ON fts.rowid = sentiment.id WHERE fts.sentiment_fts MATCH ? ORDER BY fts.rowid DESC LIMIT 1000': no such table: sentiment_fts
Execution failed on sql 'SELECT sentiment.* FROM  sentiment_fts fts LEFT JOIN sentiment ON fts.rowid = sentiment.id WHERE fts.sentiment_fts MATCH ? ORDER BY fts.rowid DESC LIMIT 1000': no such table: sentiment_fts
Execution failed on sql 'SELECT sentiment.* FROM  sentiment_fts fts LEFT JOIN sentiment ON fts.rowid = sentiment.id WHERE fts.sentiment_fts MATCH ? ORDER BY fts.rowid DESC LIMIT 1000': no such table: sentiment_fts
Execution failed on sql 'SELECT sentiment.* FROM  sentiment_fts fts LEFT JOIN sentiment ON fts.rowid = sentiment.id WHERE fts.sentiment_fts MATCH ? ORDER BY fts.rowid DESC LIMIT 1000': no such table: sentiment_fts
Execution failed on sql 'SELECT sentiment.* FROM  sentiment_fts fts LEFT JOIN sentiment ON fts.rowid = sentiment.id WHERE fts.sentiment_fts MATCH ? ORDER BY fts.rowid DESC LIMIT 1000': no such table: sentiment_fts
Execution failed on sql 'SELECT sentiment.* FROM  sentiment_fts fts LEFT JOIN sentiment ON fts.rowid = sentiment.id WHERE fts.sentiment_fts MATCH ? ORDER BY fts.rowid DESC LIMIT 1000': no such table: sentiment_fts
Execution failed on sql 'SELECT sentiment.* FROM  sentiment_fts fts LEFT JOIN sentiment ON fts.rowid = sentiment.id WHERE fts.sentiment_fts MATCH ? ORDER BY fts.rowid DESC LIMIT 1000': no such table: sentiment_fts
Execution failed on sql 'SELECT sentiment.* FROM  sentiment_fts fts LEFT JOIN sentiment ON fts.rowid = sentiment.id WHERE fts.sentiment_fts MATCH ? ORDER BY fts.rowid DESC LIMIT 1000': no such table: sentiment_fts
Execution failed on sql 'SELECT sentiment.* FROM  sentiment_fts fts LEFT JOIN sentiment ON fts.rowid = sentiment.id WHERE fts.sentiment_fts MATCH ? ORDER BY fts.rowid DESC LIMIT 1000': no such table: sentiment_fts
Execution failed on sql 'SELECT sentiment.* FROM  sentiment_fts fts LEFT JOIN sentiment ON fts.rowid = sentiment.id WHERE fts.sentiment_fts MATCH ? ORDER BY fts.rowid DESC LIMIT 1000': no such table: sentiment_fts
Execution failed on sql 'SELECT sentiment.* FROM  sentiment_fts fts LEFT JOIN sentiment ON fts.rowid = sentiment.id WHERE fts.sentiment_fts MATCH ? ORDER BY fts.rowid DESC LIMIT 1000': no such table: sentiment_fts
Execution failed on sql 'SELECT sentiment.* FROM  sentiment_fts fts LEFT JOIN sentiment ON fts.rowid = sentiment.id WHERE fts.sentiment_fts MATCH ? ORDER BY fts.rowid DESC LIMIT 1000': no such table: sentiment_fts
Execution failed on sql 'SELECT sentiment.* FROM  sentiment_fts fts LEFT JOIN sentiment ON fts.rowid = sentiment.id WHERE fts.sentiment_fts MATCH ? ORDER BY fts.rowid DESC LIMIT 1000': no such table: sentiment_fts
Execution failed on sql 'SELECT sentiment.* FROM  sentiment_fts fts LEFT JOIN sentiment ON fts.rowid = sentiment.id WHERE fts.sentiment_fts MATCH ? ORDER BY fts.rowid DESC LIMIT 1000': no such table: sentiment_fts
Execution failed on sql 'SELECT sentiment.* FROM  sentiment_fts fts LEFT JOIN sentiment ON fts.rowid = sentiment.id WHERE fts.sentiment_fts MATCH ? ORDER BY fts.rowid DESC LIMIT 1000': no such table: sentiment_fts
Execution failed on sql 'SELECT sentiment.* FROM  sentiment_fts fts LEFT JOIN sentiment ON fts.rowid = sentiment.id WHERE fts.sentiment_fts MATCH ? ORDER BY fts.rowid DESC LIMIT 1000': no such table: sentiment_fts
Execution failed on sql 'SELECT sentiment.* FROM  sentiment_fts fts LEFT JOIN sentiment ON fts.rowid = sentiment.id WHERE fts.sentiment_fts MATCH ? ORDER BY fts.rowid DESC LIMIT 1000': no such table: sentiment_fts
Execution failed on sql 'SELECT sentiment.* FROM  sentiment_fts fts LEFT JOIN sentiment ON fts.rowid = sentiment.id WHERE fts.sentiment_fts MATCH ? ORDER BY fts.rowid DESC LIMIT 1000': no such table: sentiment_fts
Execution failed on sql 'SELECT sentiment.* FROM  sentiment_fts fts LEFT JOIN sentiment ON fts.rowid = sentiment.id WHERE fts.sentiment_fts MATCH ? ORDER BY fts.rowid DESC LIMIT 1000': no such table: sentiment_fts
Execution failed on sql 'SELECT sentiment.* FROM  sentiment_fts fts LEFT JOIN sentiment ON fts.rowid = sentiment.id WHERE fts.sentiment_fts MATCH ? ORDER BY fts.rowid DESC LIMIT 1000': no such table: sentiment_fts
Execution failed on sql 'SELECT sentiment.* FROM  sentiment_fts fts LEFT JOIN sentiment ON fts.rowid = sentiment.id WHERE fts.sentiment_fts MATCH ? ORDER BY fts.rowid DESC LIMIT 1000': no such table: sentiment_fts
Execution failed on sql 'SELECT sentiment.* FROM  sentiment_fts fts LEFT JOIN sentiment ON fts.rowid = sentiment.id WHERE fts.sentiment_fts MATCH ? ORDER BY fts.rowid DESC LIMIT 1000': no such table: sentiment_fts
Execution failed on sql 'SELECT sentiment.* FROM  sentiment_fts fts LEFT JOIN sentiment ON fts.rowid = sentiment.id WHERE fts.sentiment_fts MATCH ? ORDER BY fts.rowid DESC LIMIT 1000': no such table: sentiment_fts
Execution failed on sql 'SELECT sentiment.* FROM  sentiment_fts fts LEFT JOIN sentiment ON fts.rowid = sentiment.id WHERE fts.sentiment_fts MATCH ? ORDER BY fts.rowid DESC LIMIT 1000': no such table: sentiment_fts
Execution failed on sql 'SELECT sentiment.* FROM  sentiment_fts fts LEFT JOIN sentiment ON fts.rowid = sentiment.id WHERE fts.sentiment_fts MATCH ? ORDER BY fts.rowid DESC LIMIT 1000': no such table: sentiment_fts
Execution failed on sql 'SELECT sentiment.* FROM  sentiment_fts fts LEFT JOIN sentiment ON fts.rowid = sentiment.id WHERE fts.sentiment_fts MATCH ? ORDER BY fts.rowid DESC LIMIT 1000': no such table: sentiment_fts
Execution failed on sql 'SELECT sentiment.* FROM  sentiment_fts fts LEFT JOIN sentiment ON fts.rowid = sentiment.id WHERE fts.sentiment_fts MATCH ? ORDER BY fts.rowid DESC LIMIT 1000': no such table: sentiment_fts
Execution failed on sql 'SELECT sentiment.* FROM  sentiment_fts fts LEFT JOIN sentiment ON fts.rowid = sentiment.id WHERE fts.sentiment_fts MATCH ? ORDER BY fts.rowid DESC LIMIT 1000': no such table: sentiment_fts
Execution failed on sql 'SELECT sentiment.* FROM  sentiment_fts fts LEFT JOIN sentiment ON fts.rowid = sentiment.id WHERE fts.sentiment_fts MATCH ? ORDER BY fts.rowid DESC LIMIT 1000': no such table: sentiment_fts
Execution failed on sql 'SELECT sentiment.* FROM  sentiment_fts fts LEFT JOIN sentiment ON fts.rowid = sentiment.id WHERE fts.sentiment_fts MATCH ? ORDER BY fts.rowid DESC LIMIT 1000': no such table: sentiment_fts
Execution failed on sql 'SELECT sentiment.* FROM  sentiment_fts fts LEFT JOIN sentiment ON fts.rowid = sentiment.id WHERE fts.sentiment_fts MATCH ? ORDER BY fts.rowid DESC LIMIT 1000': no such table: sentiment_fts
Execution failed on sql 'SELECT sentiment.* FROM  sentiment_fts fts LEFT JOIN sentiment ON fts.rowid = sentiment.id WHERE fts.sentiment_fts MATCH ? ORDER BY fts.rowid DESC LIMIT 1000': no such table: sentiment_fts
Execution failed on sql 'SELECT sentiment.* FROM  sentiment_fts fts LEFT JOIN sentiment ON fts.rowid = sentiment.id WHERE fts.sentiment_fts MATCH ? ORDER BY fts.rowid DESC LIMIT 1000': no such table: sentiment_fts
Execution failed on sql 'SELECT sentiment.* FROM  sentiment_fts fts LEFT JOIN sentiment ON fts.rowid = sentiment.id WHERE fts.sentiment_fts MATCH ? ORDER BY fts.rowid DESC LIMIT 1000': no such table: sentiment_fts
Execution failed on sql 'SELECT sentiment.* FROM  sentiment_fts fts LEFT JOIN sentiment ON fts.rowid = sentiment.id WHERE fts.sentiment_fts MATCH ? ORDER BY fts.rowid DESC LIMIT 1000': no such table: sentiment_fts
Execution failed on sql 'SELECT sentiment.* FROM  sentiment_fts fts LEFT JOIN sentiment ON fts.rowid = sentiment.id WHERE fts.sentiment_fts MATCH ? ORDER BY fts.rowid DESC LIMIT 1000': no such table: sentiment_fts
Execution failed on sql 'SELECT sentiment.* FROM  sentiment_fts fts LEFT JOIN sentiment ON fts.rowid = sentiment.id WHERE fts.sentiment_fts MATCH ? ORDER BY fts.rowid DESC LIMIT 1000': no such table: sentiment_fts
Execution failed on sql 'SELECT sentiment.* FROM  sentiment_fts fts LEFT JOIN sentiment ON fts.rowid = sentiment.id WHERE fts.sentiment_fts MATCH ? ORDER BY fts.rowid DESC LIMIT 1000': no such table: sentiment_fts
Execution failed on sql 'SELECT sentiment.* FROM  sentiment_fts fts LEFT JOIN sentiment ON fts.rowid = sentiment.id WHERE fts.sentiment_fts MATCH ? ORDER BY fts.rowid DESC LIMIT 1000': no such table: sentiment_fts
Execution failed on sql 'SELECT sentiment.* FROM  sentiment_fts fts LEFT JOIN sentiment ON fts.rowid = sentiment.id WHERE fts.sentiment_fts MATCH ? ORDER BY fts.rowid DESC LIMIT 1000': no such table: sentiment_fts
Execution failed on sql 'SELECT sentiment.* FROM  sentiment_fts fts LEFT JOIN sentiment ON fts.rowid = sentiment.id WHERE fts.sentiment_fts MATCH ? ORDER BY fts.rowid DESC LIMIT 1000': no such table: sentiment_fts
Execution failed on sql 'SELECT sentiment.* FROM  sentiment_fts fts LEFT JOIN sentiment ON fts.rowid = sentiment.id WHERE fts.sentiment_fts MATCH ? ORDER BY fts.rowid DESC LIMIT 1000': no such table: sentiment_fts
Execution failed on sql 'SELECT sentiment.* FROM  sentiment_fts fts LEFT JOIN sentiment ON fts.rowid = sentiment.id WHERE fts.sentiment_fts MATCH ? ORDER BY fts.rowid DESC LIMIT 1000': no such table: sentiment_fts
Execution failed on sql 'SELECT sentiment.* FROM  sentiment_fts fts LEFT JOIN sentiment ON fts.rowid = sentiment.id WHERE fts.sentiment_fts MATCH ? ORDER BY fts.rowid DESC LIMIT 1000': no such table: sentiment_fts
Execution failed on sql 'SELECT sentiment.* FROM  sentiment_fts fts LEFT JOIN sentiment ON fts.rowid = sentiment.id WHERE fts.sentiment_fts MATCH ? ORDER BY fts.rowid DESC LIMIT 1000': no such table: sentiment_fts
Execution failed on sql 'SELECT sentiment.* FROM  sentiment_fts fts LEFT JOIN sentiment ON fts.rowid = sentiment.id WHERE fts.sentiment_fts MATCH ? ORDER BY fts.rowid DESC LIMIT 1000': no such table: sentiment_fts
Execution failed on sql 'SELECT sentiment.* FROM  sentiment_fts fts LEFT JOIN sentiment ON fts.rowid = sentiment.id WHERE fts.sentiment_fts MATCH ? ORDER BY fts.rowid DESC LIMIT 1000': no such table: sentiment_fts
Execution failed on sql 'SELECT sentiment.* FROM  sentiment_fts fts LEFT JOIN sentiment ON fts.rowid = sentiment.id WHERE fts.sentiment_fts MATCH ? ORDER BY fts.rowid DESC LIMIT 1000': no such table: sentiment_fts
Execution failed on sql 'SELECT sentiment.* FROM  sentiment_fts fts LEFT JOIN sentiment ON fts.rowid = sentiment.id WHERE fts.sentiment_fts MATCH ? ORDER BY fts.rowid DESC LIMIT 1000': no such table: sentiment_fts
Execution failed on sql 'SELECT sentiment.* FROM  sentiment_fts fts LEFT JOIN sentiment ON fts.rowid = sentiment.id WHERE fts.sentiment_fts MATCH ? ORDER BY fts.rowid DESC LIMIT 1000': no such table: sentiment_fts
Execution failed on sql 'SELECT sentiment.* FROM  sentiment_fts fts LEFT JOIN sentiment ON fts.rowid = sentiment.id WHERE fts.sentiment_fts MATCH ? ORDER BY fts.rowid DESC LIMIT 1000': no such table: sentiment_fts
Execution failed on sql 'SELECT sentiment.* FROM  sentiment_fts fts LEFT JOIN sentiment ON fts.rowid = sentiment.id WHERE fts.sentiment_fts MATCH ? ORDER BY fts.rowid DESC LIMIT 1000': no such table: sentiment_fts
Execution failed on sql 'SELECT sentiment.* FROM  sentiment_fts fts LEFT JOIN sentiment ON fts.rowid = sentiment.id WHERE fts.sentiment_fts MATCH ? ORDER BY fts.rowid DESC LIMIT 1000': no such table: sentiment_fts
Execution failed on sql 'SELECT sentiment.* FROM  sentiment_fts fts LEFT JOIN sentiment ON fts.rowid = sentiment.id WHERE fts.sentiment_fts MATCH ? ORDER BY fts.rowid DESC LIMIT 1000': no such table: sentiment_fts
Execution failed on sql 'SELECT sentiment.* FROM  sentiment_fts fts LEFT JOIN sentiment ON fts.rowid = sentiment.id WHERE fts.sentiment_fts MATCH ? ORDER BY fts.rowid DESC LIMIT 1000': no such table: sentiment_fts
Execution failed on sql 'SELECT sentiment.* FROM  sentiment_fts fts LEFT JOIN sentiment ON fts.rowid = sentiment.id WHERE fts.sentiment_fts MATCH ? ORDER BY fts.rowid DESC LIMIT 1000': no such table: sentiment_fts
Execution failed on sql 'SELECT sentiment.* FROM  sentiment_fts fts LEFT JOIN sentiment ON fts.rowid = sentiment.id WHERE fts.sentiment_fts MATCH ? ORDER BY fts.rowid DESC LIMIT 1000': no such table: sentiment_fts
Execution failed on sql 'SELECT sentiment.* FROM  sentiment_fts fts LEFT JOIN sentiment ON fts.rowid = sentiment.id WHERE fts.sentiment_fts MATCH ? ORDER BY fts.rowid DESC LIMIT 1000': no such table: sentiment_fts
Execution failed on sql 'SELECT sentiment.* FROM  sentiment_fts fts LEFT JOIN sentiment ON fts.rowid = sentiment.id WHERE fts.sentiment_fts MATCH ? ORDER BY fts.rowid DESC LIMIT 1000': no such table: sentiment_fts
Execution failed on sql 'SELECT sentiment.* FROM  sentiment_fts fts LEFT JOIN sentiment ON fts.rowid = sentiment.id WHERE fts.sentiment_fts MATCH ? ORDER BY fts.rowid DESC LIMIT 1000': no such table: sentiment_fts
Execution failed on sql 'SELECT sentiment.* FROM  sentiment_fts fts LEFT JOIN sentiment ON fts.rowid = sentiment.id WHERE fts.sentiment_fts MATCH ? ORDER BY fts.rowid DESC LIMIT 1000': no such table: sentiment_fts
Execution failed on sql 'SELECT sentiment.* FROM  sentiment_fts fts LEFT JOIN sentiment ON fts.rowid = sentiment.id WHERE fts.sentiment_fts MATCH ? ORDER BY fts.rowid DESC LIMIT 1000': no such table: sentiment_fts
Execution failed on sql 'SELECT sentiment.* FROM  sentiment_fts fts LEFT JOIN sentiment ON fts.rowid = sentiment.id WHERE fts.sentiment_fts MATCH ? ORDER BY fts.rowid DESC LIMIT 1000': no such table: sentiment_fts
Execution failed on sql 'SELECT sentiment.* FROM  sentiment_fts fts LEFT JOIN sentiment ON fts.rowid = sentiment.id WHERE fts.sentiment_fts MATCH ? ORDER BY fts.rowid DESC LIMIT 1000': no such table: sentiment_fts
Execution failed on sql 'SELECT sentiment.* FROM  sentiment_fts fts LEFT JOIN sentiment ON fts.rowid = sentiment.id WHERE fts.sentiment_fts MATCH ? ORDER BY fts.rowid DESC LIMIT 1000': no such table: sentiment_fts
Execution failed on sql 'SELECT sentiment.* FROM  sentiment_fts fts LEFT JOIN sentiment ON fts.rowid = sentiment.id WHERE fts.sentiment_fts MATCH ? ORDER BY fts.rowid DESC LIMIT 1000': no such table: sentiment_fts
Execution failed on sql 'SELECT sentiment.* FROM  sentiment_fts fts LEFT JOIN sentiment ON fts.rowid = sentiment.id WHERE fts.sentiment_fts MATCH ? ORDER BY fts.rowid DESC LIMIT 1000': no such table: sentiment_fts
Execution failed on sql 'SELECT sentiment.* FROM  sentiment_fts fts LEFT JOIN sentiment ON fts.rowid = sentiment.id WHERE fts.sentiment_fts MATCH ? ORDER BY fts.rowid DESC LIMIT 1000': no such table: sentiment_fts
Execution failed on sql 'SELECT sentiment.* FROM  sentiment_fts fts LEFT JOIN sentiment ON fts.rowid = sentiment.id WHERE fts.sentiment_fts MATCH ? ORDER BY fts.rowid DESC LIMIT 1000': no such table: sentiment_fts
Execution failed on sql 'SELECT sentiment.* FROM  sentiment_fts fts LEFT JOIN sentiment ON fts.rowid = sentiment.id WHERE fts.sentiment_fts MATCH ? ORDER BY fts.rowid DESC LIMIT 1000': no such table: sentiment_fts
Execution failed on sql 'SELECT sentiment.* FROM  sentiment_fts fts LEFT JOIN sentiment ON fts.rowid = sentiment.id WHERE fts.sentiment_fts MATCH ? ORDER BY fts.rowid DESC LIMIT 1000': no such table: sentiment_fts
Execution failed on sql 'SELECT sentiment.* FROM  sentiment_fts fts LEFT JOIN sentiment ON fts.rowid = sentiment.id WHERE fts.sentiment_fts MATCH ? ORDER BY fts.rowid DESC LIMIT 1000': no such table: sentiment_fts
Execution failed on sql 'SELECT sentiment.* FROM  sentiment_fts fts LEFT JOIN sentiment ON fts.rowid = sentiment.id WHERE fts.sentiment_fts MATCH ? ORDER BY fts.rowid DESC LIMIT 1000': no such table: sentiment_fts
Execution failed on sql 'SELECT sentiment.* FROM  sentiment_fts fts LEFT JOIN sentiment ON fts.rowid = sentiment.id WHERE fts.sentiment_fts MATCH ? ORDER BY fts.rowid DESC LIMIT 1000': no such table: sentiment_fts
Execution failed on sql 'SELECT sentiment.* FROM  sentiment_fts fts LEFT JOIN sentiment ON fts.rowid = sentiment.id WHERE fts.sentiment_fts MATCH ? ORDER BY fts.rowid DESC LIMIT 1000': no such table: sentiment_fts
Execution failed on sql 'SELECT sentiment.* FROM  sentiment_fts fts LEFT JOIN sentiment ON fts.rowid = sentiment.id WHERE fts.sentiment_fts MATCH ? ORDER BY fts.rowid DESC LIMIT 1000': no such table: sentiment_fts
Execution failed on sql 'SELECT sentiment.* FROM  sentiment_fts fts LEFT JOIN sentiment ON fts.rowid = sentiment.id WHERE fts.sentiment_fts MATCH ? ORDER BY fts.rowid DESC LIMIT 1000': no such table: sentiment_fts
Execution failed on sql 'SELECT sentiment.* FROM  sentiment_fts fts LEFT JOIN sentiment ON fts.rowid = sentiment.id WHERE fts.sentiment_fts MATCH ? ORDER BY fts.rowid DESC LIMIT 1000': no such table: sentiment_fts
Execution failed on sql 'SELECT sentiment.* FROM  sentiment_fts fts LEFT JOIN sentiment ON fts.rowid = sentiment.id WHERE fts.sentiment_fts MATCH ? ORDER BY fts.rowid DESC LIMIT 1000': no such table: sentiment_fts
Execution failed on sql 'SELECT sentiment.* FROM  sentiment_fts fts LEFT JOIN sentiment ON fts.rowid = sentiment.id WHERE fts.sentiment_fts MATCH ? ORDER BY fts.rowid DESC LIMIT 1000': no such table: sentiment_fts
Execution failed on sql 'SELECT sentiment.* FROM  sentiment_fts fts LEFT JOIN sentiment ON fts.rowid = sentiment.id WHERE fts.sentiment_fts MATCH ? ORDER BY fts.rowid DESC LIMIT 1000': no such table: sentiment_fts
Execution failed on sql 'SELECT sentiment.* FROM  sentiment_fts fts LEFT JOIN sentiment ON fts.rowid = sentiment.id WHERE fts.sentiment_fts MATCH ? ORDER BY fts.rowid DESC LIMIT 1000': no such table: sentiment_fts
Execution failed on sql 'SELECT sentiment.* FROM  sentiment_fts fts LEFT JOIN sentiment ON fts.rowid = sentiment.id WHERE fts.sentiment_fts MATCH ? ORDER BY fts.rowid DESC LIMIT 1000': no such table: sentiment_fts
Execution failed on sql 'SELECT sentiment.* FROM  sentiment_fts fts LEFT JOIN sentiment ON fts.rowid = sentiment.id WHERE fts.sentiment_fts MATCH ? ORDER BY fts.rowid DESC LIMIT 1000': no such table: sentiment_fts
Execution failed on sql 'SELECT sentiment.* FROM  sentiment_fts fts LEFT JOIN sentiment ON fts.rowid = sentiment.id WHERE fts.sentiment_fts MATCH ? ORDER BY fts.rowid DESC LIMIT 1000': no such table: sentiment_fts
Execution failed on sql 'SELECT sentiment.* FROM  sentiment_fts fts LEFT JOIN sentiment ON fts.rowid = sentiment.id WHERE fts.sentiment_fts MATCH ? ORDER BY fts.rowid DESC LIMIT 1000': no such table: sentiment_fts
Execution failed on sql 'SELECT sentiment.* FROM  sentiment_fts fts LEFT JOIN sentiment ON fts.rowid = sentiment.id WHERE fts.sentiment_fts MATCH ? ORDER BY fts.rowid DESC LIMIT 1000': no such table: sentiment_fts
Execution failed on sql 'SELECT sentiment.* FROM  sentiment_fts fts LEFT JOIN sentiment ON fts.rowid = sentiment.id WHERE fts.sentiment_fts MATCH ? ORDER BY fts.rowid DESC LIMIT 1000': no such table: sentiment_fts
Execution failed on sql 'SELECT sentiment.* FROM  sentiment_fts fts LEFT JOIN sentiment ON fts.rowid = sentiment.id WHERE fts.sentiment_fts MATCH ? ORDER BY fts.rowid DESC LIMIT 1000': no such table: sentiment_fts
Execution failed on sql 'SELECT sentiment.* FROM  sentiment_fts fts LEFT JOIN sentiment ON fts.rowid = sentiment.id WHERE fts.sentiment_fts MATCH ? ORDER BY fts.rowid DESC LIMIT 1000': no such table: sentiment_fts
Execution failed on sql 'SELECT sentiment.* FROM  sentiment_fts fts LEFT JOIN sentiment ON fts.rowid = sentiment.id WHERE fts.sentiment_fts MATCH ? ORDER BY fts.rowid DESC LIMIT 1000': no such table: sentiment_fts
Execution failed on sql 'SELECT sentiment.* FROM  sentiment_fts fts LEFT JOIN sentiment ON fts.rowid = sentiment.id WHERE fts.sentiment_fts MATCH ? ORDER BY fts.rowid DESC LIMIT 1000': no such table: sentiment_fts
Execution failed on sql 'SELECT sentiment.* FROM  sentiment_fts fts LEFT JOIN sentiment ON fts.rowid = sentiment.id WHERE fts.sentiment_fts MATCH ? ORDER BY fts.rowid DESC LIMIT 1000': no such table: sentiment_fts
Execution failed on sql 'SELECT sentiment.* FROM  sentiment_fts fts LEFT JOIN sentiment ON fts.rowid = sentiment.id WHERE fts.sentiment_fts MATCH ? ORDER BY fts.rowid DESC LIMIT 1000': no such table: sentiment_fts
Execution failed on sql 'SELECT sentiment.* FROM  sentiment_fts fts LEFT JOIN sentiment ON fts.rowid = sentiment.id WHERE fts.sentiment_fts MATCH ? ORDER BY fts.rowid DESC LIMIT 1000': no such table: sentiment_fts
Execution failed on sql 'SELECT sentiment.* FROM  sentiment_fts fts LEFT JOIN sentiment ON fts.rowid = sentiment.id WHERE fts.sentiment_fts MATCH ? ORDER BY fts.rowid DESC LIMIT 1000': no such table: sentiment_fts
Execution failed on sql 'SELECT sentiment.* FROM  sentiment_fts fts LEFT JOIN sentiment ON fts.rowid = sentiment.id WHERE fts.sentiment_fts MATCH ? ORDER BY fts.rowid DESC LIMIT 1000': no such table: sentiment_fts
Execution failed on sql 'SELECT sentiment.* FROM  sentiment_fts fts LEFT JOIN sentiment ON fts.rowid = sentiment.id WHERE fts.sentiment_fts MATCH ? ORDER BY fts.rowid DESC LIMIT 1000': no such table: sentiment_fts
Execution failed on sql 'SELECT sentiment.* FROM  sentiment_fts fts LEFT JOIN sentiment ON fts.rowid = sentiment.id WHERE fts.sentiment_fts MATCH ? ORDER BY fts.rowid DESC LIMIT 1000': no such table: sentiment_fts
Execution failed on sql 'SELECT sentiment.* FROM  sentiment_fts fts LEFT JOIN sentiment ON fts.rowid = sentiment.id WHERE fts.sentiment_fts MATCH ? ORDER BY fts.rowid DESC LIMIT 1000': no such table: sentiment_fts
Execution failed on sql 'SELECT sentiment.* FROM  sentiment_fts fts LEFT JOIN sentiment ON fts.rowid = sentiment.id WHERE fts.sentiment_fts MATCH ? ORDER BY fts.rowid DESC LIMIT 1000': no such table: sentiment_fts
Execution failed on sql 'SELECT sentiment.* FROM  sentiment_fts fts LEFT JOIN sentiment ON fts.rowid = sentiment.id WHERE fts.sentiment_fts MATCH ? ORDER BY fts.rowid DESC LIMIT 1000': no such table: sentiment_fts
Execution failed on sql 'SELECT sentiment.* FROM  sentiment_fts fts LEFT JOIN sentiment ON fts.rowid = sentiment.id WHERE fts.sentiment_fts MATCH ? ORDER BY fts.rowid DESC LIMIT 1000': no such table: sentiment_fts
Execution failed on sql 'SELECT sentiment.* FROM  sentiment_fts fts LEFT JOIN sentiment ON fts.rowid = sentiment.id WHERE fts.sentiment_fts MATCH ? ORDER BY fts.rowid DESC LIMIT 1000': no such table: sentiment_fts
Execution failed on sql 'SELECT sentiment.* FROM  sentiment_fts fts LEFT JOIN sentiment ON fts.rowid = sentiment.id WHERE fts.sentiment_fts MATCH ? ORDER BY fts.rowid DESC LIMIT 1000': no such table: sentiment_fts
Execution failed on sql 'SELECT sentiment.* FROM  sentiment_fts fts LEFT JOIN sentiment ON fts.rowid = sentiment.id WHERE fts.sentiment_fts MATCH ? ORDER BY fts.rowid DESC LIMIT 1000': no such table: sentiment_fts
Execution failed on sql 'SELECT sentiment.* FROM  sentiment_fts fts LEFT JOIN sentiment ON fts.rowid = sentiment.id WHERE fts.sentiment_fts MATCH ? ORDER BY fts.rowid DESC LIMIT 1000': no such table: sentiment_fts
Execution failed on sql 'SELECT sentiment.* FROM  sentiment_fts fts LEFT JOIN sentiment ON fts.rowid = sentiment.id WHERE fts.sentiment_fts MATCH ? ORDER BY fts.rowid DESC LIMIT 1000': no such table: sentiment_fts
Execution failed on sql 'SELECT sentiment.* FROM  sentiment_fts fts LEFT JOIN sentiment ON fts.rowid = sentiment.id WHERE fts.sentiment_fts MATCH ? ORDER BY fts.rowid DESC LIMIT 1000': no such table: sentiment_fts
Execution failed on sql 'SELECT sentiment.* FROM  sentiment_fts fts LEFT JOIN sentiment ON fts.rowid = sentiment.id WHERE fts.sentiment_fts MATCH ? ORDER BY fts.rowid DESC LIMIT 1000': no such table: sentiment_fts
Execution failed on sql 'SELECT sentiment.* FROM  sentiment_fts fts LEFT JOIN sentiment ON fts.rowid = sentiment.id WHERE fts.sentiment_fts MATCH ? ORDER BY fts.rowid DESC LIMIT 1000': no such table: sentiment_fts
Execution failed on sql 'SELECT sentiment.* FROM  sentiment_fts fts LEFT JOIN sentiment ON fts.rowid = sentiment.id WHERE fts.sentiment_fts MATCH ? ORDER BY fts.rowid DESC LIMIT 1000': no such table: sentiment_fts
Execution failed on sql 'SELECT sentiment.* FROM  sentiment_fts fts LEFT JOIN sentiment ON fts.rowid = sentiment.id WHERE fts.sentiment_fts MATCH ? ORDER BY fts.rowid DESC LIMIT 1000': no such table: sentiment_fts
Execution failed on sql 'SELECT sentiment.* FROM  sentiment_fts fts LEFT JOIN sentiment ON fts.rowid = sentiment.id WHERE fts.sentiment_fts MATCH ? ORDER BY fts.rowid DESC LIMIT 1000': no such table: sentiment_fts
Execution failed on sql 'SELECT sentiment.* FROM  sentiment_fts fts LEFT JOIN sentiment ON fts.rowid = sentiment.id WHERE fts.sentiment_fts MATCH ? ORDER BY fts.rowid DESC LIMIT 1000': no such table: sentiment_fts
Execution failed on sql 'SELECT sentiment.* FROM  sentiment_fts fts LEFT JOIN sentiment ON fts.rowid = sentiment.id WHERE fts.sentiment_fts MATCH ? ORDER BY fts.rowid DESC LIMIT 1000': no such table: sentiment_fts
Execution failed on sql 'SELECT sentiment.* FROM  sentiment_fts fts LEFT JOIN sentiment ON fts.rowid = sentiment.id WHERE fts.sentiment_fts MATCH ? ORDER BY fts.rowid DESC LIMIT 1000': no such table: sentiment_fts
Execution failed on sql 'SELECT sentiment.* FROM  sentiment_fts fts LEFT JOIN sentiment ON fts.rowid = sentiment.id WHERE fts.sentiment_fts MATCH ? ORDER BY fts.rowid DESC LIMIT 1000': no such table: sentiment_fts
Execution failed on sql 'SELECT sentiment.* FROM  sentiment_fts fts LEFT JOIN sentiment ON fts.rowid = sentiment.id WHERE fts.sentiment_fts MATCH ? ORDER BY fts.rowid DESC LIMIT 1000': no such table: sentiment_fts
Execution failed on sql 'SELECT sentiment.* FROM  sentiment_fts fts LEFT JOIN sentiment ON fts.rowid = sentiment.id WHERE fts.sentiment_fts MATCH ? ORDER BY fts.rowid DESC LIMIT 1000': no such table: sentiment_fts
Execution failed on sql 'SELECT sentiment.* FROM  sentiment_fts fts LEFT JOIN sentiment ON fts.rowid = sentiment.id WHERE fts.sentiment_fts MATCH ? ORDER BY fts.rowid DESC LIMIT 1000': no such table: sentiment_fts
Execution failed on sql 'SELECT sentiment.* FROM  sentiment_fts fts LEFT JOIN sentiment ON fts.rowid = sentiment.id WHERE fts.sentiment_fts MATCH ? ORDER BY fts.rowid DESC LIMIT 1000': no such table: sentiment_fts
Execution failed on sql 'SELECT sentiment.* FROM  sentiment_fts fts LEFT JOIN sentiment ON fts.rowid = sentiment.id WHERE fts.sentiment_fts MATCH ? ORDER BY fts.rowid DESC LIMIT 1000': no such table: sentiment_fts
Execution failed on sql 'SELECT sentiment.* FROM  sentiment_fts fts LEFT JOIN sentiment ON fts.rowid = sentiment.id WHERE fts.sentiment_fts MATCH ? ORDER BY fts.rowid DESC LIMIT 1000': no such table: sentiment_fts
Execution failed on sql 'SELECT sentiment.* FROM  sentiment_fts fts LEFT JOIN sentiment ON fts.rowid = sentiment.id WHERE fts.sentiment_fts MATCH ? ORDER BY fts.rowid DESC LIMIT 1000': no such table: sentiment_fts
Execution failed on sql 'SELECT sentiment.* FROM  sentiment_fts fts LEFT JOIN sentiment ON fts.rowid = sentiment.id WHERE fts.sentiment_fts MATCH ? ORDER BY fts.rowid DESC LIMIT 1000': no such table: sentiment_fts
Execution failed on sql 'SELECT sentiment.* FROM  sentiment_fts fts LEFT JOIN sentiment ON fts.rowid = sentiment.id WHERE fts.sentiment_fts MATCH ? ORDER BY fts.rowid DESC LIMIT 1000': no such table: sentiment_fts
Execution failed on sql 'SELECT sentiment.* FROM  sentiment_fts fts LEFT JOIN sentiment ON fts.rowid = sentiment.id WHERE fts.sentiment_fts MATCH ? ORDER BY fts.rowid DESC LIMIT 1000': no such table: sentiment_fts
Execution failed on sql 'SELECT sentiment.* FROM  sentiment_fts fts LEFT JOIN sentiment ON fts.rowid = sentiment.id WHERE fts.sentiment_fts MATCH ? ORDER BY fts.rowid DESC LIMIT 1000': no such table: sentiment_fts
Execution failed on sql 'SELECT sentiment.* FROM  sentiment_fts fts LEFT JOIN sentiment ON fts.rowid = sentiment.id WHERE fts.sentiment_fts MATCH ? ORDER BY fts.rowid DESC LIMIT 1000': no such table: sentiment_fts
Execution failed on sql 'SELECT sentiment.* FROM  sentiment_fts fts LEFT JOIN sentiment ON fts.rowid = sentiment.id WHERE fts.sentiment_fts MATCH ? ORDER BY fts.rowid DESC LIMIT 1000': no such table: sentiment_fts
Execution failed on sql 'SELECT sentiment.* FROM  sentiment_fts fts LEFT JOIN sentiment ON fts.rowid = sentiment.id WHERE fts.sentiment_fts MATCH ? ORDER BY fts.rowid DESC LIMIT 1000': no such table: sentiment_fts
Execution failed on sql 'SELECT sentiment.* FROM  sentiment_fts fts LEFT JOIN sentiment ON fts.rowid = sentiment.id WHERE fts.sentiment_fts MATCH ? ORDER BY fts.rowid DESC LIMIT 1000': no such table: sentiment_fts
Execution failed on sql 'SELECT sentiment.* FROM  sentiment_fts fts LEFT JOIN sentiment ON fts.rowid = sentiment.id WHERE fts.sentiment_fts MATCH ? ORDER BY fts.rowid DESC LIMIT 1000': no such table: sentiment_fts
Execution failed on sql 'SELECT sentiment.* FROM  sentiment_fts fts LEFT JOIN sentiment ON fts.rowid = sentiment.id WHERE fts.sentiment_fts MATCH ? ORDER BY fts.rowid DESC LIMIT 1000': no such table: sentiment_fts
Execution failed on sql 'SELECT sentiment.* FROM  sentiment_fts fts LEFT JOIN sentiment ON fts.rowid = sentiment.id WHERE fts.sentiment_fts MATCH ? ORDER BY fts.rowid DESC LIMIT 1000': no such table: sentiment_fts
Execution failed on sql 'SELECT sentiment.* FROM  sentiment_fts fts LEFT JOIN sentiment ON fts.rowid = sentiment.id WHERE fts.sentiment_fts MATCH ? ORDER BY fts.rowid DESC LIMIT 1000': no such table: sentiment_fts
Execution failed on sql 'SELECT sentiment.* FROM  sentiment_fts fts LEFT JOIN sentiment ON fts.rowid = sentiment.id WHERE fts.sentiment_fts MATCH ? ORDER BY fts.rowid DESC LIMIT 1000': no such table: sentiment_fts
Execution failed on sql 'SELECT sentiment.* FROM  sentiment_fts fts LEFT JOIN sentiment ON fts.rowid = sentiment.id WHERE fts.sentiment_fts MATCH ? ORDER BY fts.rowid DESC LIMIT 1000': no such table: sentiment_fts
Execution failed on sql 'SELECT sentiment.* FROM  sentiment_fts fts LEFT JOIN sentiment ON fts.rowid = sentiment.id WHERE fts.sentiment_fts MATCH ? ORDER BY fts.rowid DESC LIMIT 1000': no such table: sentiment_fts
Execution failed on sql 'SELECT sentiment.* FROM  sentiment_fts fts LEFT JOIN sentiment ON fts.rowid = sentiment.id WHERE fts.sentiment_fts MATCH ? ORDER BY fts.rowid DESC LIMIT 1000': no such table: sentiment_fts
Execution failed on sql 'SELECT sentiment.* FROM  sentiment_fts fts LEFT JOIN sentiment ON fts.rowid = sentiment.id WHERE fts.sentiment_fts MATCH ? ORDER BY fts.rowid DESC LIMIT 1000': no such table: sentiment_fts
Execution failed on sql 'SELECT sentiment.* FROM  sentiment_fts fts LEFT JOIN sentiment ON fts.rowid = sentiment.id WHERE fts.sentiment_fts MATCH ? ORDER BY fts.rowid DESC LIMIT 1000': no such table: sentiment_fts
Execution failed on sql 'SELECT sentiment.* FROM  sentiment_fts fts LEFT JOIN sentiment ON fts.rowid = sentiment.id WHERE fts.sentiment_fts MATCH ? ORDER BY fts.rowid DESC LIMIT 1000': no such table: sentiment_fts
Execution failed on sql 'SELECT sentiment.* FROM  sentiment_fts fts LEFT JOIN sentiment ON fts.rowid = sentiment.id WHERE fts.sentiment_fts MATCH ? ORDER BY fts.rowid DESC LIMIT 1000': no such table: sentiment_fts
Execution failed on sql 'SELECT sentiment.* FROM  sentiment_fts fts LEFT JOIN sentiment ON fts.rowid = sentiment.id WHERE fts.sentiment_fts MATCH ? ORDER BY fts.rowid DESC LIMIT 1000': no such table: sentiment_fts
Execution failed on sql 'SELECT sentiment.* FROM  sentiment_fts fts LEFT JOIN sentiment ON fts.rowid = sentiment.id WHERE fts.sentiment_fts MATCH ? ORDER BY fts.rowid DESC LIMIT 1000': no such table: sentiment_fts
Execution failed on sql 'SELECT sentiment.* FROM  sentiment_fts fts LEFT JOIN sentiment ON fts.rowid = sentiment.id WHERE fts.sentiment_fts MATCH ? ORDER BY fts.rowid DESC LIMIT 1000': no such table: sentiment_fts
Execution failed on sql 'SELECT sentiment.* FROM  sentiment_fts fts LEFT JOIN sentiment ON fts.rowid = sentiment.id WHERE fts.sentiment_fts MATCH ? ORDER BY fts.rowid DESC LIMIT 1000': no such table: sentiment_fts
Execution failed on sql 'SELECT sentiment.* FROM  sentiment_fts fts LEFT JOIN sentiment ON fts.rowid = sentiment.id WHERE fts.sentiment_fts MATCH ? ORDER BY fts.rowid DESC LIMIT 1000': no such table: sentiment_fts
Execution failed on sql 'SELECT sentiment.* FROM  sentiment_fts fts LEFT JOIN sentiment ON fts.rowid = sentiment.id WHERE fts.sentiment_fts MATCH ? ORDER BY fts.rowid DESC LIMIT 1000': no such table: sentiment_fts
Execution failed on sql 'SELECT sentiment.* FROM  sentiment_fts fts LEFT JOIN sentiment ON fts.rowid = sentiment.id WHERE fts.sentiment_fts MATCH ? ORDER BY fts.rowid DESC LIMIT 1000': no such table: sentiment_fts
Execution failed on sql 'SELECT sentiment.* FROM  sentiment_fts fts LEFT JOIN sentiment ON fts.rowid = sentiment.id WHERE fts.sentiment_fts MATCH ? ORDER BY fts.rowid DESC LIMIT 1000': no such table: sentiment_fts
Execution failed on sql 'SELECT sentiment.* FROM  sentiment_fts fts LEFT JOIN sentiment ON fts.rowid = sentiment.id WHERE fts.sentiment_fts MATCH ? ORDER BY fts.rowid DESC LIMIT 1000': no such table: sentiment_fts
Execution failed on sql 'SELECT sentiment.* FROM  sentiment_fts fts LEFT JOIN sentiment ON fts.rowid = sentiment.id WHERE fts.sentiment_fts MATCH ? ORDER BY fts.rowid DESC LIMIT 1000': no such table: sentiment_fts
Execution failed on sql 'SELECT sentiment.* FROM  sentiment_fts fts LEFT JOIN sentiment ON fts.rowid = sentiment.id WHERE fts.sentiment_fts MATCH ? ORDER BY fts.rowid DESC LIMIT 1000': no such table: sentiment_fts
Execution failed on sql 'SELECT sentiment.* FROM  sentiment_fts fts LEFT JOIN sentiment ON fts.rowid = sentiment.id WHERE fts.sentiment_fts MATCH ? ORDER BY fts.rowid DESC LIMIT 1000': no such table: sentiment_fts
Execution failed on sql 'SELECT sentiment.* FROM  sentiment_fts fts LEFT JOIN sentiment ON fts.rowid = sentiment.id WHERE fts.sentiment_fts MATCH ? ORDER BY fts.rowid DESC LIMIT 1000': no such table: sentiment_fts
Execution failed on sql 'SELECT sentiment.* FROM  sentiment_fts fts LEFT JOIN sentiment ON fts.rowid = sentiment.id WHERE fts.sentiment_fts MATCH ? ORDER BY fts.rowid DESC LIMIT 1000': no such table: sentiment_fts
Execution failed on sql 'SELECT sentiment.* FROM  sentiment_fts fts LEFT JOIN sentiment ON fts.rowid = sentiment.id WHERE fts.sentiment_fts MATCH ? ORDER BY fts.rowid DESC LIMIT 1000': no such table: sentiment_fts
Execution failed on sql 'SELECT sentiment.* FROM  sentiment_fts fts LEFT JOIN sentiment ON fts.rowid = sentiment.id WHERE fts.sentiment_fts MATCH ? ORDER BY fts.rowid DESC LIMIT 1000': no such table: sentiment_fts
Execution failed on sql 'SELECT sentiment.* FROM  sentiment_fts fts LEFT JOIN sentiment ON fts.rowid = sentiment.id WHERE fts.sentiment_fts MATCH ? ORDER BY fts.rowid DESC LIMIT 1000': no such table: sentiment_fts
Execution failed on sql 'SELECT sentiment.* FROM  sentiment_fts fts LEFT JOIN sentiment ON fts.rowid = sentiment.id WHERE fts.sentiment_fts MATCH ? ORDER BY fts.rowid DESC LIMIT 1000': no such table: sentiment_fts
Execution failed on sql 'SELECT sentiment.* FROM  sentiment_fts fts LEFT JOIN sentiment ON fts.rowid = sentiment.id WHERE fts.sentiment_fts MATCH ? ORDER BY fts.rowid DESC LIMIT 1000': no such table: sentiment_fts
Execution failed on sql 'SELECT sentiment.* FROM  sentiment_fts fts LEFT JOIN sentiment ON fts.rowid = sentiment.id WHERE fts.sentiment_fts MATCH ? ORDER BY fts.rowid DESC LIMIT 1000': no such table: sentiment_fts
min() arg is an empty sequence
Execution failed on sql 'SELECT sentiment.* FROM sentiment_fts fts LEFT JOIN sentiment ON fts.rowid = sentiment.id WHERE fts.sentiment_fts MATCH ? ORDER BY fts.rowid DESC LIMIT 1000': no such table: sentiment_fts
Execution failed on sql 'SELECT sentiment.* FROM sentiment_fts fts LEFT JOIN sentiment ON fts.rowid = sentiment.id WHERE fts.sentiment_fts MATCH ? ORDER BY fts.rowid DESC LIMIT 10000': no such table: sentiment_fts
min() arg is an empty sequence
Execution failed on sql 'SELECT sentiment.* FROM sentiment_fts fts LEFT JOIN sentiment ON fts.rowid = sentiment.id WHERE fts.sentiment_fts MATCH ? ORDER BY fts.rowid DESC LIMIT 10000': no such table: sentiment_fts
Execution failed on sql 'SELECT sentiment.* FROM sentiment_fts fts LEFT JOIN sentiment ON fts.rowid = sentiment.id WHERE fts.sentiment_fts MATCH ? ORDER BY fts.rowid DESC LIMIT 1000': no such table: sentiment_fts
min() arg is an empty sequence
Execution failed on sql 'SELECT sentiment.* FROM sentiment_fts fts LEFT JOIN sentiment ON fts.rowid = sentiment.id WHERE fts.sentiment_fts MATCH ? ORDER BY fts.rowid DESC LIMIT 1000': no such table: sentiment_fts
Execution failed on sql 'SELECT sentiment.* FROM sentiment_fts fts LEFT JOIN sentiment ON fts.rowid = sentiment.id WHERE fts.sentiment_fts MATCH ? ORDER BY fts.rowid DESC LIMIT 10000': no such table: sentiment_fts
min() arg is an empty sequence
Execution failed on sql 'SELECT sentiment.* FROM sentiment_fts fts LEFT JOIN sentiment ON fts.rowid = sentiment.id WHERE fts.sentiment_fts MATCH ? ORDER BY fts.rowid DESC LIMIT 10000': no such table: sentiment_fts
Execution failed on sql 'SELECT sentiment.* FROM sentiment_fts fts LEFT JOIN sentiment ON fts.rowid = sentiment.id WHERE fts.sentiment_fts MATCH ? ORDER BY fts.rowid DESC LIMIT 1000': no such table: sentiment_fts
Execution failed on sql 'SELECT sentiment.* FROM  sentiment_fts fts LEFT JOIN sentiment ON fts.rowid = sentiment.id WHERE fts.sentiment_fts MATCH ? ORDER BY fts.rowid DESC LIMIT 1000': no such table: sentiment_fts
Execution failed on sql 'SELECT sentiment.* FROM  sentiment_fts fts LEFT JOIN sentiment ON fts.rowid = sentiment.id WHERE fts.sentiment_fts MATCH ? ORDER BY fts.rowid DESC LIMIT 1000': no such table: sentiment_fts
Execution failed on sql 'SELECT sentiment.* FROM  sentiment_fts fts LEFT JOIN sentiment ON fts.rowid = sentiment.id WHERE fts.sentiment_fts MATCH ? ORDER BY fts.rowid DESC LIMIT 1000': no such table: sentiment_fts
Execution failed on sql 'SELECT sentiment.* FROM  sentiment_fts fts LEFT JOIN sentiment ON fts.rowid = sentiment.id WHERE fts.sentiment_fts MATCH ? ORDER BY fts.rowid DESC LIMIT 1000': no such table: sentiment_fts
Execution failed on sql 'SELECT sentiment.* FROM  sentiment_fts fts LEFT JOIN sentiment ON fts.rowid = sentiment.id WHERE fts.sentiment_fts MATCH ? ORDER BY fts.rowid DESC LIMIT 1000': no such table: sentiment_fts
Execution failed on sql 'SELECT sentiment.* FROM  sentiment_fts fts LEFT JOIN sentiment ON fts.rowid = sentiment.id WHERE fts.sentiment_fts MATCH ? ORDER BY fts.rowid DESC LIMIT 1000': no such table: sentiment_fts
Execution failed on sql 'SELECT sentiment.* FROM  sentiment_fts fts LEFT JOIN sentiment ON fts.rowid = sentiment.id WHERE fts.sentiment_fts MATCH ? ORDER BY fts.rowid DESC LIMIT 1000': no such table: sentiment_fts
Execution failed on sql 'SELECT sentiment.* FROM  sentiment_fts fts LEFT JOIN sentiment ON fts.rowid = sentiment.id WHERE fts.sentiment_fts MATCH ? ORDER BY fts.rowid DESC LIMIT 1000': no such table: sentiment_fts
Execution failed on sql 'SELECT sentiment.* FROM  sentiment_fts fts LEFT JOIN sentiment ON fts.rowid = sentiment.id WHERE fts.sentiment_fts MATCH ? ORDER BY fts.rowid DESC LIMIT 1000': no such table: sentiment_fts
Execution failed on sql 'SELECT sentiment.* FROM  sentiment_fts fts LEFT JOIN sentiment ON fts.rowid = sentiment.id WHERE fts.sentiment_fts MATCH ? ORDER BY fts.rowid DESC LIMIT 1000': no such table: sentiment_fts
Execution failed on sql 'SELECT sentiment.* FROM  sentiment_fts fts LEFT JOIN sentiment ON fts.rowid = sentiment.id WHERE fts.sentiment_fts MATCH ? ORDER BY fts.rowid DESC LIMIT 1000': no such table: sentiment_fts
Execution failed on sql 'SELECT sentiment.* FROM  sentiment_fts fts LEFT JOIN sentiment ON fts.rowid = sentiment.id WHERE fts.sentiment_fts MATCH ? ORDER BY fts.rowid DESC LIMIT 1000': no such table: sentiment_fts
Execution failed on sql 'SELECT sentiment.* FROM  sentiment_fts fts LEFT JOIN sentiment ON fts.rowid = sentiment.id WHERE fts.sentiment_fts MATCH ? ORDER BY fts.rowid DESC LIMIT 1000': no such table: sentiment_fts
Execution failed on sql 'SELECT sentiment.* FROM  sentiment_fts fts LEFT JOIN sentiment ON fts.rowid = sentiment.id WHERE fts.sentiment_fts MATCH ? ORDER BY fts.rowid DESC LIMIT 1000': no such table: sentiment_fts
Execution failed on sql 'SELECT sentiment.* FROM  sentiment_fts fts LEFT JOIN sentiment ON fts.rowid = sentiment.id WHERE fts.sentiment_fts MATCH ? ORDER BY fts.rowid DESC LIMIT 1000': no such table: sentiment_fts
Execution failed on sql 'SELECT sentiment.* FROM  sentiment_fts fts LEFT JOIN sentiment ON fts.rowid = sentiment.id WHERE fts.sentiment_fts MATCH ? ORDER BY fts.rowid DESC LIMIT 1000': no such table: sentiment_fts
Execution failed on sql 'SELECT sentiment.* FROM  sentiment_fts fts LEFT JOIN sentiment ON fts.rowid = sentiment.id WHERE fts.sentiment_fts MATCH ? ORDER BY fts.rowid DESC LIMIT 1000': no such table: sentiment_fts
Execution failed on sql 'SELECT sentiment.* FROM  sentiment_fts fts LEFT JOIN sentiment ON fts.rowid = sentiment.id WHERE fts.sentiment_fts MATCH ? ORDER BY fts.rowid DESC LIMIT 1000': <sqlite3.Connection object at 0x000002483D205730> returned NULL without setting an error
Execution failed on sql 'SELECT sentiment.* FROM  sentiment_fts fts LEFT JOIN sentiment ON fts.rowid = sentiment.id WHERE fts.sentiment_fts MATCH ? ORDER BY fts.rowid DESC LIMIT 1000': no such table: sentiment_fts
Execution failed on sql 'SELECT sentiment.* FROM  sentiment_fts fts LEFT JOIN sentiment ON fts.rowid = sentiment.id WHERE fts.sentiment_fts MATCH ? ORDER BY fts.rowid DESC LIMIT 1000': no such table: sentiment_fts
Execution failed on sql 'SELECT sentiment.* FROM  sentiment_fts fts LEFT JOIN sentiment ON fts.rowid = sentiment.id WHERE fts.sentiment_fts MATCH ? ORDER BY fts.rowid DESC LIMIT 1000': no such table: sentiment_fts
Execution failed on sql 'SELECT sentiment.* FROM  sentiment_fts fts LEFT JOIN sentiment ON fts.rowid = sentiment.id WHERE fts.sentiment_fts MATCH ? ORDER BY fts.rowid DESC LIMIT 1000': no such table: sentiment_fts
Execution failed on sql 'SELECT sentiment.* FROM  sentiment_fts fts LEFT JOIN sentiment ON fts.rowid = sentiment.id WHERE fts.sentiment_fts MATCH ? ORDER BY fts.rowid DESC LIMIT 1000': no such table: sentiment_fts
Execution failed on sql 'SELECT sentiment.* FROM  sentiment_fts fts LEFT JOIN sentiment ON fts.rowid = sentiment.id WHERE fts.sentiment_fts MATCH ? ORDER BY fts.rowid DESC LIMIT 1000': no such table: sentiment_fts
Execution failed on sql 'SELECT sentiment.* FROM  sentiment_fts fts LEFT JOIN sentiment ON fts.rowid = sentiment.id WHERE fts.sentiment_fts MATCH ? ORDER BY fts.rowid DESC LIMIT 1000': no such table: sentiment_fts
Execution failed on sql 'SELECT sentiment.* FROM  sentiment_fts fts LEFT JOIN sentiment ON fts.rowid = sentiment.id WHERE fts.sentiment_fts MATCH ? ORDER BY fts.rowid DESC LIMIT 1000': no such table: sentiment_fts
Execution failed on sql 'SELECT sentiment.* FROM  sentiment_fts fts LEFT JOIN sentiment ON fts.rowid = sentiment.id WHERE fts.sentiment_fts MATCH ? ORDER BY fts.rowid DESC LIMIT 1000': no such table: sentiment_fts
Execution failed on sql 'SELECT sentiment.* FROM  sentiment_fts fts LEFT JOIN sentiment ON fts.rowid = sentiment.id WHERE fts.sentiment_fts MATCH ? ORDER BY fts.rowid DESC LIMIT 1000': no such table: sentiment_fts
Execution failed on sql 'SELECT sentiment.* FROM  sentiment_fts fts LEFT JOIN sentiment ON fts.rowid = sentiment.id WHERE fts.sentiment_fts MATCH ? ORDER BY fts.rowid DESC LIMIT 1000': no such table: sentiment_fts
Execution failed on sql 'SELECT sentiment.* FROM  sentiment_fts fts LEFT JOIN sentiment ON fts.rowid = sentiment.id WHERE fts.sentiment_fts MATCH ? ORDER BY fts.rowid DESC LIMIT 1000': no such table: sentiment_fts
Execution failed on sql 'SELECT sentiment.* FROM  sentiment_fts fts LEFT JOIN sentiment ON fts.rowid = sentiment.id WHERE fts.sentiment_fts MATCH ? ORDER BY fts.rowid DESC LIMIT 1000': no such table: sentiment_fts
Execution failed on sql 'SELECT sentiment.* FROM  sentiment_fts fts LEFT JOIN sentiment ON fts.rowid = sentiment.id WHERE fts.sentiment_fts MATCH ? ORDER BY fts.rowid DESC LIMIT 1000': no such table: sentiment_fts
Execution failed on sql 'SELECT sentiment.* FROM  sentiment_fts fts LEFT JOIN sentiment ON fts.rowid = sentiment.id WHERE fts.sentiment_fts MATCH ? ORDER BY fts.rowid DESC LIMIT 1000': no such table: sentiment_fts
Execution failed on sql 'SELECT sentiment.* FROM  sentiment_fts fts LEFT JOIN sentiment ON fts.rowid = sentiment.id WHERE fts.sentiment_fts MATCH ? ORDER BY fts.rowid DESC LIMIT 1000': no such table: sentiment_fts
Execution failed on sql 'SELECT sentiment.* FROM  sentiment_fts fts LEFT JOIN sentiment ON fts.rowid = sentiment.id WHERE fts.sentiment_fts MATCH ? ORDER BY fts.rowid DESC LIMIT 1000': no such table: sentiment_fts
Execution failed on sql 'SELECT sentiment.* FROM  sentiment_fts fts LEFT JOIN sentiment ON fts.rowid = sentiment.id WHERE fts.sentiment_fts MATCH ? ORDER BY fts.rowid DESC LIMIT 1000': no such table: sentiment_fts
Execution failed on sql 'SELECT sentiment.* FROM  sentiment_fts fts LEFT JOIN sentiment ON fts.rowid = sentiment.id WHERE fts.sentiment_fts MATCH ? ORDER BY fts.rowid DESC LIMIT 1000': no such table: sentiment_fts
Execution failed on sql 'SELECT sentiment.* FROM  sentiment_fts fts LEFT JOIN sentiment ON fts.rowid = sentiment.id WHERE fts.sentiment_fts MATCH ? ORDER BY fts.rowid DESC LIMIT 1000': no such table: sentiment_fts
Execution failed on sql: SELECT sentiment.* FROM  sentiment_fts fts LEFT JOIN sentiment ON fts.rowid = sentiment.id WHERE fts.sentiment_fts MATCH ? ORDER BY fts.rowid DESC LIMIT 1000
no such table: sentiment_fts
unable to rollback
Execution failed on sql 'SELECT sentiment.* FROM  sentiment_fts fts LEFT JOIN sentiment ON fts.rowid = sentiment.id WHERE fts.sentiment_fts MATCH ? ORDER BY fts.rowid DESC LIMIT 1000': no such table: sentiment_fts
Execution failed on sql 'SELECT sentiment.* FROM  sentiment_fts fts LEFT JOIN sentiment ON fts.rowid = sentiment.id WHERE fts.sentiment_fts MATCH ? ORDER BY fts.rowid DESC LIMIT 1000': no such table: sentiment_fts
Execution failed on sql 'SELECT sentiment.* FROM  sentiment_fts fts LEFT JOIN sentiment ON fts.rowid = sentiment.id WHERE fts.sentiment_fts MATCH ? ORDER BY fts.rowid DESC LIMIT 1000': no such table: sentiment_fts
Execution failed on sql 'SELECT sentiment.* FROM  sentiment_fts fts LEFT JOIN sentiment ON fts.rowid = sentiment.id WHERE fts.sentiment_fts MATCH ? ORDER BY fts.rowid DESC LIMIT 1000': no such table: sentiment_fts
Execution failed on sql 'SELECT sentiment.* FROM  sentiment_fts fts LEFT JOIN sentiment ON fts.rowid = sentiment.id WHERE fts.sentiment_fts MATCH ? ORDER BY fts.rowid DESC LIMIT 1000': no such table: sentiment_fts
Execution failed on sql 'SELECT sentiment.* FROM  sentiment_fts fts LEFT JOIN sentiment ON fts.rowid = sentiment.id WHERE fts.sentiment_fts MATCH ? ORDER BY fts.rowid DESC LIMIT 1000': no such table: sentiment_fts
Execution failed on sql 'SELECT sentiment.* FROM  sentiment_fts fts LEFT JOIN sentiment ON fts.rowid = sentiment.id WHERE fts.sentiment_fts MATCH ? ORDER BY fts.rowid DESC LIMIT 1000': no such table: sentiment_fts
Execution failed on sql 'SELECT sentiment.* FROM  sentiment_fts fts LEFT JOIN sentiment ON fts.rowid = sentiment.id WHERE fts.sentiment_fts MATCH ? ORDER BY fts.rowid DESC LIMIT 1000': no such table: sentiment_fts
Execution failed on sql 'SELECT sentiment.* FROM  sentiment_fts fts LEFT JOIN sentiment ON fts.rowid = sentiment.id WHERE fts.sentiment_fts MATCH ? ORDER BY fts.rowid DESC LIMIT 1000': no such table: sentiment_fts
Execution failed on sql 'SELECT sentiment.* FROM  sentiment_fts fts LEFT JOIN sentiment ON fts.rowid = sentiment.id WHERE fts.sentiment_fts MATCH ? ORDER BY fts.rowid DESC LIMIT 1000': no such table: sentiment_fts
Execution failed on sql 'SELECT sentiment.* FROM  sentiment_fts fts LEFT JOIN sentiment ON fts.rowid = sentiment.id WHERE fts.sentiment_fts MATCH ? ORDER BY fts.rowid DESC LIMIT 1000': no such table: sentiment_fts
Execution failed on sql 'SELECT sentiment.* FROM  sentiment_fts fts LEFT JOIN sentiment ON fts.rowid = sentiment.id WHERE fts.sentiment_fts MATCH ? ORDER BY fts.rowid DESC LIMIT 1000': no such table: sentiment_fts
Execution failed on sql 'SELECT sentiment.* FROM  sentiment_fts fts LEFT JOIN sentiment ON fts.rowid = sentiment.id WHERE fts.sentiment_fts MATCH ? ORDER BY fts.rowid DESC LIMIT 1000': no such table: sentiment_fts
Execution failed on sql 'SELECT sentiment.* FROM  sentiment_fts fts LEFT JOIN sentiment ON fts.rowid = sentiment.id WHERE fts.sentiment_fts MATCH ? ORDER BY fts.rowid DESC LIMIT 1000': no such table: sentiment_fts
Execution failed on sql 'SELECT sentiment.* FROM  sentiment_fts fts LEFT JOIN sentiment ON fts.rowid = sentiment.id WHERE fts.sentiment_fts MATCH ? ORDER BY fts.rowid DESC LIMIT 1000': no such table: sentiment_fts
Execution failed on sql 'SELECT sentiment.* FROM  sentiment_fts fts LEFT JOIN sentiment ON fts.rowid = sentiment.id WHERE fts.sentiment_fts MATCH ? ORDER BY fts.rowid DESC LIMIT 1000': no such table: sentiment_fts
Execution failed on sql 'SELECT sentiment.* FROM  sentiment_fts fts LEFT JOIN sentiment ON fts.rowid = sentiment.id WHERE fts.sentiment_fts MATCH ? ORDER BY fts.rowid DESC LIMIT 1000': no such table: sentiment_fts
Execution failed on sql 'SELECT sentiment.* FROM  sentiment_fts fts LEFT JOIN sentiment ON fts.rowid = sentiment.id WHERE fts.sentiment_fts MATCH ? ORDER BY fts.rowid DESC LIMIT 1000': no such table: sentiment_fts
Execution failed on sql 'SELECT sentiment.* FROM  sentiment_fts fts LEFT JOIN sentiment ON fts.rowid = sentiment.id WHERE fts.sentiment_fts MATCH ? ORDER BY fts.rowid DESC LIMIT 1000': no such table: sentiment_fts
Execution failed on sql 'SELECT sentiment.* FROM  sentiment_fts fts LEFT JOIN sentiment ON fts.rowid = sentiment.id WHERE fts.sentiment_fts MATCH ? ORDER BY fts.rowid DESC LIMIT 1000': no such table: sentiment_fts
Execution failed on sql 'SELECT sentiment.* FROM  sentiment_fts fts LEFT JOIN sentiment ON fts.rowid = sentiment.id WHERE fts.sentiment_fts MATCH ? ORDER BY fts.rowid DESC LIMIT 1000': no such table: sentiment_fts
Execution failed on sql 'SELECT sentiment.* FROM  sentiment_fts fts LEFT JOIN sentiment ON fts.rowid = sentiment.id WHERE fts.sentiment_fts MATCH ? ORDER BY fts.rowid DESC LIMIT 1000': no such table: sentiment_fts
Execution failed on sql 'SELECT sentiment.* FROM  sentiment_fts fts LEFT JOIN sentiment ON fts.rowid = sentiment.id WHERE fts.sentiment_fts MATCH ? ORDER BY fts.rowid DESC LIMIT 1000': no such table: sentiment_fts
Execution failed on sql 'SELECT sentiment.* FROM  sentiment_fts fts LEFT JOIN sentiment ON fts.rowid = sentiment.id WHERE fts.sentiment_fts MATCH ? ORDER BY fts.rowid DESC LIMIT 1000': no such table: sentiment_fts
Execution failed on sql 'SELECT sentiment.* FROM  sentiment_fts fts LEFT JOIN sentiment ON fts.rowid = sentiment.id WHERE fts.sentiment_fts MATCH ? ORDER BY fts.rowid DESC LIMIT 1000': no such table: sentiment_fts
Execution failed on sql 'SELECT sentiment.* FROM  sentiment_fts fts LEFT JOIN sentiment ON fts.rowid = sentiment.id WHERE fts.sentiment_fts MATCH ? ORDER BY fts.rowid DESC LIMIT 1000': no such table: sentiment_fts
Execution failed on sql 'SELECT sentiment.* FROM  sentiment_fts fts LEFT JOIN sentiment ON fts.rowid = sentiment.id WHERE fts.sentiment_fts MATCH ? ORDER BY fts.rowid DESC LIMIT 1000': no such table: sentiment_fts
Execution failed on sql 'SELECT sentiment.* FROM  sentiment_fts fts LEFT JOIN sentiment ON fts.rowid = sentiment.id WHERE fts.sentiment_fts MATCH ? ORDER BY fts.rowid DESC LIMIT 1000': no such table: sentiment_fts
Execution failed on sql 'SELECT sentiment.* FROM  sentiment_fts fts LEFT JOIN sentiment ON fts.rowid = sentiment.id WHERE fts.sentiment_fts MATCH ? ORDER BY fts.rowid DESC LIMIT 1000': no such table: sentiment_fts
Execution failed on sql 'SELECT sentiment.* FROM  sentiment_fts fts LEFT JOIN sentiment ON fts.rowid = sentiment.id WHERE fts.sentiment_fts MATCH ? ORDER BY fts.rowid DESC LIMIT 1000': no such table: sentiment_fts
Execution failed on sql 'SELECT sentiment.* FROM  sentiment_fts fts LEFT JOIN sentiment ON fts.rowid = sentiment.id WHERE fts.sentiment_fts MATCH ? ORDER BY fts.rowid DESC LIMIT 1000': no such table: sentiment_fts
Execution failed on sql 'SELECT sentiment.* FROM  sentiment_fts fts LEFT JOIN sentiment ON fts.rowid = sentiment.id WHERE fts.sentiment_fts MATCH ? ORDER BY fts.rowid DESC LIMIT 1000': no such table: sentiment_fts
Execution failed on sql 'SELECT sentiment.* FROM  sentiment_fts fts LEFT JOIN sentiment ON fts.rowid = sentiment.id WHERE fts.sentiment_fts MATCH ? ORDER BY fts.rowid DESC LIMIT 1000': no such table: sentiment_fts
Execution failed on sql 'SELECT sentiment.* FROM  sentiment_fts fts LEFT JOIN sentiment ON fts.rowid = sentiment.id WHERE fts.sentiment_fts MATCH ? ORDER BY fts.rowid DESC LIMIT 1000': no such table: sentiment_fts
Execution failed on sql 'SELECT sentiment.* FROM  sentiment_fts fts LEFT JOIN sentiment ON fts.rowid = sentiment.id WHERE fts.sentiment_fts MATCH ? ORDER BY fts.rowid DESC LIMIT 1000': no such table: sentiment_fts
Execution failed on sql 'SELECT sentiment.* FROM  sentiment_fts fts LEFT JOIN sentiment ON fts.rowid = sentiment.id WHERE fts.sentiment_fts MATCH ? ORDER BY fts.rowid DESC LIMIT 1000': no such table: sentiment_fts
Execution failed on sql 'SELECT sentiment.* FROM  sentiment_fts fts LEFT JOIN sentiment ON fts.rowid = sentiment.id WHERE fts.sentiment_fts MATCH ? ORDER BY fts.rowid DESC LIMIT 1000': no such table: sentiment_fts
Execution failed on sql 'SELECT sentiment.* FROM  sentiment_fts fts LEFT JOIN sentiment ON fts.rowid = sentiment.id WHERE fts.sentiment_fts MATCH ? ORDER BY fts.rowid DESC LIMIT 1000': no such table: sentiment_fts
Execution failed on sql 'SELECT sentiment.* FROM  sentiment_fts fts LEFT JOIN sentiment ON fts.rowid = sentiment.id WHERE fts.sentiment_fts MATCH ? ORDER BY fts.rowid DESC LIMIT 1000': no such table: sentiment_fts
Execution failed on sql 'SELECT sentiment.* FROM  sentiment_fts fts LEFT JOIN sentiment ON fts.rowid = sentiment.id WHERE fts.sentiment_fts MATCH ? ORDER BY fts.rowid DESC LIMIT 1000': no such table: sentiment_fts
Execution failed on sql 'SELECT sentiment.* FROM  sentiment_fts fts LEFT JOIN sentiment ON fts.rowid = sentiment.id WHERE fts.sentiment_fts MATCH ? ORDER BY fts.rowid DESC LIMIT 1000': no such table: sentiment_fts
Execution failed on sql 'SELECT sentiment.* FROM  sentiment_fts fts LEFT JOIN sentiment ON fts.rowid = sentiment.id WHERE fts.sentiment_fts MATCH ? ORDER BY fts.rowid DESC LIMIT 1000': no such table: sentiment_fts
Execution failed on sql 'SELECT sentiment.* FROM  sentiment_fts fts LEFT JOIN sentiment ON fts.rowid = sentiment.id WHERE fts.sentiment_fts MATCH ? ORDER BY fts.rowid DESC LIMIT 1000': no such table: sentiment_fts
Execution failed on sql 'SELECT sentiment.* FROM  sentiment_fts fts LEFT JOIN sentiment ON fts.rowid = sentiment.id WHERE fts.sentiment_fts MATCH ? ORDER BY fts.rowid DESC LIMIT 1000': no such table: sentiment_fts
Execution failed on sql 'SELECT sentiment.* FROM  sentiment_fts fts LEFT JOIN sentiment ON fts.rowid = sentiment.id WHERE fts.sentiment_fts MATCH ? ORDER BY fts.rowid DESC LIMIT 1000': no such table: sentiment_fts
Execution failed on sql 'SELECT sentiment.* FROM  sentiment_fts fts LEFT JOIN sentiment ON fts.rowid = sentiment.id WHERE fts.sentiment_fts MATCH ? ORDER BY fts.rowid DESC LIMIT 1000': no such table: sentiment_fts
Execution failed on sql 'SELECT sentiment.* FROM  sentiment_fts fts LEFT JOIN sentiment ON fts.rowid = sentiment.id WHERE fts.sentiment_fts MATCH ? ORDER BY fts.rowid DESC LIMIT 1000': no such table: sentiment_fts
Execution failed on sql 'SELECT sentiment.* FROM  sentiment_fts fts LEFT JOIN sentiment ON fts.rowid = sentiment.id WHERE fts.sentiment_fts MATCH ? ORDER BY fts.rowid DESC LIMIT 1000': no such table: sentiment_fts
Execution failed on sql 'SELECT sentiment.* FROM  sentiment_fts fts LEFT JOIN sentiment ON fts.rowid = sentiment.id WHERE fts.sentiment_fts MATCH ? ORDER BY fts.rowid DESC LIMIT 1000': no such table: sentiment_fts
Execution failed on sql 'SELECT sentiment.* FROM  sentiment_fts fts LEFT JOIN sentiment ON fts.rowid = sentiment.id WHERE fts.sentiment_fts MATCH ? ORDER BY fts.rowid DESC LIMIT 1000': no such table: sentiment_fts
Execution failed on sql 'SELECT sentiment.* FROM  sentiment_fts fts LEFT JOIN sentiment ON fts.rowid = sentiment.id WHERE fts.sentiment_fts MATCH ? ORDER BY fts.rowid DESC LIMIT 1000': no such table: sentiment_fts
Execution failed on sql 'SELECT sentiment.* FROM  sentiment_fts fts LEFT JOIN sentiment ON fts.rowid = sentiment.id WHERE fts.sentiment_fts MATCH ? ORDER BY fts.rowid DESC LIMIT 1000': no such table: sentiment_fts
Execution failed on sql 'SELECT sentiment.* FROM  sentiment_fts fts LEFT JOIN sentiment ON fts.rowid = sentiment.id WHERE fts.sentiment_fts MATCH ? ORDER BY fts.rowid DESC LIMIT 1000': no such table: sentiment_fts
Execution failed on sql 'SELECT sentiment.* FROM  sentiment_fts fts LEFT JOIN sentiment ON fts.rowid = sentiment.id WHERE fts.sentiment_fts MATCH ? ORDER BY fts.rowid DESC LIMIT 1000': no such table: sentiment_fts
Execution failed on sql 'SELECT sentiment.* FROM  sentiment_fts fts LEFT JOIN sentiment ON fts.rowid = sentiment.id WHERE fts.sentiment_fts MATCH ? ORDER BY fts.rowid DESC LIMIT 1000': no such table: sentiment_fts
Execution failed on sql 'SELECT sentiment.* FROM  sentiment_fts fts LEFT JOIN sentiment ON fts.rowid = sentiment.id WHERE fts.sentiment_fts MATCH ? ORDER BY fts.rowid DESC LIMIT 1000': no such table: sentiment_fts
Execution failed on sql 'SELECT sentiment.* FROM  sentiment_fts fts LEFT JOIN sentiment ON fts.rowid = sentiment.id WHERE fts.sentiment_fts MATCH ? ORDER BY fts.rowid DESC LIMIT 1000': no such table: sentiment_fts
Execution failed on sql 'SELECT sentiment.* FROM  sentiment_fts fts LEFT JOIN sentiment ON fts.rowid = sentiment.id WHERE fts.sentiment_fts MATCH ? ORDER BY fts.rowid DESC LIMIT 1000': no such table: sentiment_fts
Execution failed on sql 'SELECT sentiment.* FROM  sentiment_fts fts LEFT JOIN sentiment ON fts.rowid = sentiment.id WHERE fts.sentiment_fts MATCH ? ORDER BY fts.rowid DESC LIMIT 1000': no such table: sentiment_fts
Execution failed on sql 'SELECT sentiment.* FROM  sentiment_fts fts LEFT JOIN sentiment ON fts.rowid = sentiment.id WHERE fts.sentiment_fts MATCH ? ORDER BY fts.rowid DESC LIMIT 1000': no such table: sentiment_fts
Execution failed on sql 'SELECT sentiment.* FROM  sentiment_fts fts LEFT JOIN sentiment ON fts.rowid = sentiment.id WHERE fts.sentiment_fts MATCH ? ORDER BY fts.rowid DESC LIMIT 1000': no such table: sentiment_fts
Execution failed on sql 'SELECT sentiment.* FROM  sentiment_fts fts LEFT JOIN sentiment ON fts.rowid = sentiment.id WHERE fts.sentiment_fts MATCH ? ORDER BY fts.rowid DESC LIMIT 1000': no such table: sentiment_fts
Execution failed on sql 'SELECT sentiment.* FROM  sentiment_fts fts LEFT JOIN sentiment ON fts.rowid = sentiment.id WHERE fts.sentiment_fts MATCH ? ORDER BY fts.rowid DESC LIMIT 1000': no such table: sentiment_fts
Execution failed on sql 'SELECT sentiment.* FROM  sentiment_fts fts LEFT JOIN sentiment ON fts.rowid = sentiment.id WHERE fts.sentiment_fts MATCH ? ORDER BY fts.rowid DESC LIMIT 1000': no such table: sentiment_fts
Execution failed on sql 'SELECT sentiment.* FROM  sentiment_fts fts LEFT JOIN sentiment ON fts.rowid = sentiment.id WHERE fts.sentiment_fts MATCH ? ORDER BY fts.rowid DESC LIMIT 1000': no such table: sentiment_fts
Execution failed on sql 'SELECT sentiment.* FROM  sentiment_fts fts LEFT JOIN sentiment ON fts.rowid = sentiment.id WHERE fts.sentiment_fts MATCH ? ORDER BY fts.rowid DESC LIMIT 1000': no such table: sentiment_fts
Execution failed on sql 'SELECT sentiment.* FROM  sentiment_fts fts LEFT JOIN sentiment ON fts.rowid = sentiment.id WHERE fts.sentiment_fts MATCH ? ORDER BY fts.rowid DESC LIMIT 1000': no such table: sentiment_fts
Execution failed on sql 'SELECT sentiment.* FROM  sentiment_fts fts LEFT JOIN sentiment ON fts.rowid = sentiment.id WHERE fts.sentiment_fts MATCH ? ORDER BY fts.rowid DESC LIMIT 1000': no such table: sentiment_fts
Execution failed on sql 'SELECT sentiment.* FROM  sentiment_fts fts LEFT JOIN sentiment ON fts.rowid = sentiment.id WHERE fts.sentiment_fts MATCH ? ORDER BY fts.rowid DESC LIMIT 1000': no such table: sentiment_fts
Execution failed on sql 'SELECT sentiment.* FROM  sentiment_fts fts LEFT JOIN sentiment ON fts.rowid = sentiment.id WHERE fts.sentiment_fts MATCH ? ORDER BY fts.rowid DESC LIMIT 1000': no such table: sentiment_fts
Execution failed on sql 'SELECT sentiment.* FROM  sentiment_fts fts LEFT JOIN sentiment ON fts.rowid = sentiment.id WHERE fts.sentiment_fts MATCH ? ORDER BY fts.rowid DESC LIMIT 1000': no such table: sentiment_fts
Execution failed on sql 'SELECT sentiment.* FROM  sentiment_fts fts LEFT JOIN sentiment ON fts.rowid = sentiment.id WHERE fts.sentiment_fts MATCH ? ORDER BY fts.rowid DESC LIMIT 1000': no such table: sentiment_fts
Execution failed on sql 'SELECT sentiment.* FROM  sentiment_fts fts LEFT JOIN sentiment ON fts.rowid = sentiment.id WHERE fts.sentiment_fts MATCH ? ORDER BY fts.rowid DESC LIMIT 1000': no such table: sentiment_fts
Execution failed on sql 'SELECT sentiment.* FROM  sentiment_fts fts LEFT JOIN sentiment ON fts.rowid = sentiment.id WHERE fts.sentiment_fts MATCH ? ORDER BY fts.rowid DESC LIMIT 1000': no such table: sentiment_fts
Execution failed on sql 'SELECT sentiment.* FROM  sentiment_fts fts LEFT JOIN sentiment ON fts.rowid = sentiment.id WHERE fts.sentiment_fts MATCH ? ORDER BY fts.rowid DESC LIMIT 1000': no such table: sentiment_fts
Execution failed on sql 'SELECT sentiment.* FROM  sentiment_fts fts LEFT JOIN sentiment ON fts.rowid = sentiment.id WHERE fts.sentiment_fts MATCH ? ORDER BY fts.rowid DESC LIMIT 1000': no such table: sentiment_fts
Execution failed on sql 'SELECT sentiment.* FROM  sentiment_fts fts LEFT JOIN sentiment ON fts.rowid = sentiment.id WHERE fts.sentiment_fts MATCH ? ORDER BY fts.rowid DESC LIMIT 1000': no such table: sentiment_fts
Execution failed on sql 'SELECT sentiment.* FROM  sentiment_fts fts LEFT JOIN sentiment ON fts.rowid = sentiment.id WHERE fts.sentiment_fts MATCH ? ORDER BY fts.rowid DESC LIMIT 1000': no such table: sentiment_fts
Execution failed on sql 'SELECT sentiment.* FROM  sentiment_fts fts LEFT JOIN sentiment ON fts.rowid = sentiment.id WHERE fts.sentiment_fts MATCH ? ORDER BY fts.rowid DESC LIMIT 1000': no such table: sentiment_fts
Execution failed on sql 'SELECT sentiment.* FROM  sentiment_fts fts LEFT JOIN sentiment ON fts.rowid = sentiment.id WHERE fts.sentiment_fts MATCH ? ORDER BY fts.rowid DESC LIMIT 1000': no such table: sentiment_fts
Execution failed on sql 'SELECT sentiment.* FROM  sentiment_fts fts LEFT JOIN sentiment ON fts.rowid = sentiment.id WHERE fts.sentiment_fts MATCH ? ORDER BY fts.rowid DESC LIMIT 1000': no such table: sentiment_fts
Execution failed on sql 'SELECT sentiment.* FROM  sentiment_fts fts LEFT JOIN sentiment ON fts.rowid = sentiment.id WHERE fts.sentiment_fts MATCH ? ORDER BY fts.rowid DESC LIMIT 1000': no such table: sentiment_fts
Execution failed on sql 'SELECT sentiment.* FROM  sentiment_fts fts LEFT JOIN sentiment ON fts.rowid = sentiment.id WHERE fts.sentiment_fts MATCH ? ORDER BY fts.rowid DESC LIMIT 1000': no such table: sentiment_fts
Execution failed on sql 'SELECT sentiment.* FROM  sentiment_fts fts LEFT JOIN sentiment ON fts.rowid = sentiment.id WHERE fts.sentiment_fts MATCH ? ORDER BY fts.rowid DESC LIMIT 1000': no such table: sentiment_fts
Execution failed on sql 'SELECT sentiment.* FROM  sentiment_fts fts LEFT JOIN sentiment ON fts.rowid = sentiment.id WHERE fts.sentiment_fts MATCH ? ORDER BY fts.rowid DESC LIMIT 1000': no such table: sentiment_fts
Execution failed on sql 'SELECT sentiment.* FROM  sentiment_fts fts LEFT JOIN sentiment ON fts.rowid = sentiment.id WHERE fts.sentiment_fts MATCH ? ORDER BY fts.rowid DESC LIMIT 1000': no such table: sentiment_fts
Execution failed on sql 'SELECT sentiment.* FROM  sentiment_fts fts LEFT JOIN sentiment ON fts.rowid = sentiment.id WHERE fts.sentiment_fts MATCH ? ORDER BY fts.rowid DESC LIMIT 1000': no such table: sentiment_fts
Execution failed on sql 'SELECT sentiment.* FROM  sentiment_fts fts LEFT JOIN sentiment ON fts.rowid = sentiment.id WHERE fts.sentiment_fts MATCH ? ORDER BY fts.rowid DESC LIMIT 1000': no such table: sentiment_fts
Execution failed on sql 'SELECT sentiment.* FROM  sentiment_fts fts LEFT JOIN sentiment ON fts.rowid = sentiment.id WHERE fts.sentiment_fts MATCH ? ORDER BY fts.rowid DESC LIMIT 1000': no such table: sentiment_fts
Execution failed on sql 'SELECT sentiment.* FROM  sentiment_fts fts LEFT JOIN sentiment ON fts.rowid = sentiment.id WHERE fts.sentiment_fts MATCH ? ORDER BY fts.rowid DESC LIMIT 1000': no such table: sentiment_fts
Execution failed on sql 'SELECT sentiment.* FROM  sentiment_fts fts LEFT JOIN sentiment ON fts.rowid = sentiment.id WHERE fts.sentiment_fts MATCH ? ORDER BY fts.rowid DESC LIMIT 1000': no such table: sentiment_fts
Execution failed on sql 'SELECT sentiment.* FROM  sentiment_fts fts LEFT JOIN sentiment ON fts.rowid = sentiment.id WHERE fts.sentiment_fts MATCH ? ORDER BY fts.rowid DESC LIMIT 1000': no such table: sentiment_fts
Execution failed on sql 'SELECT sentiment.* FROM  sentiment_fts fts LEFT JOIN sentiment ON fts.rowid = sentiment.id WHERE fts.sentiment_fts MATCH ? ORDER BY fts.rowid DESC LIMIT 1000': no such table: sentiment_fts
Execution failed on sql 'SELECT sentiment.* FROM  sentiment_fts fts LEFT JOIN sentiment ON fts.rowid = sentiment.id WHERE fts.sentiment_fts MATCH ? ORDER BY fts.rowid DESC LIMIT 1000': no such table: sentiment_fts
Execution failed on sql 'SELECT sentiment.* FROM  sentiment_fts fts LEFT JOIN sentiment ON fts.rowid = sentiment.id WHERE fts.sentiment_fts MATCH ? ORDER BY fts.rowid DESC LIMIT 1000': no such table: sentiment_fts
Execution failed on sql 'SELECT sentiment.* FROM  sentiment_fts fts LEFT JOIN sentiment ON fts.rowid = sentiment.id WHERE fts.sentiment_fts MATCH ? ORDER BY fts.rowid DESC LIMIT 1000': no such table: sentiment_fts
Execution failed on sql 'SELECT sentiment.* FROM  sentiment_fts fts LEFT JOIN sentiment ON fts.rowid = sentiment.id WHERE fts.sentiment_fts MATCH ? ORDER BY fts.rowid DESC LIMIT 1000': no such table: sentiment_fts
Execution failed on sql 'SELECT sentiment.* FROM  sentiment_fts fts LEFT JOIN sentiment ON fts.rowid = sentiment.id WHERE fts.sentiment_fts MATCH ? ORDER BY fts.rowid DESC LIMIT 1000': no such table: sentiment_fts
Execution failed on sql 'SELECT sentiment.* FROM  sentiment_fts fts LEFT JOIN sentiment ON fts.rowid = sentiment.id WHERE fts.sentiment_fts MATCH ? ORDER BY fts.rowid DESC LIMIT 1000': no such table: sentiment_fts
Execution failed on sql 'SELECT sentiment.* FROM  sentiment_fts fts LEFT JOIN sentiment ON fts.rowid = sentiment.id WHERE fts.sentiment_fts MATCH ? ORDER BY fts.rowid DESC LIMIT 1000': no such table: sentiment_fts
Execution failed on sql 'SELECT sentiment.* FROM  sentiment_fts fts LEFT JOIN sentiment ON fts.rowid = sentiment.id WHERE fts.sentiment_fts MATCH ? ORDER BY fts.rowid DESC LIMIT 1000': no such table: sentiment_fts
Execution failed on sql 'SELECT sentiment.* FROM  sentiment_fts fts LEFT JOIN sentiment ON fts.rowid = sentiment.id WHERE fts.sentiment_fts MATCH ? ORDER BY fts.rowid DESC LIMIT 1000': no such table: sentiment_fts
Execution failed on sql 'SELECT sentiment.* FROM  sentiment_fts fts LEFT JOIN sentiment ON fts.rowid = sentiment.id WHERE fts.sentiment_fts MATCH ? ORDER BY fts.rowid DESC LIMIT 1000': no such table: sentiment_fts
Execution failed on sql 'SELECT sentiment.* FROM  sentiment_fts fts LEFT JOIN sentiment ON fts.rowid = sentiment.id WHERE fts.sentiment_fts MATCH ? ORDER BY fts.rowid DESC LIMIT 1000': no such table: sentiment_fts
Execution failed on sql 'SELECT sentiment.* FROM  sentiment_fts fts LEFT JOIN sentiment ON fts.rowid = sentiment.id WHERE fts.sentiment_fts MATCH ? ORDER BY fts.rowid DESC LIMIT 1000': no such table: sentiment_fts
Execution failed on sql 'SELECT sentiment.* FROM  sentiment_fts fts LEFT JOIN sentiment ON fts.rowid = sentiment.id WHERE fts.sentiment_fts MATCH ? ORDER BY fts.rowid DESC LIMIT 1000': no such table: sentiment_fts
Execution failed on sql 'SELECT sentiment.* FROM  sentiment_fts fts LEFT JOIN sentiment ON fts.rowid = sentiment.id WHERE fts.sentiment_fts MATCH ? ORDER BY fts.rowid DESC LIMIT 1000': no such table: sentiment_fts
Execution failed on sql 'SELECT sentiment.* FROM  sentiment_fts fts LEFT JOIN sentiment ON fts.rowid = sentiment.id WHERE fts.sentiment_fts MATCH ? ORDER BY fts.rowid DESC LIMIT 1000': no such table: sentiment_fts
Execution failed on sql 'SELECT sentiment.* FROM  sentiment_fts fts LEFT JOIN sentiment ON fts.rowid = sentiment.id WHERE fts.sentiment_fts MATCH ? ORDER BY fts.rowid DESC LIMIT 1000': no such table: sentiment_fts
Execution failed on sql 'SELECT sentiment.* FROM  sentiment_fts fts LEFT JOIN sentiment ON fts.rowid = sentiment.id WHERE fts.sentiment_fts MATCH ? ORDER BY fts.rowid DESC LIMIT 1000': no such table: sentiment_fts
Execution failed on sql 'SELECT sentiment.* FROM  sentiment_fts fts LEFT JOIN sentiment ON fts.rowid = sentiment.id WHERE fts.sentiment_fts MATCH ? ORDER BY fts.rowid DESC LIMIT 1000': no such table: sentiment_fts
Execution failed on sql 'SELECT sentiment.* FROM  sentiment_fts fts LEFT JOIN sentiment ON fts.rowid = sentiment.id WHERE fts.sentiment_fts MATCH ? ORDER BY fts.rowid DESC LIMIT 1000': no such table: sentiment_fts
Execution failed on sql 'SELECT sentiment.* FROM  sentiment_fts fts LEFT JOIN sentiment ON fts.rowid = sentiment.id WHERE fts.sentiment_fts MATCH ? ORDER BY fts.rowid DESC LIMIT 1000': no such table: sentiment_fts
Execution failed on sql 'SELECT sentiment.* FROM  sentiment_fts fts LEFT JOIN sentiment ON fts.rowid = sentiment.id WHERE fts.sentiment_fts MATCH ? ORDER BY fts.rowid DESC LIMIT 1000': no such table: sentiment_fts
Execution failed on sql 'SELECT sentiment.* FROM  sentiment_fts fts LEFT JOIN sentiment ON fts.rowid = sentiment.id WHERE fts.sentiment_fts MATCH ? ORDER BY fts.rowid DESC LIMIT 1000': no such table: sentiment_fts
Execution failed on sql 'SELECT sentiment.* FROM  sentiment_fts fts LEFT JOIN sentiment ON fts.rowid = sentiment.id WHERE fts.sentiment_fts MATCH ? ORDER BY fts.rowid DESC LIMIT 1000': no such table: sentiment_fts
Execution failed on sql 'SELECT sentiment.* FROM  sentiment_fts fts LEFT JOIN sentiment ON fts.rowid = sentiment.id WHERE fts.sentiment_fts MATCH ? ORDER BY fts.rowid DESC LIMIT 1000': no such table: sentiment_fts
Execution failed on sql 'SELECT sentiment.* FROM  sentiment_fts fts LEFT JOIN sentiment ON fts.rowid = sentiment.id WHERE fts.sentiment_fts MATCH ? ORDER BY fts.rowid DESC LIMIT 1000': no such table: sentiment_fts
Execution failed on sql 'SELECT sentiment.* FROM  sentiment_fts fts LEFT JOIN sentiment ON fts.rowid = sentiment.id WHERE fts.sentiment_fts MATCH ? ORDER BY fts.rowid DESC LIMIT 1000': no such table: sentiment_fts
Execution failed on sql 'SELECT sentiment.* FROM  sentiment_fts fts LEFT JOIN sentiment ON fts.rowid = sentiment.id WHERE fts.sentiment_fts MATCH ? ORDER BY fts.rowid DESC LIMIT 1000': no such table: sentiment_fts
Execution failed on sql 'SELECT sentiment.* FROM  sentiment_fts fts LEFT JOIN sentiment ON fts.rowid = sentiment.id WHERE fts.sentiment_fts MATCH ? ORDER BY fts.rowid DESC LIMIT 1000': no such table: sentiment_fts
Execution failed on sql 'SELECT sentiment.* FROM  sentiment_fts fts LEFT JOIN sentiment ON fts.rowid = sentiment.id WHERE fts.sentiment_fts MATCH ? ORDER BY fts.rowid DESC LIMIT 1000': no such table: sentiment_fts
Execution failed on sql 'SELECT sentiment.* FROM  sentiment_fts fts LEFT JOIN sentiment ON fts.rowid = sentiment.id WHERE fts.sentiment_fts MATCH ? ORDER BY fts.rowid DESC LIMIT 1000': no such table: sentiment_fts
Execution failed on sql 'SELECT sentiment.* FROM  sentiment_fts fts LEFT JOIN sentiment ON fts.rowid = sentiment.id WHERE fts.sentiment_fts MATCH ? ORDER BY fts.rowid DESC LIMIT 1000': no such table: sentiment_fts
Execution failed on sql 'SELECT sentiment.* FROM  sentiment_fts fts LEFT JOIN sentiment ON fts.rowid = sentiment.id WHERE fts.sentiment_fts MATCH ? ORDER BY fts.rowid DESC LIMIT 1000': no such table: sentiment_fts
Execution failed on sql 'SELECT sentiment.* FROM  sentiment_fts fts LEFT JOIN sentiment ON fts.rowid = sentiment.id WHERE fts.sentiment_fts MATCH ? ORDER BY fts.rowid DESC LIMIT 1000': no such table: sentiment_fts
Execution failed on sql 'SELECT sentiment.* FROM  sentiment_fts fts LEFT JOIN sentiment ON fts.rowid = sentiment.id WHERE fts.sentiment_fts MATCH ? ORDER BY fts.rowid DESC LIMIT 1000': no such table: sentiment_fts
Execution failed on sql 'SELECT sentiment.* FROM  sentiment_fts fts LEFT JOIN sentiment ON fts.rowid = sentiment.id WHERE fts.sentiment_fts MATCH ? ORDER BY fts.rowid DESC LIMIT 1000': no such table: sentiment_fts
Execution failed on sql 'SELECT sentiment.* FROM  sentiment_fts fts LEFT JOIN sentiment ON fts.rowid = sentiment.id WHERE fts.sentiment_fts MATCH ? ORDER BY fts.rowid DESC LIMIT 1000': no such table: sentiment_fts
Execution failed on sql 'SELECT sentiment.* FROM  sentiment_fts fts LEFT JOIN sentiment ON fts.rowid = sentiment.id WHERE fts.sentiment_fts MATCH ? ORDER BY fts.rowid DESC LIMIT 1000': no such table: sentiment_fts
Execution failed on sql 'SELECT sentiment.* FROM  sentiment_fts fts LEFT JOIN sentiment ON fts.rowid = sentiment.id WHERE fts.sentiment_fts MATCH ? ORDER BY fts.rowid DESC LIMIT 1000': no such table: sentiment_fts
Execution failed on sql 'SELECT sentiment.* FROM  sentiment_fts fts LEFT JOIN sentiment ON fts.rowid = sentiment.id WHERE fts.sentiment_fts MATCH ? ORDER BY fts.rowid DESC LIMIT 1000': no such table: sentiment_fts
Execution failed on sql 'SELECT sentiment.* FROM  sentiment_fts fts LEFT JOIN sentiment ON fts.rowid = sentiment.id WHERE fts.sentiment_fts MATCH ? ORDER BY fts.rowid DESC LIMIT 1000': no such table: sentiment_fts
Execution failed on sql 'SELECT sentiment.* FROM  sentiment_fts fts LEFT JOIN sentiment ON fts.rowid = sentiment.id WHERE fts.sentiment_fts MATCH ? ORDER BY fts.rowid DESC LIMIT 1000': no such table: sentiment_fts
Execution failed on sql 'SELECT sentiment.* FROM  sentiment_fts fts LEFT JOIN sentiment ON fts.rowid = sentiment.id WHERE fts.sentiment_fts MATCH ? ORDER BY fts.rowid DESC LIMIT 1000': no such table: sentiment_fts
Execution failed on sql 'SELECT sentiment.* FROM  sentiment_fts fts LEFT JOIN sentiment ON fts.rowid = sentiment.id WHERE fts.sentiment_fts MATCH ? ORDER BY fts.rowid DESC LIMIT 1000': no such table: sentiment_fts
Execution failed on sql 'SELECT sentiment.* FROM  sentiment_fts fts LEFT JOIN sentiment ON fts.rowid = sentiment.id WHERE fts.sentiment_fts MATCH ? ORDER BY fts.rowid DESC LIMIT 1000': no such table: sentiment_fts
Execution failed on sql 'SELECT sentiment.* FROM  sentiment_fts fts LEFT JOIN sentiment ON fts.rowid = sentiment.id WHERE fts.sentiment_fts MATCH ? ORDER BY fts.rowid DESC LIMIT 1000': no such table: sentiment_fts
Execution failed on sql 'SELECT sentiment.* FROM  sentiment_fts fts LEFT JOIN sentiment ON fts.rowid = sentiment.id WHERE fts.sentiment_fts MATCH ? ORDER BY fts.rowid DESC LIMIT 1000': no such table: sentiment_fts
Execution failed on sql 'SELECT sentiment.* FROM  sentiment_fts fts LEFT JOIN sentiment ON fts.rowid = sentiment.id WHERE fts.sentiment_fts MATCH ? ORDER BY fts.rowid DESC LIMIT 1000': no such table: sentiment_fts
Execution failed on sql 'SELECT sentiment.* FROM  sentiment_fts fts LEFT JOIN sentiment ON fts.rowid = sentiment.id WHERE fts.sentiment_fts MATCH ? ORDER BY fts.rowid DESC LIMIT 1000': no such table: sentiment_fts
Execution failed on sql 'SELECT sentiment.* FROM  sentiment_fts fts LEFT JOIN sentiment ON fts.rowid = sentiment.id WHERE fts.sentiment_fts MATCH ? ORDER BY fts.rowid DESC LIMIT 1000': no such table: sentiment_fts
Execution failed on sql 'SELECT sentiment.* FROM  sentiment_fts fts LEFT JOIN sentiment ON fts.rowid = sentiment.id WHERE fts.sentiment_fts MATCH ? ORDER BY fts.rowid DESC LIMIT 1000': no such table: sentiment_fts
Execution failed on sql 'SELECT sentiment.* FROM  sentiment_fts fts LEFT JOIN sentiment ON fts.rowid = sentiment.id WHERE fts.sentiment_fts MATCH ? ORDER BY fts.rowid DESC LIMIT 1000': no such table: sentiment_fts
Execution failed on sql 'SELECT sentiment.* FROM  sentiment_fts fts LEFT JOIN sentiment ON fts.rowid = sentiment.id WHERE fts.sentiment_fts MATCH ? ORDER BY fts.rowid DESC LIMIT 1000': no such table: sentiment_fts
Execution failed on sql 'SELECT sentiment.* FROM  sentiment_fts fts LEFT JOIN sentiment ON fts.rowid = sentiment.id WHERE fts.sentiment_fts MATCH ? ORDER BY fts.rowid DESC LIMIT 1000': no such table: sentiment_fts
Execution failed on sql 'SELECT sentiment.* FROM  sentiment_fts fts LEFT JOIN sentiment ON fts.rowid = sentiment.id WHERE fts.sentiment_fts MATCH ? ORDER BY fts.rowid DESC LIMIT 1000': no such table: sentiment_fts
Execution failed on sql 'SELECT sentiment.* FROM  sentiment_fts fts LEFT JOIN sentiment ON fts.rowid = sentiment.id WHERE fts.sentiment_fts MATCH ? ORDER BY fts.rowid DESC LIMIT 1000': no such table: sentiment_fts
Execution failed on sql 'SELECT sentiment.* FROM  sentiment_fts fts LEFT JOIN sentiment ON fts.rowid = sentiment.id WHERE fts.sentiment_fts MATCH ? ORDER BY fts.rowid DESC LIMIT 1000': no such table: sentiment_fts
Execution failed on sql 'SELECT sentiment.* FROM  sentiment_fts fts LEFT JOIN sentiment ON fts.rowid = sentiment.id WHERE fts.sentiment_fts MATCH ? ORDER BY fts.rowid DESC LIMIT 1000': no such table: sentiment_fts
Execution failed on sql 'SELECT sentiment.* FROM  sentiment_fts fts LEFT JOIN sentiment ON fts.rowid = sentiment.id WHERE fts.sentiment_fts MATCH ? ORDER BY fts.rowid DESC LIMIT 1000': no such table: sentiment_fts
Execution failed on sql 'SELECT sentiment.* FROM  sentiment_fts fts LEFT JOIN sentiment ON fts.rowid = sentiment.id WHERE fts.sentiment_fts MATCH ? ORDER BY fts.rowid DESC LIMIT 1000': no such table: sentiment_fts
Execution failed on sql 'SELECT sentiment.* FROM  sentiment_fts fts LEFT JOIN sentiment ON fts.rowid = sentiment.id WHERE fts.sentiment_fts MATCH ? ORDER BY fts.rowid DESC LIMIT 1000': no such table: sentiment_fts
Execution failed on sql 'SELECT sentiment.* FROM  sentiment_fts fts LEFT JOIN sentiment ON fts.rowid = sentiment.id WHERE fts.sentiment_fts MATCH ? ORDER BY fts.rowid DESC LIMIT 1000': no such table: sentiment_fts
Execution failed on sql 'SELECT sentiment.* FROM  sentiment_fts fts LEFT JOIN sentiment ON fts.rowid = sentiment.id WHERE fts.sentiment_fts MATCH ? ORDER BY fts.rowid DESC LIMIT 1000': no such table: sentiment_fts
Execution failed on sql 'SELECT sentiment.* FROM  sentiment_fts fts LEFT JOIN sentiment ON fts.rowid = sentiment.id WHERE fts.sentiment_fts MATCH ? ORDER BY fts.rowid DESC LIMIT 1000': no such table: sentiment_fts
Execution failed on sql 'SELECT sentiment.* FROM  sentiment_fts fts LEFT JOIN sentiment ON fts.rowid = sentiment.id WHERE fts.sentiment_fts MATCH ? ORDER BY fts.rowid DESC LIMIT 1000': no such table: sentiment_fts
Execution failed on sql 'SELECT sentiment.* FROM  sentiment_fts fts LEFT JOIN sentiment ON fts.rowid = sentiment.id WHERE fts.sentiment_fts MATCH ? ORDER BY fts.rowid DESC LIMIT 1000': no such table: sentiment_fts
Execution failed on sql 'SELECT sentiment.* FROM  sentiment_fts fts LEFT JOIN sentiment ON fts.rowid = sentiment.id WHERE fts.sentiment_fts MATCH ? ORDER BY fts.rowid DESC LIMIT 1000': no such table: sentiment_fts
Execution failed on sql 'SELECT sentiment.* FROM  sentiment_fts fts LEFT JOIN sentiment ON fts.rowid = sentiment.id WHERE fts.sentiment_fts MATCH ? ORDER BY fts.rowid DESC LIMIT 1000': no such table: sentiment_fts
Execution failed on sql 'SELECT sentiment.* FROM  sentiment_fts fts LEFT JOIN sentiment ON fts.rowid = sentiment.id WHERE fts.sentiment_fts MATCH ? ORDER BY fts.rowid DESC LIMIT 1000': no such table: sentiment_fts
Execution failed on sql 'SELECT sentiment.* FROM  sentiment_fts fts LEFT JOIN sentiment ON fts.rowid = sentiment.id WHERE fts.sentiment_fts MATCH ? ORDER BY fts.rowid DESC LIMIT 1000': no such table: sentiment_fts
Execution failed on sql 'SELECT sentiment.* FROM  sentiment_fts fts LEFT JOIN sentiment ON fts.rowid = sentiment.id WHERE fts.sentiment_fts MATCH ? ORDER BY fts.rowid DESC LIMIT 1000': no such table: sentiment_fts
Execution failed on sql 'SELECT sentiment.* FROM  sentiment_fts fts LEFT JOIN sentiment ON fts.rowid = sentiment.id WHERE fts.sentiment_fts MATCH ? ORDER BY fts.rowid DESC LIMIT 1000': no such table: sentiment_fts
Execution failed on sql 'SELECT sentiment.* FROM  sentiment_fts fts LEFT JOIN sentiment ON fts.rowid = sentiment.id WHERE fts.sentiment_fts MATCH ? ORDER BY fts.rowid DESC LIMIT 1000': no such table: sentiment_fts
Execution failed on sql 'SELECT sentiment.* FROM  sentiment_fts fts LEFT JOIN sentiment ON fts.rowid = sentiment.id WHERE fts.sentiment_fts MATCH ? ORDER BY fts.rowid DESC LIMIT 1000': no such table: sentiment_fts
Execution failed on sql 'SELECT sentiment.* FROM  sentiment_fts fts LEFT JOIN sentiment ON fts.rowid = sentiment.id WHERE fts.sentiment_fts MATCH ? ORDER BY fts.rowid DESC LIMIT 1000': no such table: sentiment_fts
Execution failed on sql 'SELECT sentiment.* FROM  sentiment_fts fts LEFT JOIN sentiment ON fts.rowid = sentiment.id WHERE fts.sentiment_fts MATCH ? ORDER BY fts.rowid DESC LIMIT 1000': no such table: sentiment_fts
Execution failed on sql 'SELECT sentiment.* FROM  sentiment_fts fts LEFT JOIN sentiment ON fts.rowid = sentiment.id WHERE fts.sentiment_fts MATCH ? ORDER BY fts.rowid DESC LIMIT 1000': no such table: sentiment_fts
Execution failed on sql 'SELECT sentiment.* FROM  sentiment_fts fts LEFT JOIN sentiment ON fts.rowid = sentiment.id WHERE fts.sentiment_fts MATCH ? ORDER BY fts.rowid DESC LIMIT 1000': no such table: sentiment_fts
Execution failed on sql 'SELECT sentiment.* FROM  sentiment_fts fts LEFT JOIN sentiment ON fts.rowid = sentiment.id WHERE fts.sentiment_fts MATCH ? ORDER BY fts.rowid DESC LIMIT 1000': no such table: sentiment_fts
Execution failed on sql 'SELECT sentiment.* FROM  sentiment_fts fts LEFT JOIN sentiment ON fts.rowid = sentiment.id WHERE fts.sentiment_fts MATCH ? ORDER BY fts.rowid DESC LIMIT 1000': no such table: sentiment_fts
Execution failed on sql 'SELECT sentiment.* FROM  sentiment_fts fts LEFT JOIN sentiment ON fts.rowid = sentiment.id WHERE fts.sentiment_fts MATCH ? ORDER BY fts.rowid DESC LIMIT 1000': no such table: sentiment_fts
Execution failed on sql 'SELECT sentiment.* FROM  sentiment_fts fts LEFT JOIN sentiment ON fts.rowid = sentiment.id WHERE fts.sentiment_fts MATCH ? ORDER BY fts.rowid DESC LIMIT 1000': no such table: sentiment_fts
Execution failed on sql 'SELECT sentiment.* FROM  sentiment_fts fts LEFT JOIN sentiment ON fts.rowid = sentiment.id WHERE fts.sentiment_fts MATCH ? ORDER BY fts.rowid DESC LIMIT 1000': no such table: sentiment_fts
Execution failed on sql 'SELECT sentiment.* FROM  sentiment_fts fts LEFT JOIN sentiment ON fts.rowid = sentiment.id WHERE fts.sentiment_fts MATCH ? ORDER BY fts.rowid DESC LIMIT 1000': no such table: sentiment_fts
Execution failed on sql 'SELECT sentiment.* FROM  sentiment_fts fts LEFT JOIN sentiment ON fts.rowid = sentiment.id WHERE fts.sentiment_fts MATCH ? ORDER BY fts.rowid DESC LIMIT 1000': no such table: sentiment_fts
Execution failed on sql 'SELECT sentiment.* FROM  sentiment_fts fts LEFT JOIN sentiment ON fts.rowid = sentiment.id WHERE fts.sentiment_fts MATCH ? ORDER BY fts.rowid DESC LIMIT 1000': no such table: sentiment_fts
Execution failed on sql 'SELECT sentiment.* FROM  sentiment_fts fts LEFT JOIN sentiment ON fts.rowid = sentiment.id WHERE fts.sentiment_fts MATCH ? ORDER BY fts.rowid DESC LIMIT 1000': no such table: sentiment_fts
Execution failed on sql 'SELECT sentiment.* FROM  sentiment_fts fts LEFT JOIN sentiment ON fts.rowid = sentiment.id WHERE fts.sentiment_fts MATCH ? ORDER BY fts.rowid DESC LIMIT 1000': no such table: sentiment_fts
Execution failed on sql 'SELECT sentiment.* FROM  sentiment_fts fts LEFT JOIN sentiment ON fts.rowid = sentiment.id WHERE fts.sentiment_fts MATCH ? ORDER BY fts.rowid DESC LIMIT 1000': no such table: sentiment_fts
Execution failed on sql 'SELECT sentiment.* FROM  sentiment_fts fts LEFT JOIN sentiment ON fts.rowid = sentiment.id WHERE fts.sentiment_fts MATCH ? ORDER BY fts.rowid DESC LIMIT 1000': no such table: sentiment_fts
Execution failed on sql 'SELECT sentiment.* FROM  sentiment_fts fts LEFT JOIN sentiment ON fts.rowid = sentiment.id WHERE fts.sentiment_fts MATCH ? ORDER BY fts.rowid DESC LIMIT 1000': no such table: sentiment_fts
Execution failed on sql 'SELECT sentiment.* FROM  sentiment_fts fts LEFT JOIN sentiment ON fts.rowid = sentiment.id WHERE fts.sentiment_fts MATCH ? ORDER BY fts.rowid DESC LIMIT 1000': no such table: sentiment_fts
Execution failed on sql 'SELECT sentiment.* FROM  sentiment_fts fts LEFT JOIN sentiment ON fts.rowid = sentiment.id WHERE fts.sentiment_fts MATCH ? ORDER BY fts.rowid DESC LIMIT 1000': no such table: sentiment_fts
Execution failed on sql 'SELECT sentiment.* FROM  sentiment_fts fts LEFT JOIN sentiment ON fts.rowid = sentiment.id WHERE fts.sentiment_fts MATCH ? ORDER BY fts.rowid DESC LIMIT 1000': no such table: sentiment_fts
Execution failed on sql 'SELECT sentiment.* FROM  sentiment_fts fts LEFT JOIN sentiment ON fts.rowid = sentiment.id WHERE fts.sentiment_fts MATCH ? ORDER BY fts.rowid DESC LIMIT 1000': no such table: sentiment_fts
Execution failed on sql 'SELECT sentiment.* FROM  sentiment_fts fts LEFT JOIN sentiment ON fts.rowid = sentiment.id WHERE fts.sentiment_fts MATCH ? ORDER BY fts.rowid DESC LIMIT 1000': no such table: sentiment_fts
Execution failed on sql 'SELECT sentiment.* FROM  sentiment_fts fts LEFT JOIN sentiment ON fts.rowid = sentiment.id WHERE fts.sentiment_fts MATCH ? ORDER BY fts.rowid DESC LIMIT 1000': no such table: sentiment_fts
Execution failed on sql 'SELECT sentiment.* FROM  sentiment_fts fts LEFT JOIN sentiment ON fts.rowid = sentiment.id WHERE fts.sentiment_fts MATCH ? ORDER BY fts.rowid DESC LIMIT 1000': no such table: sentiment_fts
Execution failed on sql 'SELECT sentiment.* FROM  sentiment_fts fts LEFT JOIN sentiment ON fts.rowid = sentiment.id WHERE fts.sentiment_fts MATCH ? ORDER BY fts.rowid DESC LIMIT 1000': no such table: sentiment_fts
Execution failed on sql 'SELECT sentiment.* FROM  sentiment_fts fts LEFT JOIN sentiment ON fts.rowid = sentiment.id WHERE fts.sentiment_fts MATCH ? ORDER BY fts.rowid DESC LIMIT 1000': no such table: sentiment_fts
Execution failed on sql 'SELECT sentiment.* FROM  sentiment_fts fts LEFT JOIN sentiment ON fts.rowid = sentiment.id WHERE fts.sentiment_fts MATCH ? ORDER BY fts.rowid DESC LIMIT 1000': no such table: sentiment_fts
Execution failed on sql 'SELECT sentiment.* FROM  sentiment_fts fts LEFT JOIN sentiment ON fts.rowid = sentiment.id WHERE fts.sentiment_fts MATCH ? ORDER BY fts.rowid DESC LIMIT 1000': no such table: sentiment_fts
Execution failed on sql 'SELECT sentiment.* FROM  sentiment_fts fts LEFT JOIN sentiment ON fts.rowid = sentiment.id WHERE fts.sentiment_fts MATCH ? ORDER BY fts.rowid DESC LIMIT 1000': no such table: sentiment_fts
Execution failed on sql 'SELECT sentiment.* FROM  sentiment_fts fts LEFT JOIN sentiment ON fts.rowid = sentiment.id WHERE fts.sentiment_fts MATCH ? ORDER BY fts.rowid DESC LIMIT 1000': no such table: sentiment_fts
Execution failed on sql 'SELECT sentiment.* FROM  sentiment_fts fts LEFT JOIN sentiment ON fts.rowid = sentiment.id WHERE fts.sentiment_fts MATCH ? ORDER BY fts.rowid DESC LIMIT 1000': no such table: sentiment_fts
Execution failed on sql 'SELECT sentiment.* FROM  sentiment_fts fts LEFT JOIN sentiment ON fts.rowid = sentiment.id WHERE fts.sentiment_fts MATCH ? ORDER BY fts.rowid DESC LIMIT 1000': no such table: sentiment_fts
Execution failed on sql 'SELECT sentiment.* FROM  sentiment_fts fts LEFT JOIN sentiment ON fts.rowid = sentiment.id WHERE fts.sentiment_fts MATCH ? ORDER BY fts.rowid DESC LIMIT 1000': no such table: sentiment_fts
Execution failed on sql 'SELECT sentiment.* FROM  sentiment_fts fts LEFT JOIN sentiment ON fts.rowid = sentiment.id WHERE fts.sentiment_fts MATCH ? ORDER BY fts.rowid DESC LIMIT 1000': no such table: sentiment_fts
Execution failed on sql 'SELECT sentiment.* FROM  sentiment_fts fts LEFT JOIN sentiment ON fts.rowid = sentiment.id WHERE fts.sentiment_fts MATCH ? ORDER BY fts.rowid DESC LIMIT 1000': no such table: sentiment_fts
Execution failed on sql 'SELECT sentiment.* FROM  sentiment_fts fts LEFT JOIN sentiment ON fts.rowid = sentiment.id WHERE fts.sentiment_fts MATCH ? ORDER BY fts.rowid DESC LIMIT 1000': no such table: sentiment_fts
Execution failed on sql 'SELECT sentiment.* FROM  sentiment_fts fts LEFT JOIN sentiment ON fts.rowid = sentiment.id WHERE fts.sentiment_fts MATCH ? ORDER BY fts.rowid DESC LIMIT 1000': no such table: sentiment_fts
Execution failed on sql 'SELECT sentiment.* FROM  sentiment_fts fts LEFT JOIN sentiment ON fts.rowid = sentiment.id WHERE fts.sentiment_fts MATCH ? ORDER BY fts.rowid DESC LIMIT 1000': no such table: sentiment_fts
Execution failed on sql 'SELECT sentiment.* FROM  sentiment_fts fts LEFT JOIN sentiment ON fts.rowid = sentiment.id WHERE fts.sentiment_fts MATCH ? ORDER BY fts.rowid DESC LIMIT 1000': no such table: sentiment_fts
Execution failed on sql 'SELECT sentiment.* FROM  sentiment_fts fts LEFT JOIN sentiment ON fts.rowid = sentiment.id WHERE fts.sentiment_fts MATCH ? ORDER BY fts.rowid DESC LIMIT 1000': no such table: sentiment_fts
Execution failed on sql 'SELECT sentiment.* FROM  sentiment_fts fts LEFT JOIN sentiment ON fts.rowid = sentiment.id WHERE fts.sentiment_fts MATCH ? ORDER BY fts.rowid DESC LIMIT 1000': no such table: sentiment_fts
Execution failed on sql 'SELECT sentiment.* FROM  sentiment_fts fts LEFT JOIN sentiment ON fts.rowid = sentiment.id WHERE fts.sentiment_fts MATCH ? ORDER BY fts.rowid DESC LIMIT 1000': no such table: sentiment_fts
Execution failed on sql 'SELECT sentiment.* FROM  sentiment_fts fts LEFT JOIN sentiment ON fts.rowid = sentiment.id WHERE fts.sentiment_fts MATCH ? ORDER BY fts.rowid DESC LIMIT 1000': no such table: sentiment_fts
Execution failed on sql 'SELECT sentiment.* FROM  sentiment_fts fts LEFT JOIN sentiment ON fts.rowid = sentiment.id WHERE fts.sentiment_fts MATCH ? ORDER BY fts.rowid DESC LIMIT 1000': no such table: sentiment_fts
Execution failed on sql 'SELECT sentiment.* FROM  sentiment_fts fts LEFT JOIN sentiment ON fts.rowid = sentiment.id WHERE fts.sentiment_fts MATCH ? ORDER BY fts.rowid DESC LIMIT 1000': no such table: sentiment_fts
Execution failed on sql 'SELECT sentiment.* FROM  sentiment_fts fts LEFT JOIN sentiment ON fts.rowid = sentiment.id WHERE fts.sentiment_fts MATCH ? ORDER BY fts.rowid DESC LIMIT 1000': no such table: sentiment_fts
Execution failed on sql 'SELECT sentiment.* FROM  sentiment_fts fts LEFT JOIN sentiment ON fts.rowid = sentiment.id WHERE fts.sentiment_fts MATCH ? ORDER BY fts.rowid DESC LIMIT 1000': no such table: sentiment_fts
Execution failed on sql 'SELECT sentiment.* FROM  sentiment_fts fts LEFT JOIN sentiment ON fts.rowid = sentiment.id WHERE fts.sentiment_fts MATCH ? ORDER BY fts.rowid DESC LIMIT 1000': no such table: sentiment_fts
Execution failed on sql 'SELECT sentiment.* FROM  sentiment_fts fts LEFT JOIN sentiment ON fts.rowid = sentiment.id WHERE fts.sentiment_fts MATCH ? ORDER BY fts.rowid DESC LIMIT 1000': no such table: sentiment_fts
Execution failed on sql 'SELECT sentiment.* FROM  sentiment_fts fts LEFT JOIN sentiment ON fts.rowid = sentiment.id WHERE fts.sentiment_fts MATCH ? ORDER BY fts.rowid DESC LIMIT 1000': no such table: sentiment_fts
Execution failed on sql 'SELECT sentiment.* FROM  sentiment_fts fts LEFT JOIN sentiment ON fts.rowid = sentiment.id WHERE fts.sentiment_fts MATCH ? ORDER BY fts.rowid DESC LIMIT 1000': no such table: sentiment_fts
Execution failed on sql 'SELECT sentiment.* FROM  sentiment_fts fts LEFT JOIN sentiment ON fts.rowid = sentiment.id WHERE fts.sentiment_fts MATCH ? ORDER BY fts.rowid DESC LIMIT 1000': no such table: sentiment_fts
Execution failed on sql 'SELECT sentiment.* FROM  sentiment_fts fts LEFT JOIN sentiment ON fts.rowid = sentiment.id WHERE fts.sentiment_fts MATCH ? ORDER BY fts.rowid DESC LIMIT 1000': no such table: sentiment_fts
Execution failed on sql 'SELECT sentiment.* FROM  sentiment_fts fts LEFT JOIN sentiment ON fts.rowid = sentiment.id WHERE fts.sentiment_fts MATCH ? ORDER BY fts.rowid DESC LIMIT 1000': no such table: sentiment_fts
Execution failed on sql 'SELECT sentiment.* FROM  sentiment_fts fts LEFT JOIN sentiment ON fts.rowid = sentiment.id WHERE fts.sentiment_fts MATCH ? ORDER BY fts.rowid DESC LIMIT 1000': no such table: sentiment_fts
Execution failed on sql 'SELECT sentiment.* FROM  sentiment_fts fts LEFT JOIN sentiment ON fts.rowid = sentiment.id WHERE fts.sentiment_fts MATCH ? ORDER BY fts.rowid DESC LIMIT 1000': no such table: sentiment_fts
Execution failed on sql 'SELECT sentiment.* FROM  sentiment_fts fts LEFT JOIN sentiment ON fts.rowid = sentiment.id WHERE fts.sentiment_fts MATCH ? ORDER BY fts.rowid DESC LIMIT 1000': no such table: sentiment_fts
Execution failed on sql 'SELECT sentiment.* FROM  sentiment_fts fts LEFT JOIN sentiment ON fts.rowid = sentiment.id WHERE fts.sentiment_fts MATCH ? ORDER BY fts.rowid DESC LIMIT 1000': no such table: sentiment_fts
Execution failed on sql 'SELECT sentiment.* FROM  sentiment_fts fts LEFT JOIN sentiment ON fts.rowid = sentiment.id WHERE fts.sentiment_fts MATCH ? ORDER BY fts.rowid DESC LIMIT 1000': no such table: sentiment_fts
Execution failed on sql 'SELECT sentiment.* FROM  sentiment_fts fts LEFT JOIN sentiment ON fts.rowid = sentiment.id WHERE fts.sentiment_fts MATCH ? ORDER BY fts.rowid DESC LIMIT 1000': no such table: sentiment_fts
Execution failed on sql 'SELECT sentiment.* FROM  sentiment_fts fts LEFT JOIN sentiment ON fts.rowid = sentiment.id WHERE fts.sentiment_fts MATCH ? ORDER BY fts.rowid DESC LIMIT 1000': no such table: sentiment_fts
Execution failed on sql 'SELECT sentiment.* FROM  sentiment_fts fts LEFT JOIN sentiment ON fts.rowid = sentiment.id WHERE fts.sentiment_fts MATCH ? ORDER BY fts.rowid DESC LIMIT 1000': no such table: sentiment_fts
Execution failed on sql 'SELECT sentiment.* FROM  sentiment_fts fts LEFT JOIN sentiment ON fts.rowid = sentiment.id WHERE fts.sentiment_fts MATCH ? ORDER BY fts.rowid DESC LIMIT 1000': no such table: sentiment_fts
Execution failed on sql 'SELECT sentiment.* FROM  sentiment_fts fts LEFT JOIN sentiment ON fts.rowid = sentiment.id WHERE fts.sentiment_fts MATCH ? ORDER BY fts.rowid DESC LIMIT 1000': no such table: sentiment_fts
Execution failed on sql 'SELECT sentiment.* FROM  sentiment_fts fts LEFT JOIN sentiment ON fts.rowid = sentiment.id WHERE fts.sentiment_fts MATCH ? ORDER BY fts.rowid DESC LIMIT 1000': no such table: sentiment_fts
Execution failed on sql 'SELECT sentiment.* FROM  sentiment_fts fts LEFT JOIN sentiment ON fts.rowid = sentiment.id WHERE fts.sentiment_fts MATCH ? ORDER BY fts.rowid DESC LIMIT 1000': no such table: sentiment_fts
Execution failed on sql 'SELECT sentiment.* FROM  sentiment_fts fts LEFT JOIN sentiment ON fts.rowid = sentiment.id WHERE fts.sentiment_fts MATCH ? ORDER BY fts.rowid DESC LIMIT 1000': no such table: sentiment_fts
Execution failed on sql 'SELECT sentiment.* FROM  sentiment_fts fts LEFT JOIN sentiment ON fts.rowid = sentiment.id WHERE fts.sentiment_fts MATCH ? ORDER BY fts.rowid DESC LIMIT 1000': no such table: sentiment_fts
Execution failed on sql 'SELECT sentiment.* FROM  sentiment_fts fts LEFT JOIN sentiment ON fts.rowid = sentiment.id WHERE fts.sentiment_fts MATCH ? ORDER BY fts.rowid DESC LIMIT 1000': no such table: sentiment_fts
Execution failed on sql 'SELECT sentiment.* FROM  sentiment_fts fts LEFT JOIN sentiment ON fts.rowid = sentiment.id WHERE fts.sentiment_fts MATCH ? ORDER BY fts.rowid DESC LIMIT 1000': no such table: sentiment_fts
Execution failed on sql 'SELECT sentiment.* FROM  sentiment_fts fts LEFT JOIN sentiment ON fts.rowid = sentiment.id WHERE fts.sentiment_fts MATCH ? ORDER BY fts.rowid DESC LIMIT 1000': no such table: sentiment_fts
Execution failed on sql 'SELECT sentiment.* FROM  sentiment_fts fts LEFT JOIN sentiment ON fts.rowid = sentiment.id WHERE fts.sentiment_fts MATCH ? ORDER BY fts.rowid DESC LIMIT 1000': no such table: sentiment_fts
Execution failed on sql 'SELECT sentiment.* FROM  sentiment_fts fts LEFT JOIN sentiment ON fts.rowid = sentiment.id WHERE fts.sentiment_fts MATCH ? ORDER BY fts.rowid DESC LIMIT 1000': no such table: sentiment_fts
Execution failed on sql 'SELECT sentiment.* FROM  sentiment_fts fts LEFT JOIN sentiment ON fts.rowid = sentiment.id WHERE fts.sentiment_fts MATCH ? ORDER BY fts.rowid DESC LIMIT 1000': no such table: sentiment_fts
Execution failed on sql 'SELECT sentiment.* FROM  sentiment_fts fts LEFT JOIN sentiment ON fts.rowid = sentiment.id WHERE fts.sentiment_fts MATCH ? ORDER BY fts.rowid DESC LIMIT 1000': no such table: sentiment_fts
Execution failed on sql 'SELECT sentiment.* FROM  sentiment_fts fts LEFT JOIN sentiment ON fts.rowid = sentiment.id WHERE fts.sentiment_fts MATCH ? ORDER BY fts.rowid DESC LIMIT 1000': no such table: sentiment_fts
Execution failed on sql 'SELECT sentiment.* FROM  sentiment_fts fts LEFT JOIN sentiment ON fts.rowid = sentiment.id WHERE fts.sentiment_fts MATCH ? ORDER BY fts.rowid DESC LIMIT 1000': no such table: sentiment_fts
Execution failed on sql 'SELECT sentiment.* FROM  sentiment_fts fts LEFT JOIN sentiment ON fts.rowid = sentiment.id WHERE fts.sentiment_fts MATCH ? ORDER BY fts.rowid DESC LIMIT 1000': no such table: sentiment_fts
Execution failed on sql 'SELECT sentiment.* FROM  sentiment_fts fts LEFT JOIN sentiment ON fts.rowid = sentiment.id WHERE fts.sentiment_fts MATCH ? ORDER BY fts.rowid DESC LIMIT 1000': no such table: sentiment_fts
Execution failed on sql 'SELECT sentiment.* FROM  sentiment_fts fts LEFT JOIN sentiment ON fts.rowid = sentiment.id WHERE fts.sentiment_fts MATCH ? ORDER BY fts.rowid DESC LIMIT 1000': no such table: sentiment_fts
Execution failed on sql 'SELECT sentiment.* FROM  sentiment_fts fts LEFT JOIN sentiment ON fts.rowid = sentiment.id WHERE fts.sentiment_fts MATCH ? ORDER BY fts.rowid DESC LIMIT 1000': no such table: sentiment_fts
Execution failed on sql 'SELECT sentiment.* FROM  sentiment_fts fts LEFT JOIN sentiment ON fts.rowid = sentiment.id WHERE fts.sentiment_fts MATCH ? ORDER BY fts.rowid DESC LIMIT 1000': no such table: sentiment_fts
Execution failed on sql 'SELECT sentiment.* FROM  sentiment_fts fts LEFT JOIN sentiment ON fts.rowid = sentiment.id WHERE fts.sentiment_fts MATCH ? ORDER BY fts.rowid DESC LIMIT 1000': no such table: sentiment_fts
Execution failed on sql 'SELECT sentiment.* FROM  sentiment_fts fts LEFT JOIN sentiment ON fts.rowid = sentiment.id WHERE fts.sentiment_fts MATCH ? ORDER BY fts.rowid DESC LIMIT 1000': no such table: sentiment_fts
Execution failed on sql 'SELECT sentiment.* FROM  sentiment_fts fts LEFT JOIN sentiment ON fts.rowid = sentiment.id WHERE fts.sentiment_fts MATCH ? ORDER BY fts.rowid DESC LIMIT 1000': no such table: sentiment_fts
Execution failed on sql 'SELECT sentiment.* FROM  sentiment_fts fts LEFT JOIN sentiment ON fts.rowid = sentiment.id WHERE fts.sentiment_fts MATCH ? ORDER BY fts.rowid DESC LIMIT 1000': no such table: sentiment_fts
Execution failed on sql 'SELECT sentiment.* FROM  sentiment_fts fts LEFT JOIN sentiment ON fts.rowid = sentiment.id WHERE fts.sentiment_fts MATCH ? ORDER BY fts.rowid DESC LIMIT 1000': no such table: sentiment_fts
Execution failed on sql 'SELECT sentiment.* FROM  sentiment_fts fts LEFT JOIN sentiment ON fts.rowid = sentiment.id WHERE fts.sentiment_fts MATCH ? ORDER BY fts.rowid DESC LIMIT 1000': no such table: sentiment_fts
Execution failed on sql 'SELECT sentiment.* FROM  sentiment_fts fts LEFT JOIN sentiment ON fts.rowid = sentiment.id WHERE fts.sentiment_fts MATCH ? ORDER BY fts.rowid DESC LIMIT 1000': no such table: sentiment_fts
Execution failed on sql 'SELECT sentiment.* FROM  sentiment_fts fts LEFT JOIN sentiment ON fts.rowid = sentiment.id WHERE fts.sentiment_fts MATCH ? ORDER BY fts.rowid DESC LIMIT 1000': no such table: sentiment_fts
Execution failed on sql 'SELECT sentiment.* FROM  sentiment_fts fts LEFT JOIN sentiment ON fts.rowid = sentiment.id WHERE fts.sentiment_fts MATCH ? ORDER BY fts.rowid DESC LIMIT 1000': no such table: sentiment_fts
Execution failed on sql 'SELECT sentiment.* FROM  sentiment_fts fts LEFT JOIN sentiment ON fts.rowid = sentiment.id WHERE fts.sentiment_fts MATCH ? ORDER BY fts.rowid DESC LIMIT 1000': no such table: sentiment_fts
Execution failed on sql 'SELECT sentiment.* FROM  sentiment_fts fts LEFT JOIN sentiment ON fts.rowid = sentiment.id WHERE fts.sentiment_fts MATCH ? ORDER BY fts.rowid DESC LIMIT 1000': no such table: sentiment_fts
Execution failed on sql 'SELECT sentiment.* FROM  sentiment_fts fts LEFT JOIN sentiment ON fts.rowid = sentiment.id WHERE fts.sentiment_fts MATCH ? ORDER BY fts.rowid DESC LIMIT 1000': no such table: sentiment_fts
Execution failed on sql 'SELECT sentiment.* FROM  sentiment_fts fts LEFT JOIN sentiment ON fts.rowid = sentiment.id WHERE fts.sentiment_fts MATCH ? ORDER BY fts.rowid DESC LIMIT 1000': no such table: sentiment_fts
Execution failed on sql 'SELECT sentiment.* FROM  sentiment_fts fts LEFT JOIN sentiment ON fts.rowid = sentiment.id WHERE fts.sentiment_fts MATCH ? ORDER BY fts.rowid DESC LIMIT 1000': no such table: sentiment_fts
Execution failed on sql 'SELECT sentiment.* FROM  sentiment_fts fts LEFT JOIN sentiment ON fts.rowid = sentiment.id WHERE fts.sentiment_fts MATCH ? ORDER BY fts.rowid DESC LIMIT 1000': no such table: sentiment_fts
Execution failed on sql 'SELECT sentiment.* FROM  sentiment_fts fts LEFT JOIN sentiment ON fts.rowid = sentiment.id WHERE fts.sentiment_fts MATCH ? ORDER BY fts.rowid DESC LIMIT 1000': no such table: sentiment_fts
Execution failed on sql 'SELECT sentiment.* FROM  sentiment_fts fts LEFT JOIN sentiment ON fts.rowid = sentiment.id WHERE fts.sentiment_fts MATCH ? ORDER BY fts.rowid DESC LIMIT 1000': no such table: sentiment_fts
Execution failed on sql 'SELECT sentiment.* FROM  sentiment_fts fts LEFT JOIN sentiment ON fts.rowid = sentiment.id WHERE fts.sentiment_fts MATCH ? ORDER BY fts.rowid DESC LIMIT 1000': no such table: sentiment_fts
Execution failed on sql 'SELECT sentiment.* FROM  sentiment_fts fts LEFT JOIN sentiment ON fts.rowid = sentiment.id WHERE fts.sentiment_fts MATCH ? ORDER BY fts.rowid DESC LIMIT 1000': no such table: sentiment_fts
Execution failed on sql 'SELECT sentiment.* FROM  sentiment_fts fts LEFT JOIN sentiment ON fts.rowid = sentiment.id WHERE fts.sentiment_fts MATCH ? ORDER BY fts.rowid DESC LIMIT 1000': no such table: sentiment_fts
Execution failed on sql 'SELECT sentiment.* FROM  sentiment_fts fts LEFT JOIN sentiment ON fts.rowid = sentiment.id WHERE fts.sentiment_fts MATCH ? ORDER BY fts.rowid DESC LIMIT 1000': no such table: sentiment_fts
Execution failed on sql 'SELECT sentiment.* FROM  sentiment_fts fts LEFT JOIN sentiment ON fts.rowid = sentiment.id WHERE fts.sentiment_fts MATCH ? ORDER BY fts.rowid DESC LIMIT 1000': no such table: sentiment_fts
Execution failed on sql 'SELECT sentiment.* FROM  sentiment_fts fts LEFT JOIN sentiment ON fts.rowid = sentiment.id WHERE fts.sentiment_fts MATCH ? ORDER BY fts.rowid DESC LIMIT 1000': no such table: sentiment_fts
Execution failed on sql 'SELECT sentiment.* FROM  sentiment_fts fts LEFT JOIN sentiment ON fts.rowid = sentiment.id WHERE fts.sentiment_fts MATCH ? ORDER BY fts.rowid DESC LIMIT 1000': no such table: sentiment_fts
Execution failed on sql 'SELECT sentiment.* FROM  sentiment_fts fts LEFT JOIN sentiment ON fts.rowid = sentiment.id WHERE fts.sentiment_fts MATCH ? ORDER BY fts.rowid DESC LIMIT 1000': no such table: sentiment_fts
Execution failed on sql 'SELECT sentiment.* FROM  sentiment_fts fts LEFT JOIN sentiment ON fts.rowid = sentiment.id WHERE fts.sentiment_fts MATCH ? ORDER BY fts.rowid DESC LIMIT 1000': no such table: sentiment_fts
Execution failed on sql 'SELECT sentiment.* FROM  sentiment_fts fts LEFT JOIN sentiment ON fts.rowid = sentiment.id WHERE fts.sentiment_fts MATCH ? ORDER BY fts.rowid DESC LIMIT 1000': no such table: sentiment_fts
Execution failed on sql 'SELECT sentiment.* FROM  sentiment_fts fts LEFT JOIN sentiment ON fts.rowid = sentiment.id WHERE fts.sentiment_fts MATCH ? ORDER BY fts.rowid DESC LIMIT 1000': no such table: sentiment_fts
Execution failed on sql 'SELECT sentiment.* FROM  sentiment_fts fts LEFT JOIN sentiment ON fts.rowid = sentiment.id WHERE fts.sentiment_fts MATCH ? ORDER BY fts.rowid DESC LIMIT 1000': no such table: sentiment_fts
Execution failed on sql 'SELECT sentiment.* FROM  sentiment_fts fts LEFT JOIN sentiment ON fts.rowid = sentiment.id WHERE fts.sentiment_fts MATCH ? ORDER BY fts.rowid DESC LIMIT 1000': no such table: sentiment_fts
Execution failed on sql 'SELECT sentiment.* FROM  sentiment_fts fts LEFT JOIN sentiment ON fts.rowid = sentiment.id WHERE fts.sentiment_fts MATCH ? ORDER BY fts.rowid DESC LIMIT 1000': no such table: sentiment_fts
Execution failed on sql 'SELECT sentiment.* FROM  sentiment_fts fts LEFT JOIN sentiment ON fts.rowid = sentiment.id WHERE fts.sentiment_fts MATCH ? ORDER BY fts.rowid DESC LIMIT 1000': no such table: sentiment_fts
Execution failed on sql 'SELECT sentiment.* FROM  sentiment_fts fts LEFT JOIN sentiment ON fts.rowid = sentiment.id WHERE fts.sentiment_fts MATCH ? ORDER BY fts.rowid DESC LIMIT 1000': no such table: sentiment_fts
Execution failed on sql 'SELECT sentiment.* FROM  sentiment_fts fts LEFT JOIN sentiment ON fts.rowid = sentiment.id WHERE fts.sentiment_fts MATCH ? ORDER BY fts.rowid DESC LIMIT 1000': no such table: sentiment_fts
Execution failed on sql 'SELECT sentiment.* FROM  sentiment_fts fts LEFT JOIN sentiment ON fts.rowid = sentiment.id WHERE fts.sentiment_fts MATCH ? ORDER BY fts.rowid DESC LIMIT 1000': no such table: sentiment_fts
Execution failed on sql 'SELECT sentiment.* FROM  sentiment_fts fts LEFT JOIN sentiment ON fts.rowid = sentiment.id WHERE fts.sentiment_fts MATCH ? ORDER BY fts.rowid DESC LIMIT 1000': no such table: sentiment_fts
Execution failed on sql 'SELECT sentiment.* FROM  sentiment_fts fts LEFT JOIN sentiment ON fts.rowid = sentiment.id WHERE fts.sentiment_fts MATCH ? ORDER BY fts.rowid DESC LIMIT 1000': no such table: sentiment_fts
Execution failed on sql 'SELECT sentiment.* FROM  sentiment_fts fts LEFT JOIN sentiment ON fts.rowid = sentiment.id WHERE fts.sentiment_fts MATCH ? ORDER BY fts.rowid DESC LIMIT 1000': no such table: sentiment_fts
Execution failed on sql 'SELECT sentiment.* FROM  sentiment_fts fts LEFT JOIN sentiment ON fts.rowid = sentiment.id WHERE fts.sentiment_fts MATCH ? ORDER BY fts.rowid DESC LIMIT 1000': no such table: sentiment_fts
Execution failed on sql 'SELECT sentiment.* FROM  sentiment_fts fts LEFT JOIN sentiment ON fts.rowid = sentiment.id WHERE fts.sentiment_fts MATCH ? ORDER BY fts.rowid DESC LIMIT 1000': no such table: sentiment_fts
Execution failed on sql 'SELECT sentiment.* FROM  sentiment_fts fts LEFT JOIN sentiment ON fts.rowid = sentiment.id WHERE fts.sentiment_fts MATCH ? ORDER BY fts.rowid DESC LIMIT 1000': no such table: sentiment_fts
Execution failed on sql 'SELECT sentiment.* FROM  sentiment_fts fts LEFT JOIN sentiment ON fts.rowid = sentiment.id WHERE fts.sentiment_fts MATCH ? ORDER BY fts.rowid DESC LIMIT 1000': no such table: sentiment_fts
Execution failed on sql 'SELECT sentiment.* FROM  sentiment_fts fts LEFT JOIN sentiment ON fts.rowid = sentiment.id WHERE fts.sentiment_fts MATCH ? ORDER BY fts.rowid DESC LIMIT 1000': no such table: sentiment_fts
Execution failed on sql 'SELECT sentiment.* FROM  sentiment_fts fts LEFT JOIN sentiment ON fts.rowid = sentiment.id WHERE fts.sentiment_fts MATCH ? ORDER BY fts.rowid DESC LIMIT 1000': no such table: sentiment_fts
Execution failed on sql 'SELECT sentiment.* FROM  sentiment_fts fts LEFT JOIN sentiment ON fts.rowid = sentiment.id WHERE fts.sentiment_fts MATCH ? ORDER BY fts.rowid DESC LIMIT 1000': no such table: sentiment_fts
Execution failed on sql 'SELECT sentiment.* FROM  sentiment_fts fts LEFT JOIN sentiment ON fts.rowid = sentiment.id WHERE fts.sentiment_fts MATCH ? ORDER BY fts.rowid DESC LIMIT 1000': no such table: sentiment_fts
Execution failed on sql 'SELECT sentiment.* FROM  sentiment_fts fts LEFT JOIN sentiment ON fts.rowid = sentiment.id WHERE fts.sentiment_fts MATCH ? ORDER BY fts.rowid DESC LIMIT 1000': no such table: sentiment_fts
Execution failed on sql 'SELECT sentiment.* FROM  sentiment_fts fts LEFT JOIN sentiment ON fts.rowid = sentiment.id WHERE fts.sentiment_fts MATCH ? ORDER BY fts.rowid DESC LIMIT 1000': no such table: sentiment_fts
Execution failed on sql 'SELECT sentiment.* FROM  sentiment_fts fts LEFT JOIN sentiment ON fts.rowid = sentiment.id WHERE fts.sentiment_fts MATCH ? ORDER BY fts.rowid DESC LIMIT 1000': no such table: sentiment_fts
Execution failed on sql 'SELECT sentiment.* FROM  sentiment_fts fts LEFT JOIN sentiment ON fts.rowid = sentiment.id WHERE fts.sentiment_fts MATCH ? ORDER BY fts.rowid DESC LIMIT 1000': no such table: sentiment_fts
Execution failed on sql 'SELECT sentiment.* FROM  sentiment_fts fts LEFT JOIN sentiment ON fts.rowid = sentiment.id WHERE fts.sentiment_fts MATCH ? ORDER BY fts.rowid DESC LIMIT 1000': no such table: sentiment_fts
Execution failed on sql 'SELECT sentiment.* FROM  sentiment_fts fts LEFT JOIN sentiment ON fts.rowid = sentiment.id WHERE fts.sentiment_fts MATCH ? ORDER BY fts.rowid DESC LIMIT 1000': no such table: sentiment_fts
Execution failed on sql 'SELECT sentiment.* FROM  sentiment_fts fts LEFT JOIN sentiment ON fts.rowid = sentiment.id WHERE fts.sentiment_fts MATCH ? ORDER BY fts.rowid DESC LIMIT 1000': no such table: sentiment_fts
Execution failed on sql 'SELECT sentiment.* FROM  sentiment_fts fts LEFT JOIN sentiment ON fts.rowid = sentiment.id WHERE fts.sentiment_fts MATCH ? ORDER BY fts.rowid DESC LIMIT 1000': no such table: sentiment_fts
Execution failed on sql 'SELECT sentiment.* FROM  sentiment_fts fts LEFT JOIN sentiment ON fts.rowid = sentiment.id WHERE fts.sentiment_fts MATCH ? ORDER BY fts.rowid DESC LIMIT 1000': no such table: sentiment_fts
Execution failed on sql 'SELECT sentiment.* FROM  sentiment_fts fts LEFT JOIN sentiment ON fts.rowid = sentiment.id WHERE fts.sentiment_fts MATCH ? ORDER BY fts.rowid DESC LIMIT 1000': no such table: sentiment_fts
Execution failed on sql 'SELECT sentiment.* FROM  sentiment_fts fts LEFT JOIN sentiment ON fts.rowid = sentiment.id WHERE fts.sentiment_fts MATCH ? ORDER BY fts.rowid DESC LIMIT 1000': no such table: sentiment_fts
Execution failed on sql 'SELECT sentiment.* FROM  sentiment_fts fts LEFT JOIN sentiment ON fts.rowid = sentiment.id WHERE fts.sentiment_fts MATCH ? ORDER BY fts.rowid DESC LIMIT 1000': no such table: sentiment_fts
Execution failed on sql 'SELECT sentiment.* FROM  sentiment_fts fts LEFT JOIN sentiment ON fts.rowid = sentiment.id WHERE fts.sentiment_fts MATCH ? ORDER BY fts.rowid DESC LIMIT 1000': no such table: sentiment_fts
Execution failed on sql 'SELECT sentiment.* FROM  sentiment_fts fts LEFT JOIN sentiment ON fts.rowid = sentiment.id WHERE fts.sentiment_fts MATCH ? ORDER BY fts.rowid DESC LIMIT 1000': no such table: sentiment_fts
Execution failed on sql 'SELECT sentiment.* FROM  sentiment_fts fts LEFT JOIN sentiment ON fts.rowid = sentiment.id WHERE fts.sentiment_fts MATCH ? ORDER BY fts.rowid DESC LIMIT 1000': no such table: sentiment_fts
Execution failed on sql 'SELECT sentiment.* FROM  sentiment_fts fts LEFT JOIN sentiment ON fts.rowid = sentiment.id WHERE fts.sentiment_fts MATCH ? ORDER BY fts.rowid DESC LIMIT 1000': no such table: sentiment_fts
Execution failed on sql 'SELECT sentiment.* FROM  sentiment_fts fts LEFT JOIN sentiment ON fts.rowid = sentiment.id WHERE fts.sentiment_fts MATCH ? ORDER BY fts.rowid DESC LIMIT 1000': no such table: sentiment_fts
Execution failed on sql 'SELECT sentiment.* FROM  sentiment_fts fts LEFT JOIN sentiment ON fts.rowid = sentiment.id WHERE fts.sentiment_fts MATCH ? ORDER BY fts.rowid DESC LIMIT 1000': no such table: sentiment_fts
Execution failed on sql 'SELECT sentiment.* FROM  sentiment_fts fts LEFT JOIN sentiment ON fts.rowid = sentiment.id WHERE fts.sentiment_fts MATCH ? ORDER BY fts.rowid DESC LIMIT 1000': no such table: sentiment_fts
Execution failed on sql 'SELECT sentiment.* FROM  sentiment_fts fts LEFT JOIN sentiment ON fts.rowid = sentiment.id WHERE fts.sentiment_fts MATCH ? ORDER BY fts.rowid DESC LIMIT 1000': no such table: sentiment_fts
Execution failed on sql 'SELECT sentiment.* FROM  sentiment_fts fts LEFT JOIN sentiment ON fts.rowid = sentiment.id WHERE fts.sentiment_fts MATCH ? ORDER BY fts.rowid DESC LIMIT 1000': no such table: sentiment_fts
Execution failed on sql 'SELECT sentiment.* FROM  sentiment_fts fts LEFT JOIN sentiment ON fts.rowid = sentiment.id WHERE fts.sentiment_fts MATCH ? ORDER BY fts.rowid DESC LIMIT 1000': no such table: sentiment_fts
Execution failed on sql 'SELECT sentiment.* FROM  sentiment_fts fts LEFT JOIN sentiment ON fts.rowid = sentiment.id WHERE fts.sentiment_fts MATCH ? ORDER BY fts.rowid DESC LIMIT 1000': no such table: sentiment_fts
Execution failed on sql 'SELECT sentiment.* FROM  sentiment_fts fts LEFT JOIN sentiment ON fts.rowid = sentiment.id WHERE fts.sentiment_fts MATCH ? ORDER BY fts.rowid DESC LIMIT 1000': no such table: sentiment_fts
Execution failed on sql 'SELECT sentiment.* FROM  sentiment_fts fts LEFT JOIN sentiment ON fts.rowid = sentiment.id WHERE fts.sentiment_fts MATCH ? ORDER BY fts.rowid DESC LIMIT 1000': no such table: sentiment_fts
Execution failed on sql 'SELECT sentiment.* FROM  sentiment_fts fts LEFT JOIN sentiment ON fts.rowid = sentiment.id WHERE fts.sentiment_fts MATCH ? ORDER BY fts.rowid DESC LIMIT 1000': no such table: sentiment_fts
Execution failed on sql 'SELECT sentiment.* FROM  sentiment_fts fts LEFT JOIN sentiment ON fts.rowid = sentiment.id WHERE fts.sentiment_fts MATCH ? ORDER BY fts.rowid DESC LIMIT 1000': no such table: sentiment_fts
Execution failed on sql 'SELECT sentiment.* FROM  sentiment_fts fts LEFT JOIN sentiment ON fts.rowid = sentiment.id WHERE fts.sentiment_fts MATCH ? ORDER BY fts.rowid DESC LIMIT 1000': no such table: sentiment_fts
Execution failed on sql 'SELECT sentiment.* FROM  sentiment_fts fts LEFT JOIN sentiment ON fts.rowid = sentiment.id WHERE fts.sentiment_fts MATCH ? ORDER BY fts.rowid DESC LIMIT 1000': no such table: sentiment_fts
Execution failed on sql 'SELECT sentiment.* FROM  sentiment_fts fts LEFT JOIN sentiment ON fts.rowid = sentiment.id WHERE fts.sentiment_fts MATCH ? ORDER BY fts.rowid DESC LIMIT 1000': no such table: sentiment_fts
Execution failed on sql 'SELECT sentiment.* FROM  sentiment_fts fts LEFT JOIN sentiment ON fts.rowid = sentiment.id WHERE fts.sentiment_fts MATCH ? ORDER BY fts.rowid DESC LIMIT 1000': no such table: sentiment_fts
Execution failed on sql 'SELECT sentiment.* FROM  sentiment_fts fts LEFT JOIN sentiment ON fts.rowid = sentiment.id WHERE fts.sentiment_fts MATCH ? ORDER BY fts.rowid DESC LIMIT 1000': no such table: sentiment_fts
Execution failed on sql 'SELECT sentiment.* FROM  sentiment_fts fts LEFT JOIN sentiment ON fts.rowid = sentiment.id WHERE fts.sentiment_fts MATCH ? ORDER BY fts.rowid DESC LIMIT 1000': no such table: sentiment_fts
Execution failed on sql 'SELECT sentiment.* FROM  sentiment_fts fts LEFT JOIN sentiment ON fts.rowid = sentiment.id WHERE fts.sentiment_fts MATCH ? ORDER BY fts.rowid DESC LIMIT 1000': no such table: sentiment_fts
Execution failed on sql 'SELECT sentiment.* FROM  sentiment_fts fts LEFT JOIN sentiment ON fts.rowid = sentiment.id WHERE fts.sentiment_fts MATCH ? ORDER BY fts.rowid DESC LIMIT 1000': no such table: sentiment_fts
Execution failed on sql 'SELECT sentiment.* FROM  sentiment_fts fts LEFT JOIN sentiment ON fts.rowid = sentiment.id WHERE fts.sentiment_fts MATCH ? ORDER BY fts.rowid DESC LIMIT 1000': no such table: sentiment_fts
Execution failed on sql 'SELECT sentiment.* FROM  sentiment_fts fts LEFT JOIN sentiment ON fts.rowid = sentiment.id WHERE fts.sentiment_fts MATCH ? ORDER BY fts.rowid DESC LIMIT 1000': no such table: sentiment_fts
Execution failed on sql 'SELECT sentiment.* FROM  sentiment_fts fts LEFT JOIN sentiment ON fts.rowid = sentiment.id WHERE fts.sentiment_fts MATCH ? ORDER BY fts.rowid DESC LIMIT 1000': no such table: sentiment_fts
Execution failed on sql 'SELECT sentiment.* FROM  sentiment_fts fts LEFT JOIN sentiment ON fts.rowid = sentiment.id WHERE fts.sentiment_fts MATCH ? ORDER BY fts.rowid DESC LIMIT 1000': no such table: sentiment_fts
Execution failed on sql 'SELECT sentiment.* FROM  sentiment_fts fts LEFT JOIN sentiment ON fts.rowid = sentiment.id WHERE fts.sentiment_fts MATCH ? ORDER BY fts.rowid DESC LIMIT 1000': no such table: sentiment_fts
Execution failed on sql 'SELECT sentiment.* FROM  sentiment_fts fts LEFT JOIN sentiment ON fts.rowid = sentiment.id WHERE fts.sentiment_fts MATCH ? ORDER BY fts.rowid DESC LIMIT 1000': no such table: sentiment_fts
Execution failed on sql 'SELECT sentiment.* FROM  sentiment_fts fts LEFT JOIN sentiment ON fts.rowid = sentiment.id WHERE fts.sentiment_fts MATCH ? ORDER BY fts.rowid DESC LIMIT 1000': no such table: sentiment_fts
Execution failed on sql 'SELECT sentiment.* FROM  sentiment_fts fts LEFT JOIN sentiment ON fts.rowid = sentiment.id WHERE fts.sentiment_fts MATCH ? ORDER BY fts.rowid DESC LIMIT 1000': no such table: sentiment_fts
Execution failed on sql 'SELECT sentiment.* FROM  sentiment_fts fts LEFT JOIN sentiment ON fts.rowid = sentiment.id WHERE fts.sentiment_fts MATCH ? ORDER BY fts.rowid DESC LIMIT 1000': no such table: sentiment_fts
Execution failed on sql 'SELECT sentiment.* FROM  sentiment_fts fts LEFT JOIN sentiment ON fts.rowid = sentiment.id WHERE fts.sentiment_fts MATCH ? ORDER BY fts.rowid DESC LIMIT 1000': no such table: sentiment_fts
Execution failed on sql 'SELECT sentiment.* FROM  sentiment_fts fts LEFT JOIN sentiment ON fts.rowid = sentiment.id WHERE fts.sentiment_fts MATCH ? ORDER BY fts.rowid DESC LIMIT 1000': no such table: sentiment_fts
Execution failed on sql 'SELECT sentiment.* FROM  sentiment_fts fts LEFT JOIN sentiment ON fts.rowid = sentiment.id WHERE fts.sentiment_fts MATCH ? ORDER BY fts.rowid DESC LIMIT 1000': no such table: sentiment_fts
Execution failed on sql 'SELECT sentiment.* FROM  sentiment_fts fts LEFT JOIN sentiment ON fts.rowid = sentiment.id WHERE fts.sentiment_fts MATCH ? ORDER BY fts.rowid DESC LIMIT 1000': no such table: sentiment_fts
Execution failed on sql 'SELECT sentiment.* FROM  sentiment_fts fts LEFT JOIN sentiment ON fts.rowid = sentiment.id WHERE fts.sentiment_fts MATCH ? ORDER BY fts.rowid DESC LIMIT 1000': no such table: sentiment_fts
Execution failed on sql 'SELECT sentiment.* FROM  sentiment_fts fts LEFT JOIN sentiment ON fts.rowid = sentiment.id WHERE fts.sentiment_fts MATCH ? ORDER BY fts.rowid DESC LIMIT 1000': no such table: sentiment_fts
Execution failed on sql 'SELECT sentiment.* FROM  sentiment_fts fts LEFT JOIN sentiment ON fts.rowid = sentiment.id WHERE fts.sentiment_fts MATCH ? ORDER BY fts.rowid DESC LIMIT 1000': no such table: sentiment_fts
Execution failed on sql 'SELECT sentiment.* FROM  sentiment_fts fts LEFT JOIN sentiment ON fts.rowid = sentiment.id WHERE fts.sentiment_fts MATCH ? ORDER BY fts.rowid DESC LIMIT 1000': no such table: sentiment_fts
Execution failed on sql 'SELECT sentiment.* FROM  sentiment_fts fts LEFT JOIN sentiment ON fts.rowid = sentiment.id WHERE fts.sentiment_fts MATCH ? ORDER BY fts.rowid DESC LIMIT 1000': no such table: sentiment_fts
Execution failed on sql 'SELECT sentiment.* FROM  sentiment_fts fts LEFT JOIN sentiment ON fts.rowid = sentiment.id WHERE fts.sentiment_fts MATCH ? ORDER BY fts.rowid DESC LIMIT 1000': no such table: sentiment_fts
Execution failed on sql 'SELECT sentiment.* FROM  sentiment_fts fts LEFT JOIN sentiment ON fts.rowid = sentiment.id WHERE fts.sentiment_fts MATCH ? ORDER BY fts.rowid DESC LIMIT 1000': no such table: sentiment_fts
Execution failed on sql 'SELECT sentiment.* FROM  sentiment_fts fts LEFT JOIN sentiment ON fts.rowid = sentiment.id WHERE fts.sentiment_fts MATCH ? ORDER BY fts.rowid DESC LIMIT 1000': no such table: sentiment_fts
Execution failed on sql 'SELECT sentiment.* FROM  sentiment_fts fts LEFT JOIN sentiment ON fts.rowid = sentiment.id WHERE fts.sentiment_fts MATCH ? ORDER BY fts.rowid DESC LIMIT 1000': no such table: sentiment_fts
Execution failed on sql 'SELECT sentiment.* FROM  sentiment_fts fts LEFT JOIN sentiment ON fts.rowid = sentiment.id WHERE fts.sentiment_fts MATCH ? ORDER BY fts.rowid DESC LIMIT 1000': no such table: sentiment_fts
Execution failed on sql 'SELECT sentiment.* FROM  sentiment_fts fts LEFT JOIN sentiment ON fts.rowid = sentiment.id WHERE fts.sentiment_fts MATCH ? ORDER BY fts.rowid DESC LIMIT 1000': no such table: sentiment_fts
Execution failed on sql 'SELECT sentiment.* FROM  sentiment_fts fts LEFT JOIN sentiment ON fts.rowid = sentiment.id WHERE fts.sentiment_fts MATCH ? ORDER BY fts.rowid DESC LIMIT 1000': no such table: sentiment_fts
Execution failed on sql 'SELECT sentiment.* FROM  sentiment_fts fts LEFT JOIN sentiment ON fts.rowid = sentiment.id WHERE fts.sentiment_fts MATCH ? ORDER BY fts.rowid DESC LIMIT 1000': no such table: sentiment_fts
Execution failed on sql 'SELECT sentiment.* FROM  sentiment_fts fts LEFT JOIN sentiment ON fts.rowid = sentiment.id WHERE fts.sentiment_fts MATCH ? ORDER BY fts.rowid DESC LIMIT 1000': no such table: sentiment_fts
Execution failed on sql 'SELECT sentiment.* FROM  sentiment_fts fts LEFT JOIN sentiment ON fts.rowid = sentiment.id WHERE fts.sentiment_fts MATCH ? ORDER BY fts.rowid DESC LIMIT 1000': no such table: sentiment_fts
Execution failed on sql 'SELECT sentiment.* FROM  sentiment_fts fts LEFT JOIN sentiment ON fts.rowid = sentiment.id WHERE fts.sentiment_fts MATCH ? ORDER BY fts.rowid DESC LIMIT 1000': no such table: sentiment_fts
Execution failed on sql 'SELECT sentiment.* FROM  sentiment_fts fts LEFT JOIN sentiment ON fts.rowid = sentiment.id WHERE fts.sentiment_fts MATCH ? ORDER BY fts.rowid DESC LIMIT 1000': no such table: sentiment_fts
Execution failed on sql 'SELECT sentiment.* FROM  sentiment_fts fts LEFT JOIN sentiment ON fts.rowid = sentiment.id WHERE fts.sentiment_fts MATCH ? ORDER BY fts.rowid DESC LIMIT 1000': no such table: sentiment_fts
Execution failed on sql 'SELECT sentiment.* FROM  sentiment_fts fts LEFT JOIN sentiment ON fts.rowid = sentiment.id WHERE fts.sentiment_fts MATCH ? ORDER BY fts.rowid DESC LIMIT 1000': no such table: sentiment_fts
Execution failed on sql 'SELECT sentiment.* FROM  sentiment_fts fts LEFT JOIN sentiment ON fts.rowid = sentiment.id WHERE fts.sentiment_fts MATCH ? ORDER BY fts.rowid DESC LIMIT 1000': no such table: sentiment_fts
Execution failed on sql 'SELECT sentiment.* FROM  sentiment_fts fts LEFT JOIN sentiment ON fts.rowid = sentiment.id WHERE fts.sentiment_fts MATCH ? ORDER BY fts.rowid DESC LIMIT 1000': no such table: sentiment_fts
Execution failed on sql 'SELECT sentiment.* FROM  sentiment_fts fts LEFT JOIN sentiment ON fts.rowid = sentiment.id WHERE fts.sentiment_fts MATCH ? ORDER BY fts.rowid DESC LIMIT 1000': no such table: sentiment_fts
Execution failed on sql 'SELECT sentiment.* FROM  sentiment_fts fts LEFT JOIN sentiment ON fts.rowid = sentiment.id WHERE fts.sentiment_fts MATCH ? ORDER BY fts.rowid DESC LIMIT 1000': no such table: sentiment_fts
Execution failed on sql 'SELECT sentiment.* FROM  sentiment_fts fts LEFT JOIN sentiment ON fts.rowid = sentiment.id WHERE fts.sentiment_fts MATCH ? ORDER BY fts.rowid DESC LIMIT 1000': no such table: sentiment_fts
Execution failed on sql 'SELECT sentiment.* FROM  sentiment_fts fts LEFT JOIN sentiment ON fts.rowid = sentiment.id WHERE fts.sentiment_fts MATCH ? ORDER BY fts.rowid DESC LIMIT 1000': no such table: sentiment_fts
Execution failed on sql 'SELECT sentiment.* FROM  sentiment_fts fts LEFT JOIN sentiment ON fts.rowid = sentiment.id WHERE fts.sentiment_fts MATCH ? ORDER BY fts.rowid DESC LIMIT 1000': no such table: sentiment_fts
Execution failed on sql 'SELECT sentiment.* FROM  sentiment_fts fts LEFT JOIN sentiment ON fts.rowid = sentiment.id WHERE fts.sentiment_fts MATCH ? ORDER BY fts.rowid DESC LIMIT 1000': no such table: sentiment_fts
Execution failed on sql 'SELECT sentiment.* FROM  sentiment_fts fts LEFT JOIN sentiment ON fts.rowid = sentiment.id WHERE fts.sentiment_fts MATCH ? ORDER BY fts.rowid DESC LIMIT 1000': no such table: sentiment_fts
Execution failed on sql 'SELECT sentiment.* FROM  sentiment_fts fts LEFT JOIN sentiment ON fts.rowid = sentiment.id WHERE fts.sentiment_fts MATCH ? ORDER BY fts.rowid DESC LIMIT 1000': no such table: sentiment_fts
Execution failed on sql 'SELECT sentiment.* FROM  sentiment_fts fts LEFT JOIN sentiment ON fts.rowid = sentiment.id WHERE fts.sentiment_fts MATCH ? ORDER BY fts.rowid DESC LIMIT 1000': no such table: sentiment_fts
Execution failed on sql 'SELECT sentiment.* FROM  sentiment_fts fts LEFT JOIN sentiment ON fts.rowid = sentiment.id WHERE fts.sentiment_fts MATCH ? ORDER BY fts.rowid DESC LIMIT 1000': no such table: sentiment_fts
Execution failed on sql 'SELECT sentiment.* FROM  sentiment_fts fts LEFT JOIN sentiment ON fts.rowid = sentiment.id WHERE fts.sentiment_fts MATCH ? ORDER BY fts.rowid DESC LIMIT 1000': no such table: sentiment_fts
Execution failed on sql 'SELECT sentiment.* FROM  sentiment_fts fts LEFT JOIN sentiment ON fts.rowid = sentiment.id WHERE fts.sentiment_fts MATCH ? ORDER BY fts.rowid DESC LIMIT 1000': no such table: sentiment_fts
Execution failed on sql 'SELECT sentiment.* FROM  sentiment_fts fts LEFT JOIN sentiment ON fts.rowid = sentiment.id WHERE fts.sentiment_fts MATCH ? ORDER BY fts.rowid DESC LIMIT 1000': no such table: sentiment_fts
Execution failed on sql 'SELECT sentiment.* FROM  sentiment_fts fts LEFT JOIN sentiment ON fts.rowid = sentiment.id WHERE fts.sentiment_fts MATCH ? ORDER BY fts.rowid DESC LIMIT 1000': no such table: sentiment_fts
Execution failed on sql 'SELECT sentiment.* FROM  sentiment_fts fts LEFT JOIN sentiment ON fts.rowid = sentiment.id WHERE fts.sentiment_fts MATCH ? ORDER BY fts.rowid DESC LIMIT 1000': no such table: sentiment_fts
Execution failed on sql 'SELECT sentiment.* FROM  sentiment_fts fts LEFT JOIN sentiment ON fts.rowid = sentiment.id WHERE fts.sentiment_fts MATCH ? ORDER BY fts.rowid DESC LIMIT 1000': no such table: sentiment_fts
Execution failed on sql 'SELECT sentiment.* FROM  sentiment_fts fts LEFT JOIN sentiment ON fts.rowid = sentiment.id WHERE fts.sentiment_fts MATCH ? ORDER BY fts.rowid DESC LIMIT 1000': no such table: sentiment_fts
Execution failed on sql 'SELECT sentiment.* FROM  sentiment_fts fts LEFT JOIN sentiment ON fts.rowid = sentiment.id WHERE fts.sentiment_fts MATCH ? ORDER BY fts.rowid DESC LIMIT 1000': no such table: sentiment_fts
Execution failed on sql 'SELECT sentiment.* FROM  sentiment_fts fts LEFT JOIN sentiment ON fts.rowid = sentiment.id WHERE fts.sentiment_fts MATCH ? ORDER BY fts.rowid DESC LIMIT 1000': no such table: sentiment_fts
Execution failed on sql 'SELECT sentiment.* FROM  sentiment_fts fts LEFT JOIN sentiment ON fts.rowid = sentiment.id WHERE fts.sentiment_fts MATCH ? ORDER BY fts.rowid DESC LIMIT 1000': no such table: sentiment_fts
Execution failed on sql 'SELECT sentiment.* FROM  sentiment_fts fts LEFT JOIN sentiment ON fts.rowid = sentiment.id WHERE fts.sentiment_fts MATCH ? ORDER BY fts.rowid DESC LIMIT 1000': no such table: sentiment_fts
Execution failed on sql 'SELECT sentiment.* FROM  sentiment_fts fts LEFT JOIN sentiment ON fts.rowid = sentiment.id WHERE fts.sentiment_fts MATCH ? ORDER BY fts.rowid DESC LIMIT 1000': no such table: sentiment_fts
Execution failed on sql 'SELECT sentiment.* FROM  sentiment_fts fts LEFT JOIN sentiment ON fts.rowid = sentiment.id WHERE fts.sentiment_fts MATCH ? ORDER BY fts.rowid DESC LIMIT 1000': no such table: sentiment_fts
Execution failed on sql 'SELECT sentiment.* FROM  sentiment_fts fts LEFT JOIN sentiment ON fts.rowid = sentiment.id WHERE fts.sentiment_fts MATCH ? ORDER BY fts.rowid DESC LIMIT 1000': no such table: sentiment_fts
Execution failed on sql 'SELECT sentiment.* FROM  sentiment_fts fts LEFT JOIN sentiment ON fts.rowid = sentiment.id WHERE fts.sentiment_fts MATCH ? ORDER BY fts.rowid DESC LIMIT 1000': no such table: sentiment_fts
Execution failed on sql 'SELECT sentiment.* FROM  sentiment_fts fts LEFT JOIN sentiment ON fts.rowid = sentiment.id WHERE fts.sentiment_fts MATCH ? ORDER BY fts.rowid DESC LIMIT 1000': no such table: sentiment_fts
Execution failed on sql 'SELECT sentiment.* FROM  sentiment_fts fts LEFT JOIN sentiment ON fts.rowid = sentiment.id WHERE fts.sentiment_fts MATCH ? ORDER BY fts.rowid DESC LIMIT 1000': no such table: sentiment_fts
Execution failed on sql 'SELECT sentiment.* FROM  sentiment_fts fts LEFT JOIN sentiment ON fts.rowid = sentiment.id WHERE fts.sentiment_fts MATCH ? ORDER BY fts.rowid DESC LIMIT 1000': no such table: sentiment_fts
Execution failed on sql 'SELECT sentiment.* FROM  sentiment_fts fts LEFT JOIN sentiment ON fts.rowid = sentiment.id WHERE fts.sentiment_fts MATCH ? ORDER BY fts.rowid DESC LIMIT 1000': no such table: sentiment_fts
Execution failed on sql 'SELECT sentiment.* FROM  sentiment_fts fts LEFT JOIN sentiment ON fts.rowid = sentiment.id WHERE fts.sentiment_fts MATCH ? ORDER BY fts.rowid DESC LIMIT 1000': no such table: sentiment_fts
Execution failed on sql 'SELECT sentiment.* FROM  sentiment_fts fts LEFT JOIN sentiment ON fts.rowid = sentiment.id WHERE fts.sentiment_fts MATCH ? ORDER BY fts.rowid DESC LIMIT 1000': no such table: sentiment_fts
Execution failed on sql 'SELECT sentiment.* FROM  sentiment_fts fts LEFT JOIN sentiment ON fts.rowid = sentiment.id WHERE fts.sentiment_fts MATCH ? ORDER BY fts.rowid DESC LIMIT 1000': no such table: sentiment_fts
Execution failed on sql 'SELECT sentiment.* FROM  sentiment_fts fts LEFT JOIN sentiment ON fts.rowid = sentiment.id WHERE fts.sentiment_fts MATCH ? ORDER BY fts.rowid DESC LIMIT 1000': no such table: sentiment_fts
Execution failed on sql 'SELECT sentiment.* FROM  sentiment_fts fts LEFT JOIN sentiment ON fts.rowid = sentiment.id WHERE fts.sentiment_fts MATCH ? ORDER BY fts.rowid DESC LIMIT 1000': no such table: sentiment_fts
Execution failed on sql 'SELECT sentiment.* FROM  sentiment_fts fts LEFT JOIN sentiment ON fts.rowid = sentiment.id WHERE fts.sentiment_fts MATCH ? ORDER BY fts.rowid DESC LIMIT 1000': no such table: sentiment_fts
Execution failed on sql 'SELECT sentiment.* FROM  sentiment_fts fts LEFT JOIN sentiment ON fts.rowid = sentiment.id WHERE fts.sentiment_fts MATCH ? ORDER BY fts.rowid DESC LIMIT 1000': no such table: sentiment_fts
Execution failed on sql 'SELECT sentiment.* FROM  sentiment_fts fts LEFT JOIN sentiment ON fts.rowid = sentiment.id WHERE fts.sentiment_fts MATCH ? ORDER BY fts.rowid DESC LIMIT 1000': no such table: sentiment_fts
Execution failed on sql 'SELECT sentiment.* FROM  sentiment_fts fts LEFT JOIN sentiment ON fts.rowid = sentiment.id WHERE fts.sentiment_fts MATCH ? ORDER BY fts.rowid DESC LIMIT 1000': no such table: sentiment_fts
Execution failed on sql 'SELECT sentiment.* FROM  sentiment_fts fts LEFT JOIN sentiment ON fts.rowid = sentiment.id WHERE fts.sentiment_fts MATCH ? ORDER BY fts.rowid DESC LIMIT 1000': no such table: sentiment_fts
Execution failed on sql 'SELECT sentiment.* FROM  sentiment_fts fts LEFT JOIN sentiment ON fts.rowid = sentiment.id WHERE fts.sentiment_fts MATCH ? ORDER BY fts.rowid DESC LIMIT 1000': no such table: sentiment_fts
Execution failed on sql 'SELECT sentiment.* FROM  sentiment_fts fts LEFT JOIN sentiment ON fts.rowid = sentiment.id WHERE fts.sentiment_fts MATCH ? ORDER BY fts.rowid DESC LIMIT 1000': no such table: sentiment_fts
Execution failed on sql 'SELECT sentiment.* FROM  sentiment_fts fts LEFT JOIN sentiment ON fts.rowid = sentiment.id WHERE fts.sentiment_fts MATCH ? ORDER BY fts.rowid DESC LIMIT 1000': no such table: sentiment_fts
Execution failed on sql 'SELECT sentiment.* FROM  sentiment_fts fts LEFT JOIN sentiment ON fts.rowid = sentiment.id WHERE fts.sentiment_fts MATCH ? ORDER BY fts.rowid DESC LIMIT 1000': no such table: sentiment_fts
Execution failed on sql 'SELECT sentiment.* FROM  sentiment_fts fts LEFT JOIN sentiment ON fts.rowid = sentiment.id WHERE fts.sentiment_fts MATCH ? ORDER BY fts.rowid DESC LIMIT 1000': no such table: sentiment_fts
Execution failed on sql 'SELECT sentiment.* FROM  sentiment_fts fts LEFT JOIN sentiment ON fts.rowid = sentiment.id WHERE fts.sentiment_fts MATCH ? ORDER BY fts.rowid DESC LIMIT 1000': no such table: sentiment_fts
Execution failed on sql 'SELECT sentiment.* FROM  sentiment_fts fts LEFT JOIN sentiment ON fts.rowid = sentiment.id WHERE fts.sentiment_fts MATCH ? ORDER BY fts.rowid DESC LIMIT 1000': no such table: sentiment_fts
Execution failed on sql 'SELECT sentiment.* FROM  sentiment_fts fts LEFT JOIN sentiment ON fts.rowid = sentiment.id WHERE fts.sentiment_fts MATCH ? ORDER BY fts.rowid DESC LIMIT 1000': no such table: sentiment_fts
Execution failed on sql 'SELECT sentiment.* FROM  sentiment_fts fts LEFT JOIN sentiment ON fts.rowid = sentiment.id WHERE fts.sentiment_fts MATCH ? ORDER BY fts.rowid DESC LIMIT 1000': no such table: sentiment_fts
Execution failed on sql 'SELECT sentiment.* FROM  sentiment_fts fts LEFT JOIN sentiment ON fts.rowid = sentiment.id WHERE fts.sentiment_fts MATCH ? ORDER BY fts.rowid DESC LIMIT 1000': no such table: sentiment_fts
Execution failed on sql 'SELECT sentiment.* FROM  sentiment_fts fts LEFT JOIN sentiment ON fts.rowid = sentiment.id WHERE fts.sentiment_fts MATCH ? ORDER BY fts.rowid DESC LIMIT 1000': no such table: sentiment_fts
Execution failed on sql 'SELECT sentiment.* FROM  sentiment_fts fts LEFT JOIN sentiment ON fts.rowid = sentiment.id WHERE fts.sentiment_fts MATCH ? ORDER BY fts.rowid DESC LIMIT 1000': no such table: sentiment_fts
Execution failed on sql 'SELECT sentiment.* FROM  sentiment_fts fts LEFT JOIN sentiment ON fts.rowid = sentiment.id WHERE fts.sentiment_fts MATCH ? ORDER BY fts.rowid DESC LIMIT 1000': no such table: sentiment_fts
Execution failed on sql 'SELECT sentiment.* FROM  sentiment_fts fts LEFT JOIN sentiment ON fts.rowid = sentiment.id WHERE fts.sentiment_fts MATCH ? ORDER BY fts.rowid DESC LIMIT 1000': no such table: sentiment_fts
Execution failed on sql 'SELECT sentiment.* FROM  sentiment_fts fts LEFT JOIN sentiment ON fts.rowid = sentiment.id WHERE fts.sentiment_fts MATCH ? ORDER BY fts.rowid DESC LIMIT 1000': no such table: sentiment_fts
Execution failed on sql 'SELECT sentiment.* FROM  sentiment_fts fts LEFT JOIN sentiment ON fts.rowid = sentiment.id WHERE fts.sentiment_fts MATCH ? ORDER BY fts.rowid DESC LIMIT 1000': no such table: sentiment_fts
Execution failed on sql 'SELECT sentiment.* FROM  sentiment_fts fts LEFT JOIN sentiment ON fts.rowid = sentiment.id WHERE fts.sentiment_fts MATCH ? ORDER BY fts.rowid DESC LIMIT 1000': no such table: sentiment_fts
Execution failed on sql 'SELECT sentiment.* FROM  sentiment_fts fts LEFT JOIN sentiment ON fts.rowid = sentiment.id WHERE fts.sentiment_fts MATCH ? ORDER BY fts.rowid DESC LIMIT 1000': no such table: sentiment_fts
Execution failed on sql 'SELECT sentiment.* FROM  sentiment_fts fts LEFT JOIN sentiment ON fts.rowid = sentiment.id WHERE fts.sentiment_fts MATCH ? ORDER BY fts.rowid DESC LIMIT 1000': no such table: sentiment_fts
Execution failed on sql 'SELECT sentiment.* FROM  sentiment_fts fts LEFT JOIN sentiment ON fts.rowid = sentiment.id WHERE fts.sentiment_fts MATCH ? ORDER BY fts.rowid DESC LIMIT 1000': no such table: sentiment_fts
Execution failed on sql 'SELECT sentiment.* FROM  sentiment_fts fts LEFT JOIN sentiment ON fts.rowid = sentiment.id WHERE fts.sentiment_fts MATCH ? ORDER BY fts.rowid DESC LIMIT 1000': no such table: sentiment_fts
Execution failed on sql 'SELECT sentiment.* FROM  sentiment_fts fts LEFT JOIN sentiment ON fts.rowid = sentiment.id WHERE fts.sentiment_fts MATCH ? ORDER BY fts.rowid DESC LIMIT 1000': no such table: sentiment_fts
Execution failed on sql 'SELECT sentiment.* FROM  sentiment_fts fts LEFT JOIN sentiment ON fts.rowid = sentiment.id WHERE fts.sentiment_fts MATCH ? ORDER BY fts.rowid DESC LIMIT 1000': no such table: sentiment_fts
Execution failed on sql 'SELECT sentiment.* FROM  sentiment_fts fts LEFT JOIN sentiment ON fts.rowid = sentiment.id WHERE fts.sentiment_fts MATCH ? ORDER BY fts.rowid DESC LIMIT 1000': no such table: sentiment_fts
Execution failed on sql 'SELECT sentiment.* FROM  sentiment_fts fts LEFT JOIN sentiment ON fts.rowid = sentiment.id WHERE fts.sentiment_fts MATCH ? ORDER BY fts.rowid DESC LIMIT 1000': no such table: sentiment_fts
Execution failed on sql 'SELECT sentiment.* FROM  sentiment_fts fts LEFT JOIN sentiment ON fts.rowid = sentiment.id WHERE fts.sentiment_fts MATCH ? ORDER BY fts.rowid DESC LIMIT 1000': no such table: sentiment_fts
Execution failed on sql 'SELECT sentiment.* FROM  sentiment_fts fts LEFT JOIN sentiment ON fts.rowid = sentiment.id WHERE fts.sentiment_fts MATCH ? ORDER BY fts.rowid DESC LIMIT 1000': no such table: sentiment_fts
Execution failed on sql 'SELECT sentiment.* FROM  sentiment_fts fts LEFT JOIN sentiment ON fts.rowid = sentiment.id WHERE fts.sentiment_fts MATCH ? ORDER BY fts.rowid DESC LIMIT 1000': no such table: sentiment_fts
Execution failed on sql 'SELECT sentiment.* FROM  sentiment_fts fts LEFT JOIN sentiment ON fts.rowid = sentiment.id WHERE fts.sentiment_fts MATCH ? ORDER BY fts.rowid DESC LIMIT 1000': no such table: sentiment_fts
Execution failed on sql 'SELECT sentiment.* FROM  sentiment_fts fts LEFT JOIN sentiment ON fts.rowid = sentiment.id WHERE fts.sentiment_fts MATCH ? ORDER BY fts.rowid DESC LIMIT 1000': no such table: sentiment_fts
Execution failed on sql 'SELECT sentiment.* FROM  sentiment_fts fts LEFT JOIN sentiment ON fts.rowid = sentiment.id WHERE fts.sentiment_fts MATCH ? ORDER BY fts.rowid DESC LIMIT 1000': no such table: sentiment_fts
Execution failed on sql 'SELECT sentiment.* FROM  sentiment_fts fts LEFT JOIN sentiment ON fts.rowid = sentiment.id WHERE fts.sentiment_fts MATCH ? ORDER BY fts.rowid DESC LIMIT 1000': no such table: sentiment_fts
Execution failed on sql 'SELECT sentiment.* FROM  sentiment_fts fts LEFT JOIN sentiment ON fts.rowid = sentiment.id WHERE fts.sentiment_fts MATCH ? ORDER BY fts.rowid DESC LIMIT 1000': no such table: sentiment_fts
Execution failed on sql 'SELECT sentiment.* FROM  sentiment_fts fts LEFT JOIN sentiment ON fts.rowid = sentiment.id WHERE fts.sentiment_fts MATCH ? ORDER BY fts.rowid DESC LIMIT 1000': no such table: sentiment_fts
Execution failed on sql 'SELECT sentiment.* FROM  sentiment_fts fts LEFT JOIN sentiment ON fts.rowid = sentiment.id WHERE fts.sentiment_fts MATCH ? ORDER BY fts.rowid DESC LIMIT 1000': no such table: sentiment_fts
Execution failed on sql 'SELECT sentiment.* FROM  sentiment_fts fts LEFT JOIN sentiment ON fts.rowid = sentiment.id WHERE fts.sentiment_fts MATCH ? ORDER BY fts.rowid DESC LIMIT 1000': no such table: sentiment_fts
Execution failed on sql 'SELECT sentiment.* FROM  sentiment_fts fts LEFT JOIN sentiment ON fts.rowid = sentiment.id WHERE fts.sentiment_fts MATCH ? ORDER BY fts.rowid DESC LIMIT 1000': no such table: sentiment_fts
Execution failed on sql 'SELECT sentiment.* FROM  sentiment_fts fts LEFT JOIN sentiment ON fts.rowid = sentiment.id WHERE fts.sentiment_fts MATCH ? ORDER BY fts.rowid DESC LIMIT 1000': no such table: sentiment_fts
Execution failed on sql 'SELECT sentiment.* FROM  sentiment_fts fts LEFT JOIN sentiment ON fts.rowid = sentiment.id WHERE fts.sentiment_fts MATCH ? ORDER BY fts.rowid DESC LIMIT 1000': no such table: sentiment_fts
Execution failed on sql 'SELECT sentiment.* FROM  sentiment_fts fts LEFT JOIN sentiment ON fts.rowid = sentiment.id WHERE fts.sentiment_fts MATCH ? ORDER BY fts.rowid DESC LIMIT 1000': no such table: sentiment_fts
Execution failed on sql 'SELECT sentiment.* FROM  sentiment_fts fts LEFT JOIN sentiment ON fts.rowid = sentiment.id WHERE fts.sentiment_fts MATCH ? ORDER BY fts.rowid DESC LIMIT 1000': no such table: sentiment_fts
Execution failed on sql 'SELECT sentiment.* FROM  sentiment_fts fts LEFT JOIN sentiment ON fts.rowid = sentiment.id WHERE fts.sentiment_fts MATCH ? ORDER BY fts.rowid DESC LIMIT 1000': no such table: sentiment_fts
Execution failed on sql 'SELECT sentiment.* FROM  sentiment_fts fts LEFT JOIN sentiment ON fts.rowid = sentiment.id WHERE fts.sentiment_fts MATCH ? ORDER BY fts.rowid DESC LIMIT 1000': no such table: sentiment_fts
Execution failed on sql 'SELECT sentiment.* FROM  sentiment_fts fts LEFT JOIN sentiment ON fts.rowid = sentiment.id WHERE fts.sentiment_fts MATCH ? ORDER BY fts.rowid DESC LIMIT 1000': no such table: sentiment_fts
Execution failed on sql 'SELECT sentiment.* FROM  sentiment_fts fts LEFT JOIN sentiment ON fts.rowid = sentiment.id WHERE fts.sentiment_fts MATCH ? ORDER BY fts.rowid DESC LIMIT 1000': no such table: sentiment_fts
Execution failed on sql 'SELECT sentiment.* FROM  sentiment_fts fts LEFT JOIN sentiment ON fts.rowid = sentiment.id WHERE fts.sentiment_fts MATCH ? ORDER BY fts.rowid DESC LIMIT 1000': no such table: sentiment_fts
Execution failed on sql 'SELECT sentiment.* FROM  sentiment_fts fts LEFT JOIN sentiment ON fts.rowid = sentiment.id WHERE fts.sentiment_fts MATCH ? ORDER BY fts.rowid DESC LIMIT 1000': no such table: sentiment_fts
Execution failed on sql 'SELECT sentiment.* FROM  sentiment_fts fts LEFT JOIN sentiment ON fts.rowid = sentiment.id WHERE fts.sentiment_fts MATCH ? ORDER BY fts.rowid DESC LIMIT 1000': no such table: sentiment_fts
Execution failed on sql 'SELECT sentiment.* FROM  sentiment_fts fts LEFT JOIN sentiment ON fts.rowid = sentiment.id WHERE fts.sentiment_fts MATCH ? ORDER BY fts.rowid DESC LIMIT 1000': no such table: sentiment_fts
Execution failed on sql 'SELECT sentiment.* FROM  sentiment_fts fts LEFT JOIN sentiment ON fts.rowid = sentiment.id WHERE fts.sentiment_fts MATCH ? ORDER BY fts.rowid DESC LIMIT 1000': no such table: sentiment_fts
Execution failed on sql 'SELECT sentiment.* FROM  sentiment_fts fts LEFT JOIN sentiment ON fts.rowid = sentiment.id WHERE fts.sentiment_fts MATCH ? ORDER BY fts.rowid DESC LIMIT 1000': no such table: sentiment_fts
Execution failed on sql 'SELECT sentiment.* FROM  sentiment_fts fts LEFT JOIN sentiment ON fts.rowid = sentiment.id WHERE fts.sentiment_fts MATCH ? ORDER BY fts.rowid DESC LIMIT 1000': no such table: sentiment_fts
Execution failed on sql 'SELECT sentiment.* FROM  sentiment_fts fts LEFT JOIN sentiment ON fts.rowid = sentiment.id WHERE fts.sentiment_fts MATCH ? ORDER BY fts.rowid DESC LIMIT 1000': no such table: sentiment_fts
Execution failed on sql 'SELECT sentiment.* FROM  sentiment_fts fts LEFT JOIN sentiment ON fts.rowid = sentiment.id WHERE fts.sentiment_fts MATCH ? ORDER BY fts.rowid DESC LIMIT 1000': no such table: sentiment_fts
Execution failed on sql 'SELECT sentiment.* FROM  sentiment_fts fts LEFT JOIN sentiment ON fts.rowid = sentiment.id WHERE fts.sentiment_fts MATCH ? ORDER BY fts.rowid DESC LIMIT 1000': no such table: sentiment_fts
Execution failed on sql 'SELECT sentiment.* FROM  sentiment_fts fts LEFT JOIN sentiment ON fts.rowid = sentiment.id WHERE fts.sentiment_fts MATCH ? ORDER BY fts.rowid DESC LIMIT 1000': no such table: sentiment_fts
Execution failed on sql 'SELECT sentiment.* FROM  sentiment_fts fts LEFT JOIN sentiment ON fts.rowid = sentiment.id WHERE fts.sentiment_fts MATCH ? ORDER BY fts.rowid DESC LIMIT 1000': no such table: sentiment_fts
Execution failed on sql 'SELECT sentiment.* FROM  sentiment_fts fts LEFT JOIN sentiment ON fts.rowid = sentiment.id WHERE fts.sentiment_fts MATCH ? ORDER BY fts.rowid DESC LIMIT 1000': no such table: sentiment_fts
Execution failed on sql 'SELECT sentiment.* FROM  sentiment_fts fts LEFT JOIN sentiment ON fts.rowid = sentiment.id WHERE fts.sentiment_fts MATCH ? ORDER BY fts.rowid DESC LIMIT 1000': no such table: sentiment_fts
Execution failed on sql 'SELECT sentiment.* FROM  sentiment_fts fts LEFT JOIN sentiment ON fts.rowid = sentiment.id WHERE fts.sentiment_fts MATCH ? ORDER BY fts.rowid DESC LIMIT 1000': no such table: sentiment_fts
Execution failed on sql 'SELECT sentiment.* FROM  sentiment_fts fts LEFT JOIN sentiment ON fts.rowid = sentiment.id WHERE fts.sentiment_fts MATCH ? ORDER BY fts.rowid DESC LIMIT 1000': no such table: sentiment_fts
Execution failed on sql 'SELECT sentiment.* FROM  sentiment_fts fts LEFT JOIN sentiment ON fts.rowid = sentiment.id WHERE fts.sentiment_fts MATCH ? ORDER BY fts.rowid DESC LIMIT 1000': no such table: sentiment_fts
Execution failed on sql 'SELECT sentiment.* FROM  sentiment_fts fts LEFT JOIN sentiment ON fts.rowid = sentiment.id WHERE fts.sentiment_fts MATCH ? ORDER BY fts.rowid DESC LIMIT 1000': no such table: sentiment_fts
Execution failed on sql 'SELECT sentiment.* FROM  sentiment_fts fts LEFT JOIN sentiment ON fts.rowid = sentiment.id WHERE fts.sentiment_fts MATCH ? ORDER BY fts.rowid DESC LIMIT 1000': no such table: sentiment_fts
Execution failed on sql 'SELECT sentiment.* FROM  sentiment_fts fts LEFT JOIN sentiment ON fts.rowid = sentiment.id WHERE fts.sentiment_fts MATCH ? ORDER BY fts.rowid DESC LIMIT 1000': no such table: sentiment_fts
Execution failed on sql 'SELECT sentiment.* FROM  sentiment_fts fts LEFT JOIN sentiment ON fts.rowid = sentiment.id WHERE fts.sentiment_fts MATCH ? ORDER BY fts.rowid DESC LIMIT 1000': no such table: sentiment_fts
Execution failed on sql 'SELECT sentiment.* FROM  sentiment_fts fts LEFT JOIN sentiment ON fts.rowid = sentiment.id WHERE fts.sentiment_fts MATCH ? ORDER BY fts.rowid DESC LIMIT 1000': no such table: sentiment_fts
Execution failed on sql 'SELECT sentiment.* FROM  sentiment_fts fts LEFT JOIN sentiment ON fts.rowid = sentiment.id WHERE fts.sentiment_fts MATCH ? ORDER BY fts.rowid DESC LIMIT 1000': no such table: sentiment_fts
Execution failed on sql 'SELECT sentiment.* FROM  sentiment_fts fts LEFT JOIN sentiment ON fts.rowid = sentiment.id WHERE fts.sentiment_fts MATCH ? ORDER BY fts.rowid DESC LIMIT 1000': no such table: sentiment_fts
Execution failed on sql 'SELECT sentiment.* FROM  sentiment_fts fts LEFT JOIN sentiment ON fts.rowid = sentiment.id WHERE fts.sentiment_fts MATCH ? ORDER BY fts.rowid DESC LIMIT 1000': no such table: sentiment_fts
Execution failed on sql 'SELECT sentiment.* FROM  sentiment_fts fts LEFT JOIN sentiment ON fts.rowid = sentiment.id WHERE fts.sentiment_fts MATCH ? ORDER BY fts.rowid DESC LIMIT 1000': no such table: sentiment_fts
Execution failed on sql 'SELECT sentiment.* FROM  sentiment_fts fts LEFT JOIN sentiment ON fts.rowid = sentiment.id WHERE fts.sentiment_fts MATCH ? ORDER BY fts.rowid DESC LIMIT 1000': no such table: sentiment_fts
Execution failed on sql 'SELECT sentiment.* FROM  sentiment_fts fts LEFT JOIN sentiment ON fts.rowid = sentiment.id WHERE fts.sentiment_fts MATCH ? ORDER BY fts.rowid DESC LIMIT 1000': no such table: sentiment_fts
Execution failed on sql 'SELECT sentiment.* FROM  sentiment_fts fts LEFT JOIN sentiment ON fts.rowid = sentiment.id WHERE fts.sentiment_fts MATCH ? ORDER BY fts.rowid DESC LIMIT 1000': no such table: sentiment_fts
Execution failed on sql 'SELECT sentiment.* FROM  sentiment_fts fts LEFT JOIN sentiment ON fts.rowid = sentiment.id WHERE fts.sentiment_fts MATCH ? ORDER BY fts.rowid DESC LIMIT 1000': no such table: sentiment_fts
Execution failed on sql 'SELECT sentiment.* FROM  sentiment_fts fts LEFT JOIN sentiment ON fts.rowid = sentiment.id WHERE fts.sentiment_fts MATCH ? ORDER BY fts.rowid DESC LIMIT 1000': no such table: sentiment_fts
Execution failed on sql 'SELECT sentiment.* FROM  sentiment_fts fts LEFT JOIN sentiment ON fts.rowid = sentiment.id WHERE fts.sentiment_fts MATCH ? ORDER BY fts.rowid DESC LIMIT 1000': no such table: sentiment_fts
Execution failed on sql 'SELECT sentiment.* FROM  sentiment_fts fts LEFT JOIN sentiment ON fts.rowid = sentiment.id WHERE fts.sentiment_fts MATCH ? ORDER BY fts.rowid DESC LIMIT 1000': no such table: sentiment_fts
Execution failed on sql 'SELECT sentiment.* FROM  sentiment_fts fts LEFT JOIN sentiment ON fts.rowid = sentiment.id WHERE fts.sentiment_fts MATCH ? ORDER BY fts.rowid DESC LIMIT 1000': no such table: sentiment_fts
Execution failed on sql 'SELECT sentiment.* FROM  sentiment_fts fts LEFT JOIN sentiment ON fts.rowid = sentiment.id WHERE fts.sentiment_fts MATCH ? ORDER BY fts.rowid DESC LIMIT 1000': no such table: sentiment_fts
Execution failed on sql 'SELECT sentiment.* FROM  sentiment_fts fts LEFT JOIN sentiment ON fts.rowid = sentiment.id WHERE fts.sentiment_fts MATCH ? ORDER BY fts.rowid DESC LIMIT 1000': no such table: sentiment_fts
Execution failed on sql 'SELECT sentiment.* FROM  sentiment_fts fts LEFT JOIN sentiment ON fts.rowid = sentiment.id WHERE fts.sentiment_fts MATCH ? ORDER BY fts.rowid DESC LIMIT 1000': no such table: sentiment_fts
Execution failed on sql 'SELECT sentiment.* FROM  sentiment_fts fts LEFT JOIN sentiment ON fts.rowid = sentiment.id WHERE fts.sentiment_fts MATCH ? ORDER BY fts.rowid DESC LIMIT 1000': no such table: sentiment_fts
Execution failed on sql 'SELECT sentiment.* FROM  sentiment_fts fts LEFT JOIN sentiment ON fts.rowid = sentiment.id WHERE fts.sentiment_fts MATCH ? ORDER BY fts.rowid DESC LIMIT 1000': no such table: sentiment_fts
Execution failed on sql 'SELECT sentiment.* FROM  sentiment_fts fts LEFT JOIN sentiment ON fts.rowid = sentiment.id WHERE fts.sentiment_fts MATCH ? ORDER BY fts.rowid DESC LIMIT 1000': no such table: sentiment_fts
Execution failed on sql 'SELECT sentiment.* FROM  sentiment_fts fts LEFT JOIN sentiment ON fts.rowid = sentiment.id WHERE fts.sentiment_fts MATCH ? ORDER BY fts.rowid DESC LIMIT 1000': no such table: sentiment_fts
Execution failed on sql 'SELECT sentiment.* FROM  sentiment_fts fts LEFT JOIN sentiment ON fts.rowid = sentiment.id WHERE fts.sentiment_fts MATCH ? ORDER BY fts.rowid DESC LIMIT 1000': no such table: sentiment_fts
Execution failed on sql 'SELECT sentiment.* FROM  sentiment_fts fts LEFT JOIN sentiment ON fts.rowid = sentiment.id WHERE fts.sentiment_fts MATCH ? ORDER BY fts.rowid DESC LIMIT 1000': no such table: sentiment_fts
Execution failed on sql 'SELECT sentiment.* FROM  sentiment_fts fts LEFT JOIN sentiment ON fts.rowid = sentiment.id WHERE fts.sentiment_fts MATCH ? ORDER BY fts.rowid DESC LIMIT 1000': no such table: sentiment_fts
Execution failed on sql 'SELECT sentiment.* FROM  sentiment_fts fts LEFT JOIN sentiment ON fts.rowid = sentiment.id WHERE fts.sentiment_fts MATCH ? ORDER BY fts.rowid DESC LIMIT 1000': no such table: sentiment_fts
Execution failed on sql 'SELECT sentiment.* FROM  sentiment_fts fts LEFT JOIN sentiment ON fts.rowid = sentiment.id WHERE fts.sentiment_fts MATCH ? ORDER BY fts.rowid DESC LIMIT 1000': no such table: sentiment_fts
Execution failed on sql 'SELECT sentiment.* FROM  sentiment_fts fts LEFT JOIN sentiment ON fts.rowid = sentiment.id WHERE fts.sentiment_fts MATCH ? ORDER BY fts.rowid DESC LIMIT 1000': no such table: sentiment_fts
Execution failed on sql 'SELECT sentiment.* FROM  sentiment_fts fts LEFT JOIN sentiment ON fts.rowid = sentiment.id WHERE fts.sentiment_fts MATCH ? ORDER BY fts.rowid DESC LIMIT 1000': no such table: sentiment_fts
Execution failed on sql 'SELECT sentiment.* FROM  sentiment_fts fts LEFT JOIN sentiment ON fts.rowid = sentiment.id WHERE fts.sentiment_fts MATCH ? ORDER BY fts.rowid DESC LIMIT 1000': no such table: sentiment_fts
Execution failed on sql 'SELECT sentiment.* FROM  sentiment_fts fts LEFT JOIN sentiment ON fts.rowid = sentiment.id WHERE fts.sentiment_fts MATCH ? ORDER BY fts.rowid DESC LIMIT 1000': no such table: sentiment_fts
Execution failed on sql 'SELECT sentiment.* FROM  sentiment_fts fts LEFT JOIN sentiment ON fts.rowid = sentiment.id WHERE fts.sentiment_fts MATCH ? ORDER BY fts.rowid DESC LIMIT 1000': no such table: sentiment_fts
Execution failed on sql 'SELECT sentiment.* FROM  sentiment_fts fts LEFT JOIN sentiment ON fts.rowid = sentiment.id WHERE fts.sentiment_fts MATCH ? ORDER BY fts.rowid DESC LIMIT 1000': no such table: sentiment_fts
Execution failed on sql 'SELECT sentiment.* FROM  sentiment_fts fts LEFT JOIN sentiment ON fts.rowid = sentiment.id WHERE fts.sentiment_fts MATCH ? ORDER BY fts.rowid DESC LIMIT 1000': no such table: sentiment_fts
Execution failed on sql 'SELECT sentiment.* FROM  sentiment_fts fts LEFT JOIN sentiment ON fts.rowid = sentiment.id WHERE fts.sentiment_fts MATCH ? ORDER BY fts.rowid DESC LIMIT 1000': no such table: sentiment_fts
Execution failed on sql 'SELECT sentiment.* FROM  sentiment_fts fts LEFT JOIN sentiment ON fts.rowid = sentiment.id WHERE fts.sentiment_fts MATCH ? ORDER BY fts.rowid DESC LIMIT 1000': no such table: sentiment_fts
Execution failed on sql 'SELECT sentiment.* FROM  sentiment_fts fts LEFT JOIN sentiment ON fts.rowid = sentiment.id WHERE fts.sentiment_fts MATCH ? ORDER BY fts.rowid DESC LIMIT 1000': no such table: sentiment_fts
Execution failed on sql 'SELECT sentiment.* FROM  sentiment_fts fts LEFT JOIN sentiment ON fts.rowid = sentiment.id WHERE fts.sentiment_fts MATCH ? ORDER BY fts.rowid DESC LIMIT 1000': no such table: sentiment_fts
Execution failed on sql 'SELECT sentiment.* FROM  sentiment_fts fts LEFT JOIN sentiment ON fts.rowid = sentiment.id WHERE fts.sentiment_fts MATCH ? ORDER BY fts.rowid DESC LIMIT 1000': no such table: sentiment_fts
Execution failed on sql 'SELECT sentiment.* FROM  sentiment_fts fts LEFT JOIN sentiment ON fts.rowid = sentiment.id WHERE fts.sentiment_fts MATCH ? ORDER BY fts.rowid DESC LIMIT 1000': no such table: sentiment_fts
Execution failed on sql 'SELECT sentiment.* FROM  sentiment_fts fts LEFT JOIN sentiment ON fts.rowid = sentiment.id WHERE fts.sentiment_fts MATCH ? ORDER BY fts.rowid DESC LIMIT 1000': no such table: sentiment_fts
Execution failed on sql 'SELECT sentiment.* FROM  sentiment_fts fts LEFT JOIN sentiment ON fts.rowid = sentiment.id WHERE fts.sentiment_fts MATCH ? ORDER BY fts.rowid DESC LIMIT 1000': no such table: sentiment_fts
Execution failed on sql 'SELECT sentiment.* FROM  sentiment_fts fts LEFT JOIN sentiment ON fts.rowid = sentiment.id WHERE fts.sentiment_fts MATCH ? ORDER BY fts.rowid DESC LIMIT 1000': no such table: sentiment_fts
Execution failed on sql 'SELECT sentiment.* FROM  sentiment_fts fts LEFT JOIN sentiment ON fts.rowid = sentiment.id WHERE fts.sentiment_fts MATCH ? ORDER BY fts.rowid DESC LIMIT 1000': no such table: sentiment_fts
Execution failed on sql 'SELECT sentiment.* FROM  sentiment_fts fts LEFT JOIN sentiment ON fts.rowid = sentiment.id WHERE fts.sentiment_fts MATCH ? ORDER BY fts.rowid DESC LIMIT 1000': no such table: sentiment_fts
Execution failed on sql 'SELECT sentiment.* FROM  sentiment_fts fts LEFT JOIN sentiment ON fts.rowid = sentiment.id WHERE fts.sentiment_fts MATCH ? ORDER BY fts.rowid DESC LIMIT 1000': no such table: sentiment_fts
Execution failed on sql 'SELECT sentiment.* FROM  sentiment_fts fts LEFT JOIN sentiment ON fts.rowid = sentiment.id WHERE fts.sentiment_fts MATCH ? ORDER BY fts.rowid DESC LIMIT 1000': no such table: sentiment_fts
Execution failed on sql 'SELECT sentiment.* FROM  sentiment_fts fts LEFT JOIN sentiment ON fts.rowid = sentiment.id WHERE fts.sentiment_fts MATCH ? ORDER BY fts.rowid DESC LIMIT 1000': no such table: sentiment_fts
Execution failed on sql 'SELECT sentiment.* FROM  sentiment_fts fts LEFT JOIN sentiment ON fts.rowid = sentiment.id WHERE fts.sentiment_fts MATCH ? ORDER BY fts.rowid DESC LIMIT 1000': no such table: sentiment_fts
Execution failed on sql 'SELECT sentiment.* FROM  sentiment_fts fts LEFT JOIN sentiment ON fts.rowid = sentiment.id WHERE fts.sentiment_fts MATCH ? ORDER BY fts.rowid DESC LIMIT 1000': no such table: sentiment_fts
Execution failed on sql 'SELECT sentiment.* FROM  sentiment_fts fts LEFT JOIN sentiment ON fts.rowid = sentiment.id WHERE fts.sentiment_fts MATCH ? ORDER BY fts.rowid DESC LIMIT 1000': no such table: sentiment_fts
Execution failed on sql 'SELECT sentiment.* FROM  sentiment_fts fts LEFT JOIN sentiment ON fts.rowid = sentiment.id WHERE fts.sentiment_fts MATCH ? ORDER BY fts.rowid DESC LIMIT 1000': no such table: sentiment_fts
Execution failed on sql 'SELECT sentiment.* FROM  sentiment_fts fts LEFT JOIN sentiment ON fts.rowid = sentiment.id WHERE fts.sentiment_fts MATCH ? ORDER BY fts.rowid DESC LIMIT 1000': no such table: sentiment_fts
Execution failed on sql 'SELECT sentiment.* FROM  sentiment_fts fts LEFT JOIN sentiment ON fts.rowid = sentiment.id WHERE fts.sentiment_fts MATCH ? ORDER BY fts.rowid DESC LIMIT 1000': no such table: sentiment_fts
Execution failed on sql 'SELECT sentiment.* FROM  sentiment_fts fts LEFT JOIN sentiment ON fts.rowid = sentiment.id WHERE fts.sentiment_fts MATCH ? ORDER BY fts.rowid DESC LIMIT 1000': no such table: sentiment_fts
Execution failed on sql 'SELECT sentiment.* FROM  sentiment_fts fts LEFT JOIN sentiment ON fts.rowid = sentiment.id WHERE fts.sentiment_fts MATCH ? ORDER BY fts.rowid DESC LIMIT 1000': no such table: sentiment_fts
Execution failed on sql 'SELECT sentiment.* FROM  sentiment_fts fts LEFT JOIN sentiment ON fts.rowid = sentiment.id WHERE fts.sentiment_fts MATCH ? ORDER BY fts.rowid DESC LIMIT 1000': no such table: sentiment_fts
Execution failed on sql 'SELECT sentiment.* FROM  sentiment_fts fts LEFT JOIN sentiment ON fts.rowid = sentiment.id WHERE fts.sentiment_fts MATCH ? ORDER BY fts.rowid DESC LIMIT 1000': no such table: sentiment_fts
Execution failed on sql 'SELECT sentiment.* FROM  sentiment_fts fts LEFT JOIN sentiment ON fts.rowid = sentiment.id WHERE fts.sentiment_fts MATCH ? ORDER BY fts.rowid DESC LIMIT 1000': no such table: sentiment_fts
Execution failed on sql 'SELECT sentiment.* FROM  sentiment_fts fts LEFT JOIN sentiment ON fts.rowid = sentiment.id WHERE fts.sentiment_fts MATCH ? ORDER BY fts.rowid DESC LIMIT 1000': no such table: sentiment_fts
Execution failed on sql 'SELECT sentiment.* FROM  sentiment_fts fts LEFT JOIN sentiment ON fts.rowid = sentiment.id WHERE fts.sentiment_fts MATCH ? ORDER BY fts.rowid DESC LIMIT 1000': no such table: sentiment_fts
Execution failed on sql 'SELECT sentiment.* FROM  sentiment_fts fts LEFT JOIN sentiment ON fts.rowid = sentiment.id WHERE fts.sentiment_fts MATCH ? ORDER BY fts.rowid DESC LIMIT 1000': no such table: sentiment_fts
Execution failed on sql 'SELECT sentiment.* FROM  sentiment_fts fts LEFT JOIN sentiment ON fts.rowid = sentiment.id WHERE fts.sentiment_fts MATCH ? ORDER BY fts.rowid DESC LIMIT 1000': no such table: sentiment_fts
Execution failed on sql 'SELECT sentiment.* FROM  sentiment_fts fts LEFT JOIN sentiment ON fts.rowid = sentiment.id WHERE fts.sentiment_fts MATCH ? ORDER BY fts.rowid DESC LIMIT 1000': no such table: sentiment_fts
Execution failed on sql 'SELECT sentiment.* FROM  sentiment_fts fts LEFT JOIN sentiment ON fts.rowid = sentiment.id WHERE fts.sentiment_fts MATCH ? ORDER BY fts.rowid DESC LIMIT 1000': no such table: sentiment_fts
Execution failed on sql 'SELECT sentiment.* FROM  sentiment_fts fts LEFT JOIN sentiment ON fts.rowid = sentiment.id WHERE fts.sentiment_fts MATCH ? ORDER BY fts.rowid DESC LIMIT 1000': no such table: sentiment_fts
Execution failed on sql 'SELECT sentiment.* FROM  sentiment_fts fts LEFT JOIN sentiment ON fts.rowid = sentiment.id WHERE fts.sentiment_fts MATCH ? ORDER BY fts.rowid DESC LIMIT 1000': no such table: sentiment_fts
Execution failed on sql 'SELECT sentiment.* FROM  sentiment_fts fts LEFT JOIN sentiment ON fts.rowid = sentiment.id WHERE fts.sentiment_fts MATCH ? ORDER BY fts.rowid DESC LIMIT 1000': no such table: sentiment_fts
Execution failed on sql 'SELECT sentiment.* FROM  sentiment_fts fts LEFT JOIN sentiment ON fts.rowid = sentiment.id WHERE fts.sentiment_fts MATCH ? ORDER BY fts.rowid DESC LIMIT 1000': no such table: sentiment_fts
Execution failed on sql 'SELECT sentiment.* FROM  sentiment_fts fts LEFT JOIN sentiment ON fts.rowid = sentiment.id WHERE fts.sentiment_fts MATCH ? ORDER BY fts.rowid DESC LIMIT 1000': no such table: sentiment_fts
Execution failed on sql 'SELECT sentiment.* FROM  sentiment_fts fts LEFT JOIN sentiment ON fts.rowid = sentiment.id WHERE fts.sentiment_fts MATCH ? ORDER BY fts.rowid DESC LIMIT 1000': no such table: sentiment_fts
Execution failed on sql 'SELECT sentiment.* FROM  sentiment_fts fts LEFT JOIN sentiment ON fts.rowid = sentiment.id WHERE fts.sentiment_fts MATCH ? ORDER BY fts.rowid DESC LIMIT 1000': no such table: sentiment_fts
Execution failed on sql 'SELECT sentiment.* FROM  sentiment_fts fts LEFT JOIN sentiment ON fts.rowid = sentiment.id WHERE fts.sentiment_fts MATCH ? ORDER BY fts.rowid DESC LIMIT 1000': no such table: sentiment_fts
Execution failed on sql 'SELECT sentiment.* FROM  sentiment_fts fts LEFT JOIN sentiment ON fts.rowid = sentiment.id WHERE fts.sentiment_fts MATCH ? ORDER BY fts.rowid DESC LIMIT 1000': no such table: sentiment_fts
Execution failed on sql 'SELECT sentiment.* FROM  sentiment_fts fts LEFT JOIN sentiment ON fts.rowid = sentiment.id WHERE fts.sentiment_fts MATCH ? ORDER BY fts.rowid DESC LIMIT 1000': no such table: sentiment_fts
Execution failed on sql 'SELECT sentiment.* FROM  sentiment_fts fts LEFT JOIN sentiment ON fts.rowid = sentiment.id WHERE fts.sentiment_fts MATCH ? ORDER BY fts.rowid DESC LIMIT 1000': no such table: sentiment_fts
Execution failed on sql 'SELECT sentiment.* FROM  sentiment_fts fts LEFT JOIN sentiment ON fts.rowid = sentiment.id WHERE fts.sentiment_fts MATCH ? ORDER BY fts.rowid DESC LIMIT 1000': no such table: sentiment_fts
Execution failed on sql 'SELECT sentiment.* FROM  sentiment_fts fts LEFT JOIN sentiment ON fts.rowid = sentiment.id WHERE fts.sentiment_fts MATCH ? ORDER BY fts.rowid DESC LIMIT 1000': no such table: sentiment_fts
Execution failed on sql 'SELECT sentiment.* FROM  sentiment_fts fts LEFT JOIN sentiment ON fts.rowid = sentiment.id WHERE fts.sentiment_fts MATCH ? ORDER BY fts.rowid DESC LIMIT 1000': no such table: sentiment_fts
Execution failed on sql 'SELECT sentiment.* FROM  sentiment_fts fts LEFT JOIN sentiment ON fts.rowid = sentiment.id WHERE fts.sentiment_fts MATCH ? ORDER BY fts.rowid DESC LIMIT 1000': no such table: sentiment_fts
Execution failed on sql 'SELECT sentiment.* FROM  sentiment_fts fts LEFT JOIN sentiment ON fts.rowid = sentiment.id WHERE fts.sentiment_fts MATCH ? ORDER BY fts.rowid DESC LIMIT 1000': no such table: sentiment_fts
Execution failed on sql 'SELECT sentiment.* FROM  sentiment_fts fts LEFT JOIN sentiment ON fts.rowid = sentiment.id WHERE fts.sentiment_fts MATCH ? ORDER BY fts.rowid DESC LIMIT 1000': no such table: sentiment_fts
Execution failed on sql 'SELECT sentiment.* FROM  sentiment_fts fts LEFT JOIN sentiment ON fts.rowid = sentiment.id WHERE fts.sentiment_fts MATCH ? ORDER BY fts.rowid DESC LIMIT 1000': no such table: sentiment_fts
Execution failed on sql 'SELECT sentiment.* FROM  sentiment_fts fts LEFT JOIN sentiment ON fts.rowid = sentiment.id WHERE fts.sentiment_fts MATCH ? ORDER BY fts.rowid DESC LIMIT 1000': no such table: sentiment_fts
Execution failed on sql 'SELECT sentiment.* FROM  sentiment_fts fts LEFT JOIN sentiment ON fts.rowid = sentiment.id WHERE fts.sentiment_fts MATCH ? ORDER BY fts.rowid DESC LIMIT 1000': no such table: sentiment_fts
Execution failed on sql 'SELECT sentiment.* FROM  sentiment_fts fts LEFT JOIN sentiment ON fts.rowid = sentiment.id WHERE fts.sentiment_fts MATCH ? ORDER BY fts.rowid DESC LIMIT 1000': no such table: sentiment_fts
Execution failed on sql 'SELECT sentiment.* FROM  sentiment_fts fts LEFT JOIN sentiment ON fts.rowid = sentiment.id WHERE fts.sentiment_fts MATCH ? ORDER BY fts.rowid DESC LIMIT 1000': no such table: sentiment_fts
Execution failed on sql 'SELECT sentiment.* FROM  sentiment_fts fts LEFT JOIN sentiment ON fts.rowid = sentiment.id WHERE fts.sentiment_fts MATCH ? ORDER BY fts.rowid DESC LIMIT 1000': no such table: sentiment_fts
Execution failed on sql 'SELECT sentiment.* FROM  sentiment_fts fts LEFT JOIN sentiment ON fts.rowid = sentiment.id WHERE fts.sentiment_fts MATCH ? ORDER BY fts.rowid DESC LIMIT 1000': no such table: sentiment_fts
Execution failed on sql 'SELECT sentiment.* FROM  sentiment_fts fts LEFT JOIN sentiment ON fts.rowid = sentiment.id WHERE fts.sentiment_fts MATCH ? ORDER BY fts.rowid DESC LIMIT 1000': no such table: sentiment_fts
Execution failed on sql 'SELECT sentiment.* FROM  sentiment_fts fts LEFT JOIN sentiment ON fts.rowid = sentiment.id WHERE fts.sentiment_fts MATCH ? ORDER BY fts.rowid DESC LIMIT 1000': no such table: sentiment_fts
Execution failed on sql 'SELECT sentiment.* FROM  sentiment_fts fts LEFT JOIN sentiment ON fts.rowid = sentiment.id WHERE fts.sentiment_fts MATCH ? ORDER BY fts.rowid DESC LIMIT 1000': no such table: sentiment_fts
Execution failed on sql 'SELECT sentiment.* FROM  sentiment_fts fts LEFT JOIN sentiment ON fts.rowid = sentiment.id WHERE fts.sentiment_fts MATCH ? ORDER BY fts.rowid DESC LIMIT 1000': no such table: sentiment_fts
Execution failed on sql 'SELECT sentiment.* FROM  sentiment_fts fts LEFT JOIN sentiment ON fts.rowid = sentiment.id WHERE fts.sentiment_fts MATCH ? ORDER BY fts.rowid DESC LIMIT 1000': no such table: sentiment_fts
Execution failed on sql 'SELECT sentiment.* FROM  sentiment_fts fts LEFT JOIN sentiment ON fts.rowid = sentiment.id WHERE fts.sentiment_fts MATCH ? ORDER BY fts.rowid DESC LIMIT 1000': no such table: sentiment_fts
Execution failed on sql 'SELECT sentiment.* FROM  sentiment_fts fts LEFT JOIN sentiment ON fts.rowid = sentiment.id WHERE fts.sentiment_fts MATCH ? ORDER BY fts.rowid DESC LIMIT 1000': no such table: sentiment_fts
Execution failed on sql 'SELECT sentiment.* FROM  sentiment_fts fts LEFT JOIN sentiment ON fts.rowid = sentiment.id WHERE fts.sentiment_fts MATCH ? ORDER BY fts.rowid DESC LIMIT 1000': no such table: sentiment_fts
Execution failed on sql 'SELECT sentiment.* FROM  sentiment_fts fts LEFT JOIN sentiment ON fts.rowid = sentiment.id WHERE fts.sentiment_fts MATCH ? ORDER BY fts.rowid DESC LIMIT 1000': no such table: sentiment_fts
Execution failed on sql 'SELECT sentiment.* FROM  sentiment_fts fts LEFT JOIN sentiment ON fts.rowid = sentiment.id WHERE fts.sentiment_fts MATCH ? ORDER BY fts.rowid DESC LIMIT 1000': no such table: sentiment_fts
Execution failed on sql 'SELECT sentiment.* FROM  sentiment_fts fts LEFT JOIN sentiment ON fts.rowid = sentiment.id WHERE fts.sentiment_fts MATCH ? ORDER BY fts.rowid DESC LIMIT 1000': no such table: sentiment_fts
Execution failed on sql 'SELECT sentiment.* FROM  sentiment_fts fts LEFT JOIN sentiment ON fts.rowid = sentiment.id WHERE fts.sentiment_fts MATCH ? ORDER BY fts.rowid DESC LIMIT 1000': no such table: sentiment_fts
Execution failed on sql 'SELECT sentiment.* FROM  sentiment_fts fts LEFT JOIN sentiment ON fts.rowid = sentiment.id WHERE fts.sentiment_fts MATCH ? ORDER BY fts.rowid DESC LIMIT 1000': no such table: sentiment_fts
Execution failed on sql 'SELECT sentiment.* FROM  sentiment_fts fts LEFT JOIN sentiment ON fts.rowid = sentiment.id WHERE fts.sentiment_fts MATCH ? ORDER BY fts.rowid DESC LIMIT 1000': no such table: sentiment_fts
Execution failed on sql 'SELECT sentiment.* FROM  sentiment_fts fts LEFT JOIN sentiment ON fts.rowid = sentiment.id WHERE fts.sentiment_fts MATCH ? ORDER BY fts.rowid DESC LIMIT 1000': no such table: sentiment_fts
Execution failed on sql 'SELECT sentiment.* FROM  sentiment_fts fts LEFT JOIN sentiment ON fts.rowid = sentiment.id WHERE fts.sentiment_fts MATCH ? ORDER BY fts.rowid DESC LIMIT 1000': no such table: sentiment_fts
Execution failed on sql 'SELECT sentiment.* FROM  sentiment_fts fts LEFT JOIN sentiment ON fts.rowid = sentiment.id WHERE fts.sentiment_fts MATCH ? ORDER BY fts.rowid DESC LIMIT 1000': no such table: sentiment_fts
Execution failed on sql 'SELECT sentiment.* FROM  sentiment_fts fts LEFT JOIN sentiment ON fts.rowid = sentiment.id WHERE fts.sentiment_fts MATCH ? ORDER BY fts.rowid DESC LIMIT 1000': no such table: sentiment_fts
Execution failed on sql 'SELECT sentiment.* FROM  sentiment_fts fts LEFT JOIN sentiment ON fts.rowid = sentiment.id WHERE fts.sentiment_fts MATCH ? ORDER BY fts.rowid DESC LIMIT 1000': no such table: sentiment_fts
Execution failed on sql 'SELECT sentiment.* FROM  sentiment_fts fts LEFT JOIN sentiment ON fts.rowid = sentiment.id WHERE fts.sentiment_fts MATCH ? ORDER BY fts.rowid DESC LIMIT 1000': no such table: sentiment_fts
Execution failed on sql 'SELECT sentiment.* FROM  sentiment_fts fts LEFT JOIN sentiment ON fts.rowid = sentiment.id WHERE fts.sentiment_fts MATCH ? ORDER BY fts.rowid DESC LIMIT 1000': no such table: sentiment_fts
Execution failed on sql 'SELECT sentiment.* FROM  sentiment_fts fts LEFT JOIN sentiment ON fts.rowid = sentiment.id WHERE fts.sentiment_fts MATCH ? ORDER BY fts.rowid DESC LIMIT 1000': no such table: sentiment_fts
Execution failed on sql 'SELECT sentiment.* FROM  sentiment_fts fts LEFT JOIN sentiment ON fts.rowid = sentiment.id WHERE fts.sentiment_fts MATCH ? ORDER BY fts.rowid DESC LIMIT 1000': no such table: sentiment_fts
Execution failed on sql 'SELECT sentiment.* FROM  sentiment_fts fts LEFT JOIN sentiment ON fts.rowid = sentiment.id WHERE fts.sentiment_fts MATCH ? ORDER BY fts.rowid DESC LIMIT 1000': no such table: sentiment_fts
Execution failed on sql 'SELECT sentiment.* FROM  sentiment_fts fts LEFT JOIN sentiment ON fts.rowid = sentiment.id WHERE fts.sentiment_fts MATCH ? ORDER BY fts.rowid DESC LIMIT 1000': no such table: sentiment_fts
Execution failed on sql 'SELECT sentiment.* FROM  sentiment_fts fts LEFT JOIN sentiment ON fts.rowid = sentiment.id WHERE fts.sentiment_fts MATCH ? ORDER BY fts.rowid DESC LIMIT 1000': no such table: sentiment_fts
Execution failed on sql 'SELECT sentiment.* FROM  sentiment_fts fts LEFT JOIN sentiment ON fts.rowid = sentiment.id WHERE fts.sentiment_fts MATCH ? ORDER BY fts.rowid DESC LIMIT 1000': no such table: sentiment_fts
Execution failed on sql 'SELECT sentiment.* FROM  sentiment_fts fts LEFT JOIN sentiment ON fts.rowid = sentiment.id WHERE fts.sentiment_fts MATCH ? ORDER BY fts.rowid DESC LIMIT 1000': no such table: sentiment_fts
Execution failed on sql 'SELECT sentiment.* FROM  sentiment_fts fts LEFT JOIN sentiment ON fts.rowid = sentiment.id WHERE fts.sentiment_fts MATCH ? ORDER BY fts.rowid DESC LIMIT 1000': no such table: sentiment_fts
Execution failed on sql 'SELECT sentiment.* FROM  sentiment_fts fts LEFT JOIN sentiment ON fts.rowid = sentiment.id WHERE fts.sentiment_fts MATCH ? ORDER BY fts.rowid DESC LIMIT 1000': no such table: sentiment_fts
Execution failed on sql 'SELECT sentiment.* FROM  sentiment_fts fts LEFT JOIN sentiment ON fts.rowid = sentiment.id WHERE fts.sentiment_fts MATCH ? ORDER BY fts.rowid DESC LIMIT 1000': no such table: sentiment_fts
Execution failed on sql 'SELECT sentiment.* FROM  sentiment_fts fts LEFT JOIN sentiment ON fts.rowid = sentiment.id WHERE fts.sentiment_fts MATCH ? ORDER BY fts.rowid DESC LIMIT 1000': no such table: sentiment_fts
Execution failed on sql 'SELECT sentiment.* FROM  sentiment_fts fts LEFT JOIN sentiment ON fts.rowid = sentiment.id WHERE fts.sentiment_fts MATCH ? ORDER BY fts.rowid DESC LIMIT 1000': no such table: sentiment_fts
Execution failed on sql 'SELECT sentiment.* FROM  sentiment_fts fts LEFT JOIN sentiment ON fts.rowid = sentiment.id WHERE fts.sentiment_fts MATCH ? ORDER BY fts.rowid DESC LIMIT 1000': no such table: sentiment_fts
Execution failed on sql 'SELECT sentiment.* FROM  sentiment_fts fts LEFT JOIN sentiment ON fts.rowid = sentiment.id WHERE fts.sentiment_fts MATCH ? ORDER BY fts.rowid DESC LIMIT 1000': no such table: sentiment_fts
Execution failed on sql 'SELECT sentiment.* FROM  sentiment_fts fts LEFT JOIN sentiment ON fts.rowid = sentiment.id WHERE fts.sentiment_fts MATCH ? ORDER BY fts.rowid DESC LIMIT 1000': no such table: sentiment_fts
Execution failed on sql 'SELECT sentiment.* FROM  sentiment_fts fts LEFT JOIN sentiment ON fts.rowid = sentiment.id WHERE fts.sentiment_fts MATCH ? ORDER BY fts.rowid DESC LIMIT 1000': no such table: sentiment_fts
Execution failed on sql 'SELECT sentiment.* FROM  sentiment_fts fts LEFT JOIN sentiment ON fts.rowid = sentiment.id WHERE fts.sentiment_fts MATCH ? ORDER BY fts.rowid DESC LIMIT 1000': no such table: sentiment_fts
Execution failed on sql 'SELECT sentiment.* FROM  sentiment_fts fts LEFT JOIN sentiment ON fts.rowid = sentiment.id WHERE fts.sentiment_fts MATCH ? ORDER BY fts.rowid DESC LIMIT 1000': no such table: sentiment_fts
Execution failed on sql 'SELECT sentiment.* FROM  sentiment_fts fts LEFT JOIN sentiment ON fts.rowid = sentiment.id WHERE fts.sentiment_fts MATCH ? ORDER BY fts.rowid DESC LIMIT 1000': no such table: sentiment_fts
Execution failed on sql 'SELECT sentiment.* FROM  sentiment_fts fts LEFT JOIN sentiment ON fts.rowid = sentiment.id WHERE fts.sentiment_fts MATCH ? ORDER BY fts.rowid DESC LIMIT 1000': no such table: sentiment_fts
Execution failed on sql 'SELECT sentiment.* FROM  sentiment_fts fts LEFT JOIN sentiment ON fts.rowid = sentiment.id WHERE fts.sentiment_fts MATCH ? ORDER BY fts.rowid DESC LIMIT 1000': no such table: sentiment_fts
Execution failed on sql 'SELECT sentiment.* FROM  sentiment_fts fts LEFT JOIN sentiment ON fts.rowid = sentiment.id WHERE fts.sentiment_fts MATCH ? ORDER BY fts.rowid DESC LIMIT 1000': no such table: sentiment_fts
Execution failed on sql 'SELECT sentiment.* FROM  sentiment_fts fts LEFT JOIN sentiment ON fts.rowid = sentiment.id WHERE fts.sentiment_fts MATCH ? ORDER BY fts.rowid DESC LIMIT 1000': no such table: sentiment_fts
Execution failed on sql 'SELECT sentiment.* FROM  sentiment_fts fts LEFT JOIN sentiment ON fts.rowid = sentiment.id WHERE fts.sentiment_fts MATCH ? ORDER BY fts.rowid DESC LIMIT 1000': no such table: sentiment_fts
Execution failed on sql 'SELECT sentiment.* FROM  sentiment_fts fts LEFT JOIN sentiment ON fts.rowid = sentiment.id WHERE fts.sentiment_fts MATCH ? ORDER BY fts.rowid DESC LIMIT 1000': no such table: sentiment_fts
Execution failed on sql 'SELECT sentiment.* FROM  sentiment_fts fts LEFT JOIN sentiment ON fts.rowid = sentiment.id WHERE fts.sentiment_fts MATCH ? ORDER BY fts.rowid DESC LIMIT 1000': no such table: sentiment_fts
Execution failed on sql 'SELECT sentiment.* FROM  sentiment_fts fts LEFT JOIN sentiment ON fts.rowid = sentiment.id WHERE fts.sentiment_fts MATCH ? ORDER BY fts.rowid DESC LIMIT 1000': no such table: sentiment_fts
Execution failed on sql 'SELECT sentiment.* FROM  sentiment_fts fts LEFT JOIN sentiment ON fts.rowid = sentiment.id WHERE fts.sentiment_fts MATCH ? ORDER BY fts.rowid DESC LIMIT 1000': no such table: sentiment_fts
Execution failed on sql 'SELECT sentiment.* FROM  sentiment_fts fts LEFT JOIN sentiment ON fts.rowid = sentiment.id WHERE fts.sentiment_fts MATCH ? ORDER BY fts.rowid DESC LIMIT 1000': no such table: sentiment_fts
Execution failed on sql 'SELECT sentiment.* FROM  sentiment_fts fts LEFT JOIN sentiment ON fts.rowid = sentiment.id WHERE fts.sentiment_fts MATCH ? ORDER BY fts.rowid DESC LIMIT 1000': no such table: sentiment_fts
Execution failed on sql 'SELECT sentiment.* FROM  sentiment_fts fts LEFT JOIN sentiment ON fts.rowid = sentiment.id WHERE fts.sentiment_fts MATCH ? ORDER BY fts.rowid DESC LIMIT 1000': no such table: sentiment_fts
Execution failed on sql 'SELECT sentiment.* FROM  sentiment_fts fts LEFT JOIN sentiment ON fts.rowid = sentiment.id WHERE fts.sentiment_fts MATCH ? ORDER BY fts.rowid DESC LIMIT 1000': no such table: sentiment_fts
Execution failed on sql 'SELECT sentiment.* FROM  sentiment_fts fts LEFT JOIN sentiment ON fts.rowid = sentiment.id WHERE fts.sentiment_fts MATCH ? ORDER BY fts.rowid DESC LIMIT 1000': no such table: sentiment_fts
Execution failed on sql 'SELECT sentiment.* FROM  sentiment_fts fts LEFT JOIN sentiment ON fts.rowid = sentiment.id WHERE fts.sentiment_fts MATCH ? ORDER BY fts.rowid DESC LIMIT 1000': no such table: sentiment_fts
Execution failed on sql 'SELECT sentiment.* FROM  sentiment_fts fts LEFT JOIN sentiment ON fts.rowid = sentiment.id WHERE fts.sentiment_fts MATCH ? ORDER BY fts.rowid DESC LIMIT 1000': no such table: sentiment_fts
Execution failed on sql 'SELECT sentiment.* FROM  sentiment_fts fts LEFT JOIN sentiment ON fts.rowid = sentiment.id WHERE fts.sentiment_fts MATCH ? ORDER BY fts.rowid DESC LIMIT 1000': no such table: sentiment_fts
Execution failed on sql 'SELECT sentiment.* FROM  sentiment_fts fts LEFT JOIN sentiment ON fts.rowid = sentiment.id WHERE fts.sentiment_fts MATCH ? ORDER BY fts.rowid DESC LIMIT 1000': no such table: sentiment_fts
Execution failed on sql 'SELECT sentiment.* FROM  sentiment_fts fts LEFT JOIN sentiment ON fts.rowid = sentiment.id WHERE fts.sentiment_fts MATCH ? ORDER BY fts.rowid DESC LIMIT 1000': no such table: sentiment_fts
Execution failed on sql 'SELECT sentiment.* FROM  sentiment_fts fts LEFT JOIN sentiment ON fts.rowid = sentiment.id WHERE fts.sentiment_fts MATCH ? ORDER BY fts.rowid DESC LIMIT 1000': no such table: sentiment_fts
Execution failed on sql 'SELECT sentiment.* FROM  sentiment_fts fts LEFT JOIN sentiment ON fts.rowid = sentiment.id WHERE fts.sentiment_fts MATCH ? ORDER BY fts.rowid DESC LIMIT 1000': no such table: sentiment_fts
Execution failed on sql 'SELECT sentiment.* FROM  sentiment_fts fts LEFT JOIN sentiment ON fts.rowid = sentiment.id WHERE fts.sentiment_fts MATCH ? ORDER BY fts.rowid DESC LIMIT 1000': no such table: sentiment_fts
Execution failed on sql 'SELECT sentiment.* FROM  sentiment_fts fts LEFT JOIN sentiment ON fts.rowid = sentiment.id WHERE fts.sentiment_fts MATCH ? ORDER BY fts.rowid DESC LIMIT 1000': no such table: sentiment_fts
Execution failed on sql 'SELECT sentiment.* FROM  sentiment_fts fts LEFT JOIN sentiment ON fts.rowid = sentiment.id WHERE fts.sentiment_fts MATCH ? ORDER BY fts.rowid DESC LIMIT 1000': no such table: sentiment_fts
Execution failed on sql 'SELECT sentiment.* FROM  sentiment_fts fts LEFT JOIN sentiment ON fts.rowid = sentiment.id WHERE fts.sentiment_fts MATCH ? ORDER BY fts.rowid DESC LIMIT 1000': no such table: sentiment_fts
Execution failed on sql 'SELECT sentiment.* FROM  sentiment_fts fts LEFT JOIN sentiment ON fts.rowid = sentiment.id WHERE fts.sentiment_fts MATCH ? ORDER BY fts.rowid DESC LIMIT 1000': no such table: sentiment_fts
Execution failed on sql 'SELECT sentiment.* FROM  sentiment_fts fts LEFT JOIN sentiment ON fts.rowid = sentiment.id WHERE fts.sentiment_fts MATCH ? ORDER BY fts.rowid DESC LIMIT 1000': no such table: sentiment_fts
Execution failed on sql 'SELECT sentiment.* FROM  sentiment_fts fts LEFT JOIN sentiment ON fts.rowid = sentiment.id WHERE fts.sentiment_fts MATCH ? ORDER BY fts.rowid DESC LIMIT 1000': no such table: sentiment_fts
Execution failed on sql 'SELECT sentiment.* FROM  sentiment_fts fts LEFT JOIN sentiment ON fts.rowid = sentiment.id WHERE fts.sentiment_fts MATCH ? ORDER BY fts.rowid DESC LIMIT 1000': no such table: sentiment_fts
Execution failed on sql 'SELECT sentiment.* FROM  sentiment_fts fts LEFT JOIN sentiment ON fts.rowid = sentiment.id WHERE fts.sentiment_fts MATCH ? ORDER BY fts.rowid DESC LIMIT 1000': no such table: sentiment_fts
Execution failed on sql 'SELECT sentiment.* FROM  sentiment_fts fts LEFT JOIN sentiment ON fts.rowid = sentiment.id WHERE fts.sentiment_fts MATCH ? ORDER BY fts.rowid DESC LIMIT 1000': no such table: sentiment_fts
Execution failed on sql 'SELECT sentiment.* FROM  sentiment_fts fts LEFT JOIN sentiment ON fts.rowid = sentiment.id WHERE fts.sentiment_fts MATCH ? ORDER BY fts.rowid DESC LIMIT 1000': no such table: sentiment_fts
Execution failed on sql 'SELECT sentiment.* FROM  sentiment_fts fts LEFT JOIN sentiment ON fts.rowid = sentiment.id WHERE fts.sentiment_fts MATCH ? ORDER BY fts.rowid DESC LIMIT 1000': no such table: sentiment_fts
Execution failed on sql 'SELECT sentiment.* FROM  sentiment_fts fts LEFT JOIN sentiment ON fts.rowid = sentiment.id WHERE fts.sentiment_fts MATCH ? ORDER BY fts.rowid DESC LIMIT 1000': no such table: sentiment_fts
Execution failed on sql 'SELECT sentiment.* FROM  sentiment_fts fts LEFT JOIN sentiment ON fts.rowid = sentiment.id WHERE fts.sentiment_fts MATCH ? ORDER BY fts.rowid DESC LIMIT 1000': no such table: sentiment_fts
Execution failed on sql 'SELECT sentiment.* FROM  sentiment_fts fts LEFT JOIN sentiment ON fts.rowid = sentiment.id WHERE fts.sentiment_fts MATCH ? ORDER BY fts.rowid DESC LIMIT 1000': no such table: sentiment_fts
Execution failed on sql 'SELECT sentiment.* FROM  sentiment_fts fts LEFT JOIN sentiment ON fts.rowid = sentiment.id WHERE fts.sentiment_fts MATCH ? ORDER BY fts.rowid DESC LIMIT 1000': no such table: sentiment_fts
Execution failed on sql 'SELECT sentiment.* FROM  sentiment_fts fts LEFT JOIN sentiment ON fts.rowid = sentiment.id WHERE fts.sentiment_fts MATCH ? ORDER BY fts.rowid DESC LIMIT 1000': no such table: sentiment_fts
Execution failed on sql 'SELECT sentiment.* FROM  sentiment_fts fts LEFT JOIN sentiment ON fts.rowid = sentiment.id WHERE fts.sentiment_fts MATCH ? ORDER BY fts.rowid DESC LIMIT 1000': no such table: sentiment_fts
Execution failed on sql 'SELECT sentiment.* FROM  sentiment_fts fts LEFT JOIN sentiment ON fts.rowid = sentiment.id WHERE fts.sentiment_fts MATCH ? ORDER BY fts.rowid DESC LIMIT 1000': no such table: sentiment_fts
Execution failed on sql 'SELECT sentiment.* FROM  sentiment_fts fts LEFT JOIN sentiment ON fts.rowid = sentiment.id WHERE fts.sentiment_fts MATCH ? ORDER BY fts.rowid DESC LIMIT 1000': no such table: sentiment_fts
Execution failed on sql 'SELECT sentiment.* FROM  sentiment_fts fts LEFT JOIN sentiment ON fts.rowid = sentiment.id WHERE fts.sentiment_fts MATCH ? ORDER BY fts.rowid DESC LIMIT 1000': no such table: sentiment_fts
Execution failed on sql 'SELECT sentiment.* FROM  sentiment_fts fts LEFT JOIN sentiment ON fts.rowid = sentiment.id WHERE fts.sentiment_fts MATCH ? ORDER BY fts.rowid DESC LIMIT 1000': no such table: sentiment_fts
Execution failed on sql 'SELECT sentiment.* FROM  sentiment_fts fts LEFT JOIN sentiment ON fts.rowid = sentiment.id WHERE fts.sentiment_fts MATCH ? ORDER BY fts.rowid DESC LIMIT 1000': no such table: sentiment_fts
Execution failed on sql 'SELECT sentiment.* FROM  sentiment_fts fts LEFT JOIN sentiment ON fts.rowid = sentiment.id WHERE fts.sentiment_fts MATCH ? ORDER BY fts.rowid DESC LIMIT 1000': no such table: sentiment_fts
Execution failed on sql 'SELECT sentiment.* FROM  sentiment_fts fts LEFT JOIN sentiment ON fts.rowid = sentiment.id WHERE fts.sentiment_fts MATCH ? ORDER BY fts.rowid DESC LIMIT 1000': no such table: sentiment_fts
Execution failed on sql 'SELECT sentiment.* FROM  sentiment_fts fts LEFT JOIN sentiment ON fts.rowid = sentiment.id WHERE fts.sentiment_fts MATCH ? ORDER BY fts.rowid DESC LIMIT 1000': no such table: sentiment_fts
Execution failed on sql 'SELECT sentiment.* FROM  sentiment_fts fts LEFT JOIN sentiment ON fts.rowid = sentiment.id WHERE fts.sentiment_fts MATCH ? ORDER BY fts.rowid DESC LIMIT 1000': no such table: sentiment_fts
Execution failed on sql 'SELECT sentiment.* FROM  sentiment_fts fts LEFT JOIN sentiment ON fts.rowid = sentiment.id WHERE fts.sentiment_fts MATCH ? ORDER BY fts.rowid DESC LIMIT 1000': no such table: sentiment_fts
Execution failed on sql 'SELECT sentiment.* FROM  sentiment_fts fts LEFT JOIN sentiment ON fts.rowid = sentiment.id WHERE fts.sentiment_fts MATCH ? ORDER BY fts.rowid DESC LIMIT 1000': no such table: sentiment_fts
Execution failed on sql 'SELECT sentiment.* FROM  sentiment_fts fts LEFT JOIN sentiment ON fts.rowid = sentiment.id WHERE fts.sentiment_fts MATCH ? ORDER BY fts.rowid DESC LIMIT 1000': no such table: sentiment_fts
Execution failed on sql 'SELECT sentiment.* FROM  sentiment_fts fts LEFT JOIN sentiment ON fts.rowid = sentiment.id WHERE fts.sentiment_fts MATCH ? ORDER BY fts.rowid DESC LIMIT 1000': no such table: sentiment_fts
Execution failed on sql 'SELECT sentiment.* FROM  sentiment_fts fts LEFT JOIN sentiment ON fts.rowid = sentiment.id WHERE fts.sentiment_fts MATCH ? ORDER BY fts.rowid DESC LIMIT 1000': no such table: sentiment_fts
Execution failed on sql 'SELECT sentiment.* FROM  sentiment_fts fts LEFT JOIN sentiment ON fts.rowid = sentiment.id WHERE fts.sentiment_fts MATCH ? ORDER BY fts.rowid DESC LIMIT 1000': no such table: sentiment_fts
Execution failed on sql 'SELECT sentiment.* FROM  sentiment_fts fts LEFT JOIN sentiment ON fts.rowid = sentiment.id WHERE fts.sentiment_fts MATCH ? ORDER BY fts.rowid DESC LIMIT 1000': no such table: sentiment_fts
Execution failed on sql 'SELECT sentiment.* FROM  sentiment_fts fts LEFT JOIN sentiment ON fts.rowid = sentiment.id WHERE fts.sentiment_fts MATCH ? ORDER BY fts.rowid DESC LIMIT 1000': no such table: sentiment_fts
Execution failed on sql 'SELECT sentiment.* FROM  sentiment_fts fts LEFT JOIN sentiment ON fts.rowid = sentiment.id WHERE fts.sentiment_fts MATCH ? ORDER BY fts.rowid DESC LIMIT 1000': no such table: sentiment_fts
Execution failed on sql 'SELECT sentiment.* FROM  sentiment_fts fts LEFT JOIN sentiment ON fts.rowid = sentiment.id WHERE fts.sentiment_fts MATCH ? ORDER BY fts.rowid DESC LIMIT 1000': no such table: sentiment_fts
Execution failed on sql 'SELECT sentiment.* FROM  sentiment_fts fts LEFT JOIN sentiment ON fts.rowid = sentiment.id WHERE fts.sentiment_fts MATCH ? ORDER BY fts.rowid DESC LIMIT 1000': no such table: sentiment_fts
Execution failed on sql 'SELECT sentiment.* FROM  sentiment_fts fts LEFT JOIN sentiment ON fts.rowid = sentiment.id WHERE fts.sentiment_fts MATCH ? ORDER BY fts.rowid DESC LIMIT 1000': no such table: sentiment_fts
Execution failed on sql 'SELECT sentiment.* FROM  sentiment_fts fts LEFT JOIN sentiment ON fts.rowid = sentiment.id WHERE fts.sentiment_fts MATCH ? ORDER BY fts.rowid DESC LIMIT 1000': no such table: sentiment_fts
Execution failed on sql 'SELECT sentiment.* FROM  sentiment_fts fts LEFT JOIN sentiment ON fts.rowid = sentiment.id WHERE fts.sentiment_fts MATCH ? ORDER BY fts.rowid DESC LIMIT 1000': no such table: sentiment_fts
Execution failed on sql 'SELECT sentiment.* FROM  sentiment_fts fts LEFT JOIN sentiment ON fts.rowid = sentiment.id WHERE fts.sentiment_fts MATCH ? ORDER BY fts.rowid DESC LIMIT 1000': no such table: sentiment_fts
Execution failed on sql 'SELECT sentiment.* FROM  sentiment_fts fts LEFT JOIN sentiment ON fts.rowid = sentiment.id WHERE fts.sentiment_fts MATCH ? ORDER BY fts.rowid DESC LIMIT 1000': no such table: sentiment_fts
Execution failed on sql 'SELECT sentiment.* FROM  sentiment_fts fts LEFT JOIN sentiment ON fts.rowid = sentiment.id WHERE fts.sentiment_fts MATCH ? ORDER BY fts.rowid DESC LIMIT 1000': no such table: sentiment_fts
Execution failed on sql 'SELECT sentiment.* FROM  sentiment_fts fts LEFT JOIN sentiment ON fts.rowid = sentiment.id WHERE fts.sentiment_fts MATCH ? ORDER BY fts.rowid DESC LIMIT 1000': no such table: sentiment_fts
Execution failed on sql 'SELECT sentiment.* FROM  sentiment_fts fts LEFT JOIN sentiment ON fts.rowid = sentiment.id WHERE fts.sentiment_fts MATCH ? ORDER BY fts.rowid DESC LIMIT 1000': no such table: sentiment_fts
Execution failed on sql 'SELECT sentiment.* FROM  sentiment_fts fts LEFT JOIN sentiment ON fts.rowid = sentiment.id WHERE fts.sentiment_fts MATCH ? ORDER BY fts.rowid DESC LIMIT 1000': no such table: sentiment_fts
Execution failed on sql 'SELECT sentiment.* FROM  sentiment_fts fts LEFT JOIN sentiment ON fts.rowid = sentiment.id WHERE fts.sentiment_fts MATCH ? ORDER BY fts.rowid DESC LIMIT 1000': no such table: sentiment_fts
Execution failed on sql 'SELECT sentiment.* FROM  sentiment_fts fts LEFT JOIN sentiment ON fts.rowid = sentiment.id WHERE fts.sentiment_fts MATCH ? ORDER BY fts.rowid DESC LIMIT 1000': no such table: sentiment_fts
Execution failed on sql 'SELECT sentiment.* FROM  sentiment_fts fts LEFT JOIN sentiment ON fts.rowid = sentiment.id WHERE fts.sentiment_fts MATCH ? ORDER BY fts.rowid DESC LIMIT 1000': no such table: sentiment_fts
Execution failed on sql 'SELECT sentiment.* FROM  sentiment_fts fts LEFT JOIN sentiment ON fts.rowid = sentiment.id WHERE fts.sentiment_fts MATCH ? ORDER BY fts.rowid DESC LIMIT 1000': no such table: sentiment_fts
Execution failed on sql 'SELECT sentiment.* FROM  sentiment_fts fts LEFT JOIN sentiment ON fts.rowid = sentiment.id WHERE fts.sentiment_fts MATCH ? ORDER BY fts.rowid DESC LIMIT 1000': no such table: sentiment_fts
Execution failed on sql 'SELECT sentiment.* FROM  sentiment_fts fts LEFT JOIN sentiment ON fts.rowid = sentiment.id WHERE fts.sentiment_fts MATCH ? ORDER BY fts.rowid DESC LIMIT 1000': no such table: sentiment_fts
Execution failed on sql 'SELECT sentiment.* FROM  sentiment_fts fts LEFT JOIN sentiment ON fts.rowid = sentiment.id WHERE fts.sentiment_fts MATCH ? ORDER BY fts.rowid DESC LIMIT 1000': no such table: sentiment_fts
Execution failed on sql 'SELECT sentiment.* FROM  sentiment_fts fts LEFT JOIN sentiment ON fts.rowid = sentiment.id WHERE fts.sentiment_fts MATCH ? ORDER BY fts.rowid DESC LIMIT 1000': no such table: sentiment_fts
Execution failed on sql 'SELECT sentiment.* FROM  sentiment_fts fts LEFT JOIN sentiment ON fts.rowid = sentiment.id WHERE fts.sentiment_fts MATCH ? ORDER BY fts.rowid DESC LIMIT 1000': no such table: sentiment_fts
Execution failed on sql 'SELECT sentiment.* FROM  sentiment_fts fts LEFT JOIN sentiment ON fts.rowid = sentiment.id WHERE fts.sentiment_fts MATCH ? ORDER BY fts.rowid DESC LIMIT 1000': no such table: sentiment_fts
Execution failed on sql 'SELECT sentiment.* FROM  sentiment_fts fts LEFT JOIN sentiment ON fts.rowid = sentiment.id WHERE fts.sentiment_fts MATCH ? ORDER BY fts.rowid DESC LIMIT 1000': no such table: sentiment_fts
Execution failed on sql 'SELECT sentiment.* FROM  sentiment_fts fts LEFT JOIN sentiment ON fts.rowid = sentiment.id WHERE fts.sentiment_fts MATCH ? ORDER BY fts.rowid DESC LIMIT 1000': no such table: sentiment_fts
Execution failed on sql 'SELECT sentiment.* FROM  sentiment_fts fts LEFT JOIN sentiment ON fts.rowid = sentiment.id WHERE fts.sentiment_fts MATCH ? ORDER BY fts.rowid DESC LIMIT 1000': no such table: sentiment_fts
Execution failed on sql 'SELECT sentiment.* FROM  sentiment_fts fts LEFT JOIN sentiment ON fts.rowid = sentiment.id WHERE fts.sentiment_fts MATCH ? ORDER BY fts.rowid DESC LIMIT 1000': no such table: sentiment_fts
Execution failed on sql 'SELECT sentiment.* FROM  sentiment_fts fts LEFT JOIN sentiment ON fts.rowid = sentiment.id WHERE fts.sentiment_fts MATCH ? ORDER BY fts.rowid DESC LIMIT 1000': no such table: sentiment_fts
Execution failed on sql 'SELECT sentiment.* FROM  sentiment_fts fts LEFT JOIN sentiment ON fts.rowid = sentiment.id WHERE fts.sentiment_fts MATCH ? ORDER BY fts.rowid DESC LIMIT 1000': no such table: sentiment_fts
Execution failed on sql 'SELECT sentiment.* FROM  sentiment_fts fts LEFT JOIN sentiment ON fts.rowid = sentiment.id WHERE fts.sentiment_fts MATCH ? ORDER BY fts.rowid DESC LIMIT 1000': no such table: sentiment_fts
Execution failed on sql 'SELECT sentiment.* FROM  sentiment_fts fts LEFT JOIN sentiment ON fts.rowid = sentiment.id WHERE fts.sentiment_fts MATCH ? ORDER BY fts.rowid DESC LIMIT 1000': no such table: sentiment_fts
Execution failed on sql 'SELECT sentiment.* FROM  sentiment_fts fts LEFT JOIN sentiment ON fts.rowid = sentiment.id WHERE fts.sentiment_fts MATCH ? ORDER BY fts.rowid DESC LIMIT 1000': no such table: sentiment_fts
Execution failed on sql 'SELECT sentiment.* FROM  sentiment_fts fts LEFT JOIN sentiment ON fts.rowid = sentiment.id WHERE fts.sentiment_fts MATCH ? ORDER BY fts.rowid DESC LIMIT 1000': no such table: sentiment_fts
Execution failed on sql 'SELECT sentiment.* FROM  sentiment_fts fts LEFT JOIN sentiment ON fts.rowid = sentiment.id WHERE fts.sentiment_fts MATCH ? ORDER BY fts.rowid DESC LIMIT 1000': no such table: sentiment_fts
Execution failed on sql 'SELECT sentiment.* FROM  sentiment_fts fts LEFT JOIN sentiment ON fts.rowid = sentiment.id WHERE fts.sentiment_fts MATCH ? ORDER BY fts.rowid DESC LIMIT 1000': no such table: sentiment_fts
Execution failed on sql 'SELECT sentiment.* FROM  sentiment_fts fts LEFT JOIN sentiment ON fts.rowid = sentiment.id WHERE fts.sentiment_fts MATCH ? ORDER BY fts.rowid DESC LIMIT 1000': no such table: sentiment_fts
Execution failed on sql 'SELECT sentiment.* FROM  sentiment_fts fts LEFT JOIN sentiment ON fts.rowid = sentiment.id WHERE fts.sentiment_fts MATCH ? ORDER BY fts.rowid DESC LIMIT 1000': no such table: sentiment_fts
Execution failed on sql 'SELECT sentiment.* FROM  sentiment_fts fts LEFT JOIN sentiment ON fts.rowid = sentiment.id WHERE fts.sentiment_fts MATCH ? ORDER BY fts.rowid DESC LIMIT 1000': no such table: sentiment_fts
Execution failed on sql 'SELECT sentiment.* FROM  sentiment_fts fts LEFT JOIN sentiment ON fts.rowid = sentiment.id WHERE fts.sentiment_fts MATCH ? ORDER BY fts.rowid DESC LIMIT 1000': no such table: sentiment_fts
Execution failed on sql 'SELECT sentiment.* FROM  sentiment_fts fts LEFT JOIN sentiment ON fts.rowid = sentiment.id WHERE fts.sentiment_fts MATCH ? ORDER BY fts.rowid DESC LIMIT 1000': no such table: sentiment_fts
Execution failed on sql 'SELECT sentiment.* FROM  sentiment_fts fts LEFT JOIN sentiment ON fts.rowid = sentiment.id WHERE fts.sentiment_fts MATCH ? ORDER BY fts.rowid DESC LIMIT 1000': no such table: sentiment_fts
Execution failed on sql 'SELECT sentiment.* FROM  sentiment_fts fts LEFT JOIN sentiment ON fts.rowid = sentiment.id WHERE fts.sentiment_fts MATCH ? ORDER BY fts.rowid DESC LIMIT 1000': no such table: sentiment_fts
Execution failed on sql 'SELECT sentiment.* FROM  sentiment_fts fts LEFT JOIN sentiment ON fts.rowid = sentiment.id WHERE fts.sentiment_fts MATCH ? ORDER BY fts.rowid DESC LIMIT 1000': no such table: sentiment_fts
Execution failed on sql 'SELECT sentiment.* FROM  sentiment_fts fts LEFT JOIN sentiment ON fts.rowid = sentiment.id WHERE fts.sentiment_fts MATCH ? ORDER BY fts.rowid DESC LIMIT 1000': no such table: sentiment_fts
Execution failed on sql 'SELECT sentiment.* FROM  sentiment_fts fts LEFT JOIN sentiment ON fts.rowid = sentiment.id WHERE fts.sentiment_fts MATCH ? ORDER BY fts.rowid DESC LIMIT 1000': no such table: sentiment_fts
Execution failed on sql 'SELECT sentiment.* FROM  sentiment_fts fts LEFT JOIN sentiment ON fts.rowid = sentiment.id WHERE fts.sentiment_fts MATCH ? ORDER BY fts.rowid DESC LIMIT 1000': no such table: sentiment_fts
Execution failed on sql 'SELECT sentiment.* FROM  sentiment_fts fts LEFT JOIN sentiment ON fts.rowid = sentiment.id WHERE fts.sentiment_fts MATCH ? ORDER BY fts.rowid DESC LIMIT 1000': no such table: sentiment_fts
Execution failed on sql 'SELECT sentiment.* FROM  sentiment_fts fts LEFT JOIN sentiment ON fts.rowid = sentiment.id WHERE fts.sentiment_fts MATCH ? ORDER BY fts.rowid DESC LIMIT 1000': no such table: sentiment_fts
Execution failed on sql 'SELECT sentiment.* FROM  sentiment_fts fts LEFT JOIN sentiment ON fts.rowid = sentiment.id WHERE fts.sentiment_fts MATCH ? ORDER BY fts.rowid DESC LIMIT 1000': no such table: sentiment_fts
Execution failed on sql 'SELECT sentiment.* FROM  sentiment_fts fts LEFT JOIN sentiment ON fts.rowid = sentiment.id WHERE fts.sentiment_fts MATCH ? ORDER BY fts.rowid DESC LIMIT 1000': no such table: sentiment_fts
Execution failed on sql 'SELECT sentiment.* FROM  sentiment_fts fts LEFT JOIN sentiment ON fts.rowid = sentiment.id WHERE fts.sentiment_fts MATCH ? ORDER BY fts.rowid DESC LIMIT 1000': no such table: sentiment_fts
Execution failed on sql 'SELECT sentiment.* FROM  sentiment_fts fts LEFT JOIN sentiment ON fts.rowid = sentiment.id WHERE fts.sentiment_fts MATCH ? ORDER BY fts.rowid DESC LIMIT 1000': no such table: sentiment_fts
Execution failed on sql 'SELECT sentiment.* FROM  sentiment_fts fts LEFT JOIN sentiment ON fts.rowid = sentiment.id WHERE fts.sentiment_fts MATCH ? ORDER BY fts.rowid DESC LIMIT 1000': no such table: sentiment_fts
Execution failed on sql 'SELECT sentiment.* FROM  sentiment_fts fts LEFT JOIN sentiment ON fts.rowid = sentiment.id WHERE fts.sentiment_fts MATCH ? ORDER BY fts.rowid DESC LIMIT 1000': no such table: sentiment_fts
Execution failed on sql 'SELECT sentiment.* FROM  sentiment_fts fts LEFT JOIN sentiment ON fts.rowid = sentiment.id WHERE fts.sentiment_fts MATCH ? ORDER BY fts.rowid DESC LIMIT 1000': no such table: sentiment_fts
Execution failed on sql 'SELECT sentiment.* FROM  sentiment_fts fts LEFT JOIN sentiment ON fts.rowid = sentiment.id WHERE fts.sentiment_fts MATCH ? ORDER BY fts.rowid DESC LIMIT 1000': no such table: sentiment_fts
Execution failed on sql 'SELECT sentiment.* FROM  sentiment_fts fts LEFT JOIN sentiment ON fts.rowid = sentiment.id WHERE fts.sentiment_fts MATCH ? ORDER BY fts.rowid DESC LIMIT 1000': no such table: sentiment_fts
Execution failed on sql 'SELECT sentiment.* FROM  sentiment_fts fts LEFT JOIN sentiment ON fts.rowid = sentiment.id WHERE fts.sentiment_fts MATCH ? ORDER BY fts.rowid DESC LIMIT 1000': no such table: sentiment_fts
Execution failed on sql 'SELECT sentiment.* FROM  sentiment_fts fts LEFT JOIN sentiment ON fts.rowid = sentiment.id WHERE fts.sentiment_fts MATCH ? ORDER BY fts.rowid DESC LIMIT 1000': no such table: sentiment_fts
Execution failed on sql 'SELECT sentiment.* FROM  sentiment_fts fts LEFT JOIN sentiment ON fts.rowid = sentiment.id WHERE fts.sentiment_fts MATCH ? ORDER BY fts.rowid DESC LIMIT 1000': no such table: sentiment_fts
Execution failed on sql 'SELECT sentiment.* FROM  sentiment_fts fts LEFT JOIN sentiment ON fts.rowid = sentiment.id WHERE fts.sentiment_fts MATCH ? ORDER BY fts.rowid DESC LIMIT 1000': no such table: sentiment_fts
Execution failed on sql 'SELECT sentiment.* FROM  sentiment_fts fts LEFT JOIN sentiment ON fts.rowid = sentiment.id WHERE fts.sentiment_fts MATCH ? ORDER BY fts.rowid DESC LIMIT 1000': no such table: sentiment_fts
Execution failed on sql 'SELECT sentiment.* FROM  sentiment_fts fts LEFT JOIN sentiment ON fts.rowid = sentiment.id WHERE fts.sentiment_fts MATCH ? ORDER BY fts.rowid DESC LIMIT 1000': no such table: sentiment_fts
Execution failed on sql 'SELECT sentiment.* FROM  sentiment_fts fts LEFT JOIN sentiment ON fts.rowid = sentiment.id WHERE fts.sentiment_fts MATCH ? ORDER BY fts.rowid DESC LIMIT 1000': no such table: sentiment_fts
Execution failed on sql 'SELECT sentiment.* FROM  sentiment_fts fts LEFT JOIN sentiment ON fts.rowid = sentiment.id WHERE fts.sentiment_fts MATCH ? ORDER BY fts.rowid DESC LIMIT 1000': no such table: sentiment_fts
Execution failed on sql 'SELECT sentiment.* FROM  sentiment_fts fts LEFT JOIN sentiment ON fts.rowid = sentiment.id WHERE fts.sentiment_fts MATCH ? ORDER BY fts.rowid DESC LIMIT 1000': no such table: sentiment_fts
Execution failed on sql 'SELECT sentiment.* FROM  sentiment_fts fts LEFT JOIN sentiment ON fts.rowid = sentiment.id WHERE fts.sentiment_fts MATCH ? ORDER BY fts.rowid DESC LIMIT 1000': no such table: sentiment_fts
Execution failed on sql 'SELECT sentiment.* FROM  sentiment_fts fts LEFT JOIN sentiment ON fts.rowid = sentiment.id WHERE fts.sentiment_fts MATCH ? ORDER BY fts.rowid DESC LIMIT 1000': no such table: sentiment_fts
Execution failed on sql 'SELECT sentiment.* FROM  sentiment_fts fts LEFT JOIN sentiment ON fts.rowid = sentiment.id WHERE fts.sentiment_fts MATCH ? ORDER BY fts.rowid DESC LIMIT 1000': no such table: sentiment_fts
Execution failed on sql 'SELECT sentiment.* FROM  sentiment_fts fts LEFT JOIN sentiment ON fts.rowid = sentiment.id WHERE fts.sentiment_fts MATCH ? ORDER BY fts.rowid DESC LIMIT 1000': no such table: sentiment_fts
Execution failed on sql 'SELECT sentiment.* FROM  sentiment_fts fts LEFT JOIN sentiment ON fts.rowid = sentiment.id WHERE fts.sentiment_fts MATCH ? ORDER BY fts.rowid DESC LIMIT 1000': no such table: sentiment_fts
Execution failed on sql 'SELECT sentiment.* FROM  sentiment_fts fts LEFT JOIN sentiment ON fts.rowid = sentiment.id WHERE fts.sentiment_fts MATCH ? ORDER BY fts.rowid DESC LIMIT 1000': no such table: sentiment_fts
Execution failed on sql 'SELECT sentiment.* FROM  sentiment_fts fts LEFT JOIN sentiment ON fts.rowid = sentiment.id WHERE fts.sentiment_fts MATCH ? ORDER BY fts.rowid DESC LIMIT 1000': no such table: sentiment_fts
Execution failed on sql 'SELECT sentiment.* FROM  sentiment_fts fts LEFT JOIN sentiment ON fts.rowid = sentiment.id WHERE fts.sentiment_fts MATCH ? ORDER BY fts.rowid DESC LIMIT 1000': no such table: sentiment_fts
Execution failed on sql 'SELECT sentiment.* FROM  sentiment_fts fts LEFT JOIN sentiment ON fts.rowid = sentiment.id WHERE fts.sentiment_fts MATCH ? ORDER BY fts.rowid DESC LIMIT 1000': no such table: sentiment_fts
Execution failed on sql 'SELECT sentiment.* FROM  sentiment_fts fts LEFT JOIN sentiment ON fts.rowid = sentiment.id WHERE fts.sentiment_fts MATCH ? ORDER BY fts.rowid DESC LIMIT 1000': no such table: sentiment_fts
Execution failed on sql 'SELECT sentiment.* FROM  sentiment_fts fts LEFT JOIN sentiment ON fts.rowid = sentiment.id WHERE fts.sentiment_fts MATCH ? ORDER BY fts.rowid DESC LIMIT 1000': no such table: sentiment_fts
Execution failed on sql 'SELECT sentiment.* FROM  sentiment_fts fts LEFT JOIN sentiment ON fts.rowid = sentiment.id WHERE fts.sentiment_fts MATCH ? ORDER BY fts.rowid DESC LIMIT 1000': no such table: sentiment_fts
Execution failed on sql 'SELECT sentiment.* FROM  sentiment_fts fts LEFT JOIN sentiment ON fts.rowid = sentiment.id WHERE fts.sentiment_fts MATCH ? ORDER BY fts.rowid DESC LIMIT 1000': no such table: sentiment_fts
Execution failed on sql 'SELECT sentiment.* FROM  sentiment_fts fts LEFT JOIN sentiment ON fts.rowid = sentiment.id WHERE fts.sentiment_fts MATCH ? ORDER BY fts.rowid DESC LIMIT 1000': no such table: sentiment_fts
Execution failed on sql 'SELECT sentiment.* FROM  sentiment_fts fts LEFT JOIN sentiment ON fts.rowid = sentiment.id WHERE fts.sentiment_fts MATCH ? ORDER BY fts.rowid DESC LIMIT 1000': no such table: sentiment_fts
Execution failed on sql 'SELECT sentiment.* FROM  sentiment_fts fts LEFT JOIN sentiment ON fts.rowid = sentiment.id WHERE fts.sentiment_fts MATCH ? ORDER BY fts.rowid DESC LIMIT 1000': no such table: sentiment_fts
Execution failed on sql 'SELECT sentiment.* FROM  sentiment_fts fts LEFT JOIN sentiment ON fts.rowid = sentiment.id WHERE fts.sentiment_fts MATCH ? ORDER BY fts.rowid DESC LIMIT 1000': no such table: sentiment_fts
Execution failed on sql 'SELECT sentiment.* FROM  sentiment_fts fts LEFT JOIN sentiment ON fts.rowid = sentiment.id WHERE fts.sentiment_fts MATCH ? ORDER BY fts.rowid DESC LIMIT 1000': no such table: sentiment_fts
Execution failed on sql 'SELECT sentiment.* FROM  sentiment_fts fts LEFT JOIN sentiment ON fts.rowid = sentiment.id WHERE fts.sentiment_fts MATCH ? ORDER BY fts.rowid DESC LIMIT 1000': no such table: sentiment_fts
Execution failed on sql 'SELECT sentiment.* FROM  sentiment_fts fts LEFT JOIN sentiment ON fts.rowid = sentiment.id WHERE fts.sentiment_fts MATCH ? ORDER BY fts.rowid DESC LIMIT 1000': no such table: sentiment_fts
Execution failed on sql 'SELECT sentiment.* FROM  sentiment_fts fts LEFT JOIN sentiment ON fts.rowid = sentiment.id WHERE fts.sentiment_fts MATCH ? ORDER BY fts.rowid DESC LIMIT 1000': no such table: sentiment_fts
Execution failed on sql 'SELECT sentiment.* FROM  sentiment_fts fts LEFT JOIN sentiment ON fts.rowid = sentiment.id WHERE fts.sentiment_fts MATCH ? ORDER BY fts.rowid DESC LIMIT 1000': no such table: sentiment_fts
Execution failed on sql 'SELECT sentiment.* FROM  sentiment_fts fts LEFT JOIN sentiment ON fts.rowid = sentiment.id WHERE fts.sentiment_fts MATCH ? ORDER BY fts.rowid DESC LIMIT 1000': no such table: sentiment_fts
Execution failed on sql 'SELECT sentiment.* FROM  sentiment_fts fts LEFT JOIN sentiment ON fts.rowid = sentiment.id WHERE fts.sentiment_fts MATCH ? ORDER BY fts.rowid DESC LIMIT 1000': no such table: sentiment_fts
Execution failed on sql 'SELECT sentiment.* FROM  sentiment_fts fts LEFT JOIN sentiment ON fts.rowid = sentiment.id WHERE fts.sentiment_fts MATCH ? ORDER BY fts.rowid DESC LIMIT 1000': no such table: sentiment_fts
Execution failed on sql 'SELECT sentiment.* FROM  sentiment_fts fts LEFT JOIN sentiment ON fts.rowid = sentiment.id WHERE fts.sentiment_fts MATCH ? ORDER BY fts.rowid DESC LIMIT 1000': no such table: sentiment_fts
Execution failed on sql 'SELECT sentiment.* FROM  sentiment_fts fts LEFT JOIN sentiment ON fts.rowid = sentiment.id WHERE fts.sentiment_fts MATCH ? ORDER BY fts.rowid DESC LIMIT 1000': no such table: sentiment_fts
Execution failed on sql 'SELECT sentiment.* FROM  sentiment_fts fts LEFT JOIN sentiment ON fts.rowid = sentiment.id WHERE fts.sentiment_fts MATCH ? ORDER BY fts.rowid DESC LIMIT 1000': no such table: sentiment_fts
Execution failed on sql 'SELECT sentiment.* FROM  sentiment_fts fts LEFT JOIN sentiment ON fts.rowid = sentiment.id WHERE fts.sentiment_fts MATCH ? ORDER BY fts.rowid DESC LIMIT 1000': no such table: sentiment_fts
Execution failed on sql 'SELECT sentiment.* FROM  sentiment_fts fts LEFT JOIN sentiment ON fts.rowid = sentiment.id WHERE fts.sentiment_fts MATCH ? ORDER BY fts.rowid DESC LIMIT 1000': no such table: sentiment_fts
Execution failed on sql 'SELECT sentiment.* FROM  sentiment_fts fts LEFT JOIN sentiment ON fts.rowid = sentiment.id WHERE fts.sentiment_fts MATCH ? ORDER BY fts.rowid DESC LIMIT 1000': no such table: sentiment_fts
Execution failed on sql 'SELECT sentiment.* FROM  sentiment_fts fts LEFT JOIN sentiment ON fts.rowid = sentiment.id WHERE fts.sentiment_fts MATCH ? ORDER BY fts.rowid DESC LIMIT 1000': no such table: sentiment_fts
Execution failed on sql 'SELECT sentiment.* FROM  sentiment_fts fts LEFT JOIN sentiment ON fts.rowid = sentiment.id WHERE fts.sentiment_fts MATCH ? ORDER BY fts.rowid DESC LIMIT 1000': no such table: sentiment_fts
Execution failed on sql 'SELECT sentiment.* FROM  sentiment_fts fts LEFT JOIN sentiment ON fts.rowid = sentiment.id WHERE fts.sentiment_fts MATCH ? ORDER BY fts.rowid DESC LIMIT 1000': no such table: sentiment_fts
Execution failed on sql 'SELECT sentiment.* FROM  sentiment_fts fts LEFT JOIN sentiment ON fts.rowid = sentiment.id WHERE fts.sentiment_fts MATCH ? ORDER BY fts.rowid DESC LIMIT 1000': no such table: sentiment_fts
Execution failed on sql 'SELECT sentiment.* FROM  sentiment_fts fts LEFT JOIN sentiment ON fts.rowid = sentiment.id WHERE fts.sentiment_fts MATCH ? ORDER BY fts.rowid DESC LIMIT 1000': no such table: sentiment_fts
Execution failed on sql 'SELECT sentiment.* FROM  sentiment_fts fts LEFT JOIN sentiment ON fts.rowid = sentiment.id WHERE fts.sentiment_fts MATCH ? ORDER BY fts.rowid DESC LIMIT 1000': no such table: sentiment_fts
Execution failed on sql 'SELECT sentiment.* FROM  sentiment_fts fts LEFT JOIN sentiment ON fts.rowid = sentiment.id WHERE fts.sentiment_fts MATCH ? ORDER BY fts.rowid DESC LIMIT 1000': no such table: sentiment_fts
Execution failed on sql 'SELECT sentiment.* FROM  sentiment_fts fts LEFT JOIN sentiment ON fts.rowid = sentiment.id WHERE fts.sentiment_fts MATCH ? ORDER BY fts.rowid DESC LIMIT 1000': no such table: sentiment_fts
Execution failed on sql 'SELECT sentiment.* FROM  sentiment_fts fts LEFT JOIN sentiment ON fts.rowid = sentiment.id WHERE fts.sentiment_fts MATCH ? ORDER BY fts.rowid DESC LIMIT 1000': no such table: sentiment_fts
Execution failed on sql 'SELECT sentiment.* FROM  sentiment_fts fts LEFT JOIN sentiment ON fts.rowid = sentiment.id WHERE fts.sentiment_fts MATCH ? ORDER BY fts.rowid DESC LIMIT 1000': no such table: sentiment_fts
Execution failed on sql 'SELECT sentiment.* FROM  sentiment_fts fts LEFT JOIN sentiment ON fts.rowid = sentiment.id WHERE fts.sentiment_fts MATCH ? ORDER BY fts.rowid DESC LIMIT 1000': no such table: sentiment_fts
Execution failed on sql 'SELECT sentiment.* FROM  sentiment_fts fts LEFT JOIN sentiment ON fts.rowid = sentiment.id WHERE fts.sentiment_fts MATCH ? ORDER BY fts.rowid DESC LIMIT 1000': no such table: sentiment_fts
Execution failed on sql 'SELECT sentiment.* FROM  sentiment_fts fts LEFT JOIN sentiment ON fts.rowid = sentiment.id WHERE fts.sentiment_fts MATCH ? ORDER BY fts.rowid DESC LIMIT 1000': no such table: sentiment_fts
Execution failed on sql 'SELECT sentiment.* FROM  sentiment_fts fts LEFT JOIN sentiment ON fts.rowid = sentiment.id WHERE fts.sentiment_fts MATCH ? ORDER BY fts.rowid DESC LIMIT 1000': no such table: sentiment_fts
Execution failed on sql 'SELECT sentiment.* FROM  sentiment_fts fts LEFT JOIN sentiment ON fts.rowid = sentiment.id WHERE fts.sentiment_fts MATCH ? ORDER BY fts.rowid DESC LIMIT 1000': no such table: sentiment_fts
Execution failed on sql 'SELECT sentiment.* FROM  sentiment_fts fts LEFT JOIN sentiment ON fts.rowid = sentiment.id WHERE fts.sentiment_fts MATCH ? ORDER BY fts.rowid DESC LIMIT 1000': no such table: sentiment_fts
Execution failed on sql 'SELECT sentiment.* FROM  sentiment_fts fts LEFT JOIN sentiment ON fts.rowid = sentiment.id WHERE fts.sentiment_fts MATCH ? ORDER BY fts.rowid DESC LIMIT 1000': no such table: sentiment_fts
Execution failed on sql 'SELECT sentiment.* FROM  sentiment_fts fts LEFT JOIN sentiment ON fts.rowid = sentiment.id WHERE fts.sentiment_fts MATCH ? ORDER BY fts.rowid DESC LIMIT 1000': no such table: sentiment_fts
Execution failed on sql 'SELECT sentiment.* FROM  sentiment_fts fts LEFT JOIN sentiment ON fts.rowid = sentiment.id WHERE fts.sentiment_fts MATCH ? ORDER BY fts.rowid DESC LIMIT 1000': no such table: sentiment_fts
Execution failed on sql 'SELECT sentiment.* FROM  sentiment_fts fts LEFT JOIN sentiment ON fts.rowid = sentiment.id WHERE fts.sentiment_fts MATCH ? ORDER BY fts.rowid DESC LIMIT 1000': no such table: sentiment_fts
Execution failed on sql 'SELECT sentiment.* FROM  sentiment_fts fts LEFT JOIN sentiment ON fts.rowid = sentiment.id WHERE fts.sentiment_fts MATCH ? ORDER BY fts.rowid DESC LIMIT 1000': no such table: sentiment_fts
Execution failed on sql 'SELECT sentiment.* FROM  sentiment_fts fts LEFT JOIN sentiment ON fts.rowid = sentiment.id WHERE fts.sentiment_fts MATCH ? ORDER BY fts.rowid DESC LIMIT 1000': no such table: sentiment_fts
Execution failed on sql 'SELECT sentiment.* FROM  sentiment_fts fts LEFT JOIN sentiment ON fts.rowid = sentiment.id WHERE fts.sentiment_fts MATCH ? ORDER BY fts.rowid DESC LIMIT 1000': no such table: sentiment_fts
Execution failed on sql 'SELECT sentiment.* FROM  sentiment_fts fts LEFT JOIN sentiment ON fts.rowid = sentiment.id WHERE fts.sentiment_fts MATCH ? ORDER BY fts.rowid DESC LIMIT 1000': no such table: sentiment_fts
Execution failed on sql 'SELECT sentiment.* FROM  sentiment_fts fts LEFT JOIN sentiment ON fts.rowid = sentiment.id WHERE fts.sentiment_fts MATCH ? ORDER BY fts.rowid DESC LIMIT 1000': no such table: sentiment_fts
Execution failed on sql 'SELECT sentiment.* FROM  sentiment_fts fts LEFT JOIN sentiment ON fts.rowid = sentiment.id WHERE fts.sentiment_fts MATCH ? ORDER BY fts.rowid DESC LIMIT 1000': no such table: sentiment_fts
Execution failed on sql 'SELECT sentiment.* FROM  sentiment_fts fts LEFT JOIN sentiment ON fts.rowid = sentiment.id WHERE fts.sentiment_fts MATCH ? ORDER BY fts.rowid DESC LIMIT 1000': no such table: sentiment_fts
Execution failed on sql 'SELECT sentiment.* FROM  sentiment_fts fts LEFT JOIN sentiment ON fts.rowid = sentiment.id WHERE fts.sentiment_fts MATCH ? ORDER BY fts.rowid DESC LIMIT 1000': no such table: sentiment_fts
Execution failed on sql 'SELECT sentiment.* FROM  sentiment_fts fts LEFT JOIN sentiment ON fts.rowid = sentiment.id WHERE fts.sentiment_fts MATCH ? ORDER BY fts.rowid DESC LIMIT 1000': no such table: sentiment_fts
Execution failed on sql 'SELECT sentiment.* FROM  sentiment_fts fts LEFT JOIN sentiment ON fts.rowid = sentiment.id WHERE fts.sentiment_fts MATCH ? ORDER BY fts.rowid DESC LIMIT 1000': no such table: sentiment_fts
Execution failed on sql 'SELECT sentiment.* FROM  sentiment_fts fts LEFT JOIN sentiment ON fts.rowid = sentiment.id WHERE fts.sentiment_fts MATCH ? ORDER BY fts.rowid DESC LIMIT 1000': no such table: sentiment_fts
Execution failed on sql 'SELECT sentiment.* FROM  sentiment_fts fts LEFT JOIN sentiment ON fts.rowid = sentiment.id WHERE fts.sentiment_fts MATCH ? ORDER BY fts.rowid DESC LIMIT 1000': no such table: sentiment_fts
Execution failed on sql 'SELECT sentiment.* FROM  sentiment_fts fts LEFT JOIN sentiment ON fts.rowid = sentiment.id WHERE fts.sentiment_fts MATCH ? ORDER BY fts.rowid DESC LIMIT 1000': no such table: sentiment_fts
Execution failed on sql 'SELECT sentiment.* FROM  sentiment_fts fts LEFT JOIN sentiment ON fts.rowid = sentiment.id WHERE fts.sentiment_fts MATCH ? ORDER BY fts.rowid DESC LIMIT 1000': no such table: sentiment_fts
Execution failed on sql 'SELECT sentiment.* FROM  sentiment_fts fts LEFT JOIN sentiment ON fts.rowid = sentiment.id WHERE fts.sentiment_fts MATCH ? ORDER BY fts.rowid DESC LIMIT 1000': no such table: sentiment_fts
Execution failed on sql 'SELECT sentiment.* FROM  sentiment_fts fts LEFT JOIN sentiment ON fts.rowid = sentiment.id WHERE fts.sentiment_fts MATCH ? ORDER BY fts.rowid DESC LIMIT 1000': no such table: sentiment_fts
Execution failed on sql 'SELECT sentiment.* FROM  sentiment_fts fts LEFT JOIN sentiment ON fts.rowid = sentiment.id WHERE fts.sentiment_fts MATCH ? ORDER BY fts.rowid DESC LIMIT 1000': no such table: sentiment_fts
Execution failed on sql 'SELECT sentiment.* FROM  sentiment_fts fts LEFT JOIN sentiment ON fts.rowid = sentiment.id WHERE fts.sentiment_fts MATCH ? ORDER BY fts.rowid DESC LIMIT 1000': no such table: sentiment_fts
Execution failed on sql 'SELECT sentiment.* FROM  sentiment_fts fts LEFT JOIN sentiment ON fts.rowid = sentiment.id WHERE fts.sentiment_fts MATCH ? ORDER BY fts.rowid DESC LIMIT 1000': no such table: sentiment_fts
Execution failed on sql 'SELECT sentiment.* FROM  sentiment_fts fts LEFT JOIN sentiment ON fts.rowid = sentiment.id WHERE fts.sentiment_fts MATCH ? ORDER BY fts.rowid DESC LIMIT 1000': no such table: sentiment_fts
Execution failed on sql 'SELECT sentiment.* FROM  sentiment_fts fts LEFT JOIN sentiment ON fts.rowid = sentiment.id WHERE fts.sentiment_fts MATCH ? ORDER BY fts.rowid DESC LIMIT 1000': no such table: sentiment_fts
Execution failed on sql 'SELECT sentiment.* FROM  sentiment_fts fts LEFT JOIN sentiment ON fts.rowid = sentiment.id WHERE fts.sentiment_fts MATCH ? ORDER BY fts.rowid DESC LIMIT 1000': no such table: sentiment_fts
Execution failed on sql 'SELECT sentiment.* FROM  sentiment_fts fts LEFT JOIN sentiment ON fts.rowid = sentiment.id WHERE fts.sentiment_fts MATCH ? ORDER BY fts.rowid DESC LIMIT 1000': no such table: sentiment_fts
Execution failed on sql 'SELECT sentiment.* FROM  sentiment_fts fts LEFT JOIN sentiment ON fts.rowid = sentiment.id WHERE fts.sentiment_fts MATCH ? ORDER BY fts.rowid DESC LIMIT 1000': no such table: sentiment_fts
Execution failed on sql 'SELECT sentiment.* FROM  sentiment_fts fts LEFT JOIN sentiment ON fts.rowid = sentiment.id WHERE fts.sentiment_fts MATCH ? ORDER BY fts.rowid DESC LIMIT 1000': no such table: sentiment_fts
Execution failed on sql 'SELECT sentiment.* FROM  sentiment_fts fts LEFT JOIN sentiment ON fts.rowid = sentiment.id WHERE fts.sentiment_fts MATCH ? ORDER BY fts.rowid DESC LIMIT 1000': no such table: sentiment_fts
Execution failed on sql 'SELECT sentiment.* FROM  sentiment_fts fts LEFT JOIN sentiment ON fts.rowid = sentiment.id WHERE fts.sentiment_fts MATCH ? ORDER BY fts.rowid DESC LIMIT 1000': no such table: sentiment_fts
Execution failed on sql 'SELECT sentiment.* FROM  sentiment_fts fts LEFT JOIN sentiment ON fts.rowid = sentiment.id WHERE fts.sentiment_fts MATCH ? ORDER BY fts.rowid DESC LIMIT 1000': no such table: sentiment_fts
Execution failed on sql 'SELECT sentiment.* FROM  sentiment_fts fts LEFT JOIN sentiment ON fts.rowid = sentiment.id WHERE fts.sentiment_fts MATCH ? ORDER BY fts.rowid DESC LIMIT 1000': no such table: sentiment_fts
Execution failed on sql 'SELECT sentiment.* FROM  sentiment_fts fts LEFT JOIN sentiment ON fts.rowid = sentiment.id WHERE fts.sentiment_fts MATCH ? ORDER BY fts.rowid DESC LIMIT 1000': no such table: sentiment_fts
Execution failed on sql 'SELECT sentiment.* FROM  sentiment_fts fts LEFT JOIN sentiment ON fts.rowid = sentiment.id WHERE fts.sentiment_fts MATCH ? ORDER BY fts.rowid DESC LIMIT 1000': no such table: sentiment_fts
Execution failed on sql 'SELECT sentiment.* FROM  sentiment_fts fts LEFT JOIN sentiment ON fts.rowid = sentiment.id WHERE fts.sentiment_fts MATCH ? ORDER BY fts.rowid DESC LIMIT 1000': no such table: sentiment_fts
Execution failed on sql 'SELECT sentiment.* FROM  sentiment_fts fts LEFT JOIN sentiment ON fts.rowid = sentiment.id WHERE fts.sentiment_fts MATCH ? ORDER BY fts.rowid DESC LIMIT 1000': no such table: sentiment_fts
Execution failed on sql 'SELECT sentiment.* FROM  sentiment_fts fts LEFT JOIN sentiment ON fts.rowid = sentiment.id WHERE fts.sentiment_fts MATCH ? ORDER BY fts.rowid DESC LIMIT 1000': no such table: sentiment_fts
Execution failed on sql 'SELECT sentiment.* FROM  sentiment_fts fts LEFT JOIN sentiment ON fts.rowid = sentiment.id WHERE fts.sentiment_fts MATCH ? ORDER BY fts.rowid DESC LIMIT 1000': no such table: sentiment_fts
Execution failed on sql 'SELECT sentiment.* FROM  sentiment_fts fts LEFT JOIN sentiment ON fts.rowid = sentiment.id WHERE fts.sentiment_fts MATCH ? ORDER BY fts.rowid DESC LIMIT 1000': no such table: sentiment_fts
Execution failed on sql 'SELECT sentiment.* FROM  sentiment_fts fts LEFT JOIN sentiment ON fts.rowid = sentiment.id WHERE fts.sentiment_fts MATCH ? ORDER BY fts.rowid DESC LIMIT 1000': no such table: sentiment_fts
Execution failed on sql 'SELECT sentiment.* FROM  sentiment_fts fts LEFT JOIN sentiment ON fts.rowid = sentiment.id WHERE fts.sentiment_fts MATCH ? ORDER BY fts.rowid DESC LIMIT 1000': no such table: sentiment_fts
Execution failed on sql 'SELECT sentiment.* FROM  sentiment_fts fts LEFT JOIN sentiment ON fts.rowid = sentiment.id WHERE fts.sentiment_fts MATCH ? ORDER BY fts.rowid DESC LIMIT 1000': no such table: sentiment_fts
Execution failed on sql 'SELECT sentiment.* FROM  sentiment_fts fts LEFT JOIN sentiment ON fts.rowid = sentiment.id WHERE fts.sentiment_fts MATCH ? ORDER BY fts.rowid DESC LIMIT 1000': no such table: sentiment_fts
Execution failed on sql 'SELECT sentiment.* FROM  sentiment_fts fts LEFT JOIN sentiment ON fts.rowid = sentiment.id WHERE fts.sentiment_fts MATCH ? ORDER BY fts.rowid DESC LIMIT 1000': no such table: sentiment_fts
Execution failed on sql 'SELECT sentiment.* FROM  sentiment_fts fts LEFT JOIN sentiment ON fts.rowid = sentiment.id WHERE fts.sentiment_fts MATCH ? ORDER BY fts.rowid DESC LIMIT 1000': no such table: sentiment_fts
Execution failed on sql 'SELECT sentiment.* FROM  sentiment_fts fts LEFT JOIN sentiment ON fts.rowid = sentiment.id WHERE fts.sentiment_fts MATCH ? ORDER BY fts.rowid DESC LIMIT 1000': no such table: sentiment_fts
Execution failed on sql 'SELECT sentiment.* FROM  sentiment_fts fts LEFT JOIN sentiment ON fts.rowid = sentiment.id WHERE fts.sentiment_fts MATCH ? ORDER BY fts.rowid DESC LIMIT 1000': no such table: sentiment_fts
Execution failed on sql 'SELECT sentiment.* FROM  sentiment_fts fts LEFT JOIN sentiment ON fts.rowid = sentiment.id WHERE fts.sentiment_fts MATCH ? ORDER BY fts.rowid DESC LIMIT 1000': no such table: sentiment_fts
Execution failed on sql 'SELECT sentiment.* FROM  sentiment_fts fts LEFT JOIN sentiment ON fts.rowid = sentiment.id WHERE fts.sentiment_fts MATCH ? ORDER BY fts.rowid DESC LIMIT 1000': no such table: sentiment_fts
Execution failed on sql 'SELECT sentiment.* FROM  sentiment_fts fts LEFT JOIN sentiment ON fts.rowid = sentiment.id WHERE fts.sentiment_fts MATCH ? ORDER BY fts.rowid DESC LIMIT 1000': no such table: sentiment_fts
Execution failed on sql 'SELECT sentiment.* FROM  sentiment_fts fts LEFT JOIN sentiment ON fts.rowid = sentiment.id WHERE fts.sentiment_fts MATCH ? ORDER BY fts.rowid DESC LIMIT 1000': no such table: sentiment_fts
Execution failed on sql 'SELECT sentiment.* FROM  sentiment_fts fts LEFT JOIN sentiment ON fts.rowid = sentiment.id WHERE fts.sentiment_fts MATCH ? ORDER BY fts.rowid DESC LIMIT 1000': no such table: sentiment_fts
Execution failed on sql 'SELECT sentiment.* FROM  sentiment_fts fts LEFT JOIN sentiment ON fts.rowid = sentiment.id WHERE fts.sentiment_fts MATCH ? ORDER BY fts.rowid DESC LIMIT 1000': no such table: sentiment_fts
Execution failed on sql 'SELECT sentiment.* FROM  sentiment_fts fts LEFT JOIN sentiment ON fts.rowid = sentiment.id WHERE fts.sentiment_fts MATCH ? ORDER BY fts.rowid DESC LIMIT 1000': no such table: sentiment_fts
Execution failed on sql 'SELECT sentiment.* FROM  sentiment_fts fts LEFT JOIN sentiment ON fts.rowid = sentiment.id WHERE fts.sentiment_fts MATCH ? ORDER BY fts.rowid DESC LIMIT 1000': no such table: sentiment_fts
Execution failed on sql 'SELECT sentiment.* FROM  sentiment_fts fts LEFT JOIN sentiment ON fts.rowid = sentiment.id WHERE fts.sentiment_fts MATCH ? ORDER BY fts.rowid DESC LIMIT 1000': no such table: sentiment_fts
Execution failed on sql 'SELECT sentiment.* FROM  sentiment_fts fts LEFT JOIN sentiment ON fts.rowid = sentiment.id WHERE fts.sentiment_fts MATCH ? ORDER BY fts.rowid DESC LIMIT 1000': no such table: sentiment_fts
Execution failed on sql 'SELECT sentiment.* FROM  sentiment_fts fts LEFT JOIN sentiment ON fts.rowid = sentiment.id WHERE fts.sentiment_fts MATCH ? ORDER BY fts.rowid DESC LIMIT 1000': no such table: sentiment_fts
Execution failed on sql 'SELECT sentiment.* FROM  sentiment_fts fts LEFT JOIN sentiment ON fts.rowid = sentiment.id WHERE fts.sentiment_fts MATCH ? ORDER BY fts.rowid DESC LIMIT 1000': no such table: sentiment_fts
Execution failed on sql 'SELECT sentiment.* FROM  sentiment_fts fts LEFT JOIN sentiment ON fts.rowid = sentiment.id WHERE fts.sentiment_fts MATCH ? ORDER BY fts.rowid DESC LIMIT 1000': no such table: sentiment_fts
Execution failed on sql 'SELECT sentiment.* FROM  sentiment_fts fts LEFT JOIN sentiment ON fts.rowid = sentiment.id WHERE fts.sentiment_fts MATCH ? ORDER BY fts.rowid DESC LIMIT 1000': no such table: sentiment_fts
Execution failed on sql 'SELECT sentiment.* FROM  sentiment_fts fts LEFT JOIN sentiment ON fts.rowid = sentiment.id WHERE fts.sentiment_fts MATCH ? ORDER BY fts.rowid DESC LIMIT 1000': no such table: sentiment_fts
Execution failed on sql 'SELECT sentiment.* FROM  sentiment_fts fts LEFT JOIN sentiment ON fts.rowid = sentiment.id WHERE fts.sentiment_fts MATCH ? ORDER BY fts.rowid DESC LIMIT 1000': no such table: sentiment_fts
Execution failed on sql 'SELECT sentiment.* FROM  sentiment_fts fts LEFT JOIN sentiment ON fts.rowid = sentiment.id WHERE fts.sentiment_fts MATCH ? ORDER BY fts.rowid DESC LIMIT 1000': no such table: sentiment_fts
Execution failed on sql 'SELECT sentiment.* FROM  sentiment_fts fts LEFT JOIN sentiment ON fts.rowid = sentiment.id WHERE fts.sentiment_fts MATCH ? ORDER BY fts.rowid DESC LIMIT 1000': no such table: sentiment_fts
Execution failed on sql 'SELECT sentiment.* FROM  sentiment_fts fts LEFT JOIN sentiment ON fts.rowid = sentiment.id WHERE fts.sentiment_fts MATCH ? ORDER BY fts.rowid DESC LIMIT 1000': no such table: sentiment_fts
Execution failed on sql 'SELECT sentiment.* FROM  sentiment_fts fts LEFT JOIN sentiment ON fts.rowid = sentiment.id WHERE fts.sentiment_fts MATCH ? ORDER BY fts.rowid DESC LIMIT 1000': no such table: sentiment_fts
Execution failed on sql 'SELECT sentiment.* FROM  sentiment_fts fts LEFT JOIN sentiment ON fts.rowid = sentiment.id WHERE fts.sentiment_fts MATCH ? ORDER BY fts.rowid DESC LIMIT 1000': no such table: sentiment_fts
Execution failed on sql 'SELECT sentiment.* FROM  sentiment_fts fts LEFT JOIN sentiment ON fts.rowid = sentiment.id WHERE fts.sentiment_fts MATCH ? ORDER BY fts.rowid DESC LIMIT 1000': no such table: sentiment_fts
Execution failed on sql 'SELECT sentiment.* FROM  sentiment_fts fts LEFT JOIN sentiment ON fts.rowid = sentiment.id WHERE fts.sentiment_fts MATCH ? ORDER BY fts.rowid DESC LIMIT 1000': no such table: sentiment_fts
Execution failed on sql 'SELECT sentiment.* FROM  sentiment_fts fts LEFT JOIN sentiment ON fts.rowid = sentiment.id WHERE fts.sentiment_fts MATCH ? ORDER BY fts.rowid DESC LIMIT 1000': no such table: sentiment_fts
Execution failed on sql 'SELECT sentiment.* FROM  sentiment_fts fts LEFT JOIN sentiment ON fts.rowid = sentiment.id WHERE fts.sentiment_fts MATCH ? ORDER BY fts.rowid DESC LIMIT 1000': no such table: sentiment_fts
Execution failed on sql 'SELECT sentiment.* FROM  sentiment_fts fts LEFT JOIN sentiment ON fts.rowid = sentiment.id WHERE fts.sentiment_fts MATCH ? ORDER BY fts.rowid DESC LIMIT 1000': no such table: sentiment_fts
Execution failed on sql 'SELECT sentiment.* FROM  sentiment_fts fts LEFT JOIN sentiment ON fts.rowid = sentiment.id WHERE fts.sentiment_fts MATCH ? ORDER BY fts.rowid DESC LIMIT 1000': no such table: sentiment_fts
Execution failed on sql 'SELECT sentiment.* FROM  sentiment_fts fts LEFT JOIN sentiment ON fts.rowid = sentiment.id WHERE fts.sentiment_fts MATCH ? ORDER BY fts.rowid DESC LIMIT 1000': no such table: sentiment_fts
Execution failed on sql 'SELECT sentiment.* FROM  sentiment_fts fts LEFT JOIN sentiment ON fts.rowid = sentiment.id WHERE fts.sentiment_fts MATCH ? ORDER BY fts.rowid DESC LIMIT 1000': no such table: sentiment_fts
Execution failed on sql 'SELECT sentiment.* FROM  sentiment_fts fts LEFT JOIN sentiment ON fts.rowid = sentiment.id WHERE fts.sentiment_fts MATCH ? ORDER BY fts.rowid DESC LIMIT 1000': no such table: sentiment_fts
Execution failed on sql 'SELECT sentiment.* FROM  sentiment_fts fts LEFT JOIN sentiment ON fts.rowid = sentiment.id WHERE fts.sentiment_fts MATCH ? ORDER BY fts.rowid DESC LIMIT 1000': no such table: sentiment_fts
Execution failed on sql 'SELECT sentiment.* FROM  sentiment_fts fts LEFT JOIN sentiment ON fts.rowid = sentiment.id WHERE fts.sentiment_fts MATCH ? ORDER BY fts.rowid DESC LIMIT 1000': no such table: sentiment_fts
Execution failed on sql 'SELECT sentiment.* FROM  sentiment_fts fts LEFT JOIN sentiment ON fts.rowid = sentiment.id WHERE fts.sentiment_fts MATCH ? ORDER BY fts.rowid DESC LIMIT 1000': no such table: sentiment_fts
Execution failed on sql 'SELECT sentiment.* FROM  sentiment_fts fts LEFT JOIN sentiment ON fts.rowid = sentiment.id WHERE fts.sentiment_fts MATCH ? ORDER BY fts.rowid DESC LIMIT 1000': no such table: sentiment_fts
Execution failed on sql 'SELECT sentiment.* FROM  sentiment_fts fts LEFT JOIN sentiment ON fts.rowid = sentiment.id WHERE fts.sentiment_fts MATCH ? ORDER BY fts.rowid DESC LIMIT 1000': no such table: sentiment_fts
Execution failed on sql 'SELECT sentiment.* FROM  sentiment_fts fts LEFT JOIN sentiment ON fts.rowid = sentiment.id WHERE fts.sentiment_fts MATCH ? ORDER BY fts.rowid DESC LIMIT 1000': no such table: sentiment_fts
Execution failed on sql 'SELECT sentiment.* FROM  sentiment_fts fts LEFT JOIN sentiment ON fts.rowid = sentiment.id WHERE fts.sentiment_fts MATCH ? ORDER BY fts.rowid DESC LIMIT 1000': no such table: sentiment_fts
Execution failed on sql 'SELECT sentiment.* FROM  sentiment_fts fts LEFT JOIN sentiment ON fts.rowid = sentiment.id WHERE fts.sentiment_fts MATCH ? ORDER BY fts.rowid DESC LIMIT 1000': no such table: sentiment_fts
Execution failed on sql 'SELECT sentiment.* FROM  sentiment_fts fts LEFT JOIN sentiment ON fts.rowid = sentiment.id WHERE fts.sentiment_fts MATCH ? ORDER BY fts.rowid DESC LIMIT 1000': no such table: sentiment_fts
Execution failed on sql 'SELECT sentiment.* FROM  sentiment_fts fts LEFT JOIN sentiment ON fts.rowid = sentiment.id WHERE fts.sentiment_fts MATCH ? ORDER BY fts.rowid DESC LIMIT 1000': no such table: sentiment_fts
Execution failed on sql 'SELECT sentiment.* FROM  sentiment_fts fts LEFT JOIN sentiment ON fts.rowid = sentiment.id WHERE fts.sentiment_fts MATCH ? ORDER BY fts.rowid DESC LIMIT 1000': no such table: sentiment_fts
Execution failed on sql 'SELECT sentiment.* FROM  sentiment_fts fts LEFT JOIN sentiment ON fts.rowid = sentiment.id WHERE fts.sentiment_fts MATCH ? ORDER BY fts.rowid DESC LIMIT 1000': no such table: sentiment_fts
Execution failed on sql 'SELECT sentiment.* FROM  sentiment_fts fts LEFT JOIN sentiment ON fts.rowid = sentiment.id WHERE fts.sentiment_fts MATCH ? ORDER BY fts.rowid DESC LIMIT 1000': no such table: sentiment_fts
Execution failed on sql 'SELECT sentiment.* FROM  sentiment_fts fts LEFT JOIN sentiment ON fts.rowid = sentiment.id WHERE fts.sentiment_fts MATCH ? ORDER BY fts.rowid DESC LIMIT 1000': no such table: sentiment_fts
Execution failed on sql 'SELECT sentiment.* FROM  sentiment_fts fts LEFT JOIN sentiment ON fts.rowid = sentiment.id WHERE fts.sentiment_fts MATCH ? ORDER BY fts.rowid DESC LIMIT 1000': no such table: sentiment_fts
Execution failed on sql 'SELECT sentiment.* FROM  sentiment_fts fts LEFT JOIN sentiment ON fts.rowid = sentiment.id WHERE fts.sentiment_fts MATCH ? ORDER BY fts.rowid DESC LIMIT 1000': no such table: sentiment_fts
Execution failed on sql 'SELECT sentiment.* FROM  sentiment_fts fts LEFT JOIN sentiment ON fts.rowid = sentiment.id WHERE fts.sentiment_fts MATCH ? ORDER BY fts.rowid DESC LIMIT 1000': no such table: sentiment_fts
Execution failed on sql 'SELECT sentiment.* FROM  sentiment_fts fts LEFT JOIN sentiment ON fts.rowid = sentiment.id WHERE fts.sentiment_fts MATCH ? ORDER BY fts.rowid DESC LIMIT 1000': no such table: sentiment_fts
Execution failed on sql 'SELECT sentiment.* FROM  sentiment_fts fts LEFT JOIN sentiment ON fts.rowid = sentiment.id WHERE fts.sentiment_fts MATCH ? ORDER BY fts.rowid DESC LIMIT 1000': no such table: sentiment_fts
Execution failed on sql 'SELECT sentiment.* FROM  sentiment_fts fts LEFT JOIN sentiment ON fts.rowid = sentiment.id WHERE fts.sentiment_fts MATCH ? ORDER BY fts.rowid DESC LIMIT 1000': no such table: sentiment_fts
Execution failed on sql 'SELECT sentiment.* FROM  sentiment_fts fts LEFT JOIN sentiment ON fts.rowid = sentiment.id WHERE fts.sentiment_fts MATCH ? ORDER BY fts.rowid DESC LIMIT 1000': no such table: sentiment_fts
Execution failed on sql 'SELECT sentiment.* FROM  sentiment_fts fts LEFT JOIN sentiment ON fts.rowid = sentiment.id WHERE fts.sentiment_fts MATCH ? ORDER BY fts.rowid DESC LIMIT 1000': no such table: sentiment_fts
Execution failed on sql 'SELECT sentiment.* FROM  sentiment_fts fts LEFT JOIN sentiment ON fts.rowid = sentiment.id WHERE fts.sentiment_fts MATCH ? ORDER BY fts.rowid DESC LIMIT 1000': no such table: sentiment_fts
Execution failed on sql 'SELECT sentiment.* FROM  sentiment_fts fts LEFT JOIN sentiment ON fts.rowid = sentiment.id WHERE fts.sentiment_fts MATCH ? ORDER BY fts.rowid DESC LIMIT 1000': no such table: sentiment_fts
Execution failed on sql 'SELECT sentiment.* FROM  sentiment_fts fts LEFT JOIN sentiment ON fts.rowid = sentiment.id WHERE fts.sentiment_fts MATCH ? ORDER BY fts.rowid DESC LIMIT 1000': no such table: sentiment_fts
Execution failed on sql 'SELECT sentiment.* FROM  sentiment_fts fts LEFT JOIN sentiment ON fts.rowid = sentiment.id WHERE fts.sentiment_fts MATCH ? ORDER BY fts.rowid DESC LIMIT 1000': no such table: sentiment_fts
Execution failed on sql 'SELECT sentiment.* FROM  sentiment_fts fts LEFT JOIN sentiment ON fts.rowid = sentiment.id WHERE fts.sentiment_fts MATCH ? ORDER BY fts.rowid DESC LIMIT 1000': no such table: sentiment_fts
Execution failed on sql 'SELECT sentiment.* FROM  sentiment_fts fts LEFT JOIN sentiment ON fts.rowid = sentiment.id WHERE fts.sentiment_fts MATCH ? ORDER BY fts.rowid DESC LIMIT 1000': no such table: sentiment_fts
Execution failed on sql 'SELECT sentiment.* FROM  sentiment_fts fts LEFT JOIN sentiment ON fts.rowid = sentiment.id WHERE fts.sentiment_fts MATCH ? ORDER BY fts.rowid DESC LIMIT 1000': no such table: sentiment_fts
Execution failed on sql 'SELECT sentiment.* FROM  sentiment_fts fts LEFT JOIN sentiment ON fts.rowid = sentiment.id WHERE fts.sentiment_fts MATCH ? ORDER BY fts.rowid DESC LIMIT 1000': no such table: sentiment_fts
Execution failed on sql 'SELECT sentiment.* FROM  sentiment_fts fts LEFT JOIN sentiment ON fts.rowid = sentiment.id WHERE fts.sentiment_fts MATCH ? ORDER BY fts.rowid DESC LIMIT 1000': no such table: sentiment_fts
Execution failed on sql 'SELECT sentiment.* FROM  sentiment_fts fts LEFT JOIN sentiment ON fts.rowid = sentiment.id WHERE fts.sentiment_fts MATCH ? ORDER BY fts.rowid DESC LIMIT 1000': no such table: sentiment_fts
Execution failed on sql 'SELECT sentiment.* FROM  sentiment_fts fts LEFT JOIN sentiment ON fts.rowid = sentiment.id WHERE fts.sentiment_fts MATCH ? ORDER BY fts.rowid DESC LIMIT 1000': no such table: sentiment_fts
Execution failed on sql 'SELECT sentiment.* FROM  sentiment_fts fts LEFT JOIN sentiment ON fts.rowid = sentiment.id WHERE fts.sentiment_fts MATCH ? ORDER BY fts.rowid DESC LIMIT 1000': no such table: sentiment_fts
Execution failed on sql 'SELECT sentiment.* FROM  sentiment_fts fts LEFT JOIN sentiment ON fts.rowid = sentiment.id WHERE fts.sentiment_fts MATCH ? ORDER BY fts.rowid DESC LIMIT 1000': no such table: sentiment_fts
Execution failed on sql 'SELECT sentiment.* FROM  sentiment_fts fts LEFT JOIN sentiment ON fts.rowid = sentiment.id WHERE fts.sentiment_fts MATCH ? ORDER BY fts.rowid DESC LIMIT 1000': no such table: sentiment_fts
Execution failed on sql 'SELECT sentiment.* FROM  sentiment_fts fts LEFT JOIN sentiment ON fts.rowid = sentiment.id WHERE fts.sentiment_fts MATCH ? ORDER BY fts.rowid DESC LIMIT 1000': no such table: sentiment_fts
Execution failed on sql 'SELECT sentiment.* FROM  sentiment_fts fts LEFT JOIN sentiment ON fts.rowid = sentiment.id WHERE fts.sentiment_fts MATCH ? ORDER BY fts.rowid DESC LIMIT 1000': no such table: sentiment_fts
Execution failed on sql 'SELECT sentiment.* FROM  sentiment_fts fts LEFT JOIN sentiment ON fts.rowid = sentiment.id WHERE fts.sentiment_fts MATCH ? ORDER BY fts.rowid DESC LIMIT 1000': no such table: sentiment_fts
Execution failed on sql 'SELECT sentiment.* FROM  sentiment_fts fts LEFT JOIN sentiment ON fts.rowid = sentiment.id WHERE fts.sentiment_fts MATCH ? ORDER BY fts.rowid DESC LIMIT 1000': no such table: sentiment_fts
Execution failed on sql 'SELECT sentiment.* FROM  sentiment_fts fts LEFT JOIN sentiment ON fts.rowid = sentiment.id WHERE fts.sentiment_fts MATCH ? ORDER BY fts.rowid DESC LIMIT 1000': no such table: sentiment_fts
Execution failed on sql 'SELECT sentiment.* FROM  sentiment_fts fts LEFT JOIN sentiment ON fts.rowid = sentiment.id WHERE fts.sentiment_fts MATCH ? ORDER BY fts.rowid DESC LIMIT 1000': no such table: sentiment_fts
Execution failed on sql 'SELECT sentiment.* FROM  sentiment_fts fts LEFT JOIN sentiment ON fts.rowid = sentiment.id WHERE fts.sentiment_fts MATCH ? ORDER BY fts.rowid DESC LIMIT 1000': no such table: sentiment_fts
Execution failed on sql 'SELECT sentiment.* FROM  sentiment_fts fts LEFT JOIN sentiment ON fts.rowid = sentiment.id WHERE fts.sentiment_fts MATCH ? ORDER BY fts.rowid DESC LIMIT 1000': no such table: sentiment_fts
Execution failed on sql 'SELECT sentiment.* FROM  sentiment_fts fts LEFT JOIN sentiment ON fts.rowid = sentiment.id WHERE fts.sentiment_fts MATCH ? ORDER BY fts.rowid DESC LIMIT 1000': no such table: sentiment_fts
Execution failed on sql 'SELECT sentiment.* FROM  sentiment_fts fts LEFT JOIN sentiment ON fts.rowid = sentiment.id WHERE fts.sentiment_fts MATCH ? ORDER BY fts.rowid DESC LIMIT 1000': no such table: sentiment_fts
Execution failed on sql 'SELECT sentiment.* FROM  sentiment_fts fts LEFT JOIN sentiment ON fts.rowid = sentiment.id WHERE fts.sentiment_fts MATCH ? ORDER BY fts.rowid DESC LIMIT 1000': no such table: sentiment_fts
Execution failed on sql 'SELECT sentiment.* FROM  sentiment_fts fts LEFT JOIN sentiment ON fts.rowid = sentiment.id WHERE fts.sentiment_fts MATCH ? ORDER BY fts.rowid DESC LIMIT 1000': no such table: sentiment_fts
Execution failed on sql 'SELECT sentiment.* FROM  sentiment_fts fts LEFT JOIN sentiment ON fts.rowid = sentiment.id WHERE fts.sentiment_fts MATCH ? ORDER BY fts.rowid DESC LIMIT 1000': no such table: sentiment_fts
Execution failed on sql 'SELECT sentiment.* FROM  sentiment_fts fts LEFT JOIN sentiment ON fts.rowid = sentiment.id WHERE fts.sentiment_fts MATCH ? ORDER BY fts.rowid DESC LIMIT 1000': no such table: sentiment_fts
Execution failed on sql 'SELECT sentiment.* FROM  sentiment_fts fts LEFT JOIN sentiment ON fts.rowid = sentiment.id WHERE fts.sentiment_fts MATCH ? ORDER BY fts.rowid DESC LIMIT 1000': no such table: sentiment_fts
Execution failed on sql 'SELECT sentiment.* FROM  sentiment_fts fts LEFT JOIN sentiment ON fts.rowid = sentiment.id WHERE fts.sentiment_fts MATCH ? ORDER BY fts.rowid DESC LIMIT 1000': no such table: sentiment_fts
Execution failed on sql 'SELECT sentiment.* FROM  sentiment_fts fts LEFT JOIN sentiment ON fts.rowid = sentiment.id WHERE fts.sentiment_fts MATCH ? ORDER BY fts.rowid DESC LIMIT 1000': no such table: sentiment_fts
Execution failed on sql 'SELECT sentiment.* FROM  sentiment_fts fts LEFT JOIN sentiment ON fts.rowid = sentiment.id WHERE fts.sentiment_fts MATCH ? ORDER BY fts.rowid DESC LIMIT 1000': no such table: sentiment_fts
Execution failed on sql 'SELECT sentiment.* FROM  sentiment_fts fts LEFT JOIN sentiment ON fts.rowid = sentiment.id WHERE fts.sentiment_fts MATCH ? ORDER BY fts.rowid DESC LIMIT 1000': no such table: sentiment_fts
Execution failed on sql 'SELECT sentiment.* FROM  sentiment_fts fts LEFT JOIN sentiment ON fts.rowid = sentiment.id WHERE fts.sentiment_fts MATCH ? ORDER BY fts.rowid DESC LIMIT 1000': no such table: sentiment_fts
Execution failed on sql 'SELECT sentiment.* FROM  sentiment_fts fts LEFT JOIN sentiment ON fts.rowid = sentiment.id WHERE fts.sentiment_fts MATCH ? ORDER BY fts.rowid DESC LIMIT 1000': no such table: sentiment_fts
Execution failed on sql 'SELECT sentiment.* FROM  sentiment_fts fts LEFT JOIN sentiment ON fts.rowid = sentiment.id WHERE fts.sentiment_fts MATCH ? ORDER BY fts.rowid DESC LIMIT 1000': no such table: sentiment_fts
Execution failed on sql 'SELECT sentiment.* FROM  sentiment_fts fts LEFT JOIN sentiment ON fts.rowid = sentiment.id WHERE fts.sentiment_fts MATCH ? ORDER BY fts.rowid DESC LIMIT 1000': no such table: sentiment_fts
Execution failed on sql 'SELECT sentiment.* FROM  sentiment_fts fts LEFT JOIN sentiment ON fts.rowid = sentiment.id WHERE fts.sentiment_fts MATCH ? ORDER BY fts.rowid DESC LIMIT 1000': no such table: sentiment_fts
Execution failed on sql 'SELECT sentiment.* FROM  sentiment_fts fts LEFT JOIN sentiment ON fts.rowid = sentiment.id WHERE fts.sentiment_fts MATCH ? ORDER BY fts.rowid DESC LIMIT 1000': no such table: sentiment_fts
Execution failed on sql 'SELECT sentiment.* FROM  sentiment_fts fts LEFT JOIN sentiment ON fts.rowid = sentiment.id WHERE fts.sentiment_fts MATCH ? ORDER BY fts.rowid DESC LIMIT 1000': no such table: sentiment_fts
Execution failed on sql 'SELECT sentiment.* FROM  sentiment_fts fts LEFT JOIN sentiment ON fts.rowid = sentiment.id WHERE fts.sentiment_fts MATCH ? ORDER BY fts.rowid DESC LIMIT 1000': no such table: sentiment_fts
Execution failed on sql 'SELECT sentiment.* FROM  sentiment_fts fts LEFT JOIN sentiment ON fts.rowid = sentiment.id WHERE fts.sentiment_fts MATCH ? ORDER BY fts.rowid DESC LIMIT 1000': no such table: sentiment_fts
Execution failed on sql 'SELECT sentiment.* FROM  sentiment_fts fts LEFT JOIN sentiment ON fts.rowid = sentiment.id WHERE fts.sentiment_fts MATCH ? ORDER BY fts.rowid DESC LIMIT 1000': no such table: sentiment_fts
Execution failed on sql 'SELECT sentiment.* FROM  sentiment_fts fts LEFT JOIN sentiment ON fts.rowid = sentiment.id WHERE fts.sentiment_fts MATCH ? ORDER BY fts.rowid DESC LIMIT 1000': no such table: sentiment_fts
Execution failed on sql 'SELECT sentiment.* FROM  sentiment_fts fts LEFT JOIN sentiment ON fts.rowid = sentiment.id WHERE fts.sentiment_fts MATCH ? ORDER BY fts.rowid DESC LIMIT 1000': no such table: sentiment_fts
Execution failed on sql 'SELECT sentiment.* FROM  sentiment_fts fts LEFT JOIN sentiment ON fts.rowid = sentiment.id WHERE fts.sentiment_fts MATCH ? ORDER BY fts.rowid DESC LIMIT 1000': no such table: sentiment_fts
Execution failed on sql 'SELECT sentiment.* FROM  sentiment_fts fts LEFT JOIN sentiment ON fts.rowid = sentiment.id WHERE fts.sentiment_fts MATCH ? ORDER BY fts.rowid DESC LIMIT 1000': no such table: sentiment_fts
Execution failed on sql 'SELECT sentiment.* FROM  sentiment_fts fts LEFT JOIN sentiment ON fts.rowid = sentiment.id WHERE fts.sentiment_fts MATCH ? ORDER BY fts.rowid DESC LIMIT 1000': no such table: sentiment_fts
Execution failed on sql 'SELECT sentiment.* FROM  sentiment_fts fts LEFT JOIN sentiment ON fts.rowid = sentiment.id WHERE fts.sentiment_fts MATCH ? ORDER BY fts.rowid DESC LIMIT 1000': no such table: sentiment_fts
Execution failed on sql 'SELECT sentiment.* FROM  sentiment_fts fts LEFT JOIN sentiment ON fts.rowid = sentiment.id WHERE fts.sentiment_fts MATCH ? ORDER BY fts.rowid DESC LIMIT 1000': no such table: sentiment_fts
Execution failed on sql 'SELECT sentiment.* FROM  sentiment_fts fts LEFT JOIN sentiment ON fts.rowid = sentiment.id WHERE fts.sentiment_fts MATCH ? ORDER BY fts.rowid DESC LIMIT 1000': no such table: sentiment_fts
Execution failed on sql 'SELECT sentiment.* FROM  sentiment_fts fts LEFT JOIN sentiment ON fts.rowid = sentiment.id WHERE fts.sentiment_fts MATCH ? ORDER BY fts.rowid DESC LIMIT 1000': no such table: sentiment_fts
Execution failed on sql 'SELECT sentiment.* FROM  sentiment_fts fts LEFT JOIN sentiment ON fts.rowid = sentiment.id WHERE fts.sentiment_fts MATCH ? ORDER BY fts.rowid DESC LIMIT 1000': no such table: sentiment_fts
Execution failed on sql 'SELECT sentiment.* FROM  sentiment_fts fts LEFT JOIN sentiment ON fts.rowid = sentiment.id WHERE fts.sentiment_fts MATCH ? ORDER BY fts.rowid DESC LIMIT 1000': no such table: sentiment_fts
Execution failed on sql 'SELECT sentiment.* FROM  sentiment_fts fts LEFT JOIN sentiment ON fts.rowid = sentiment.id WHERE fts.sentiment_fts MATCH ? ORDER BY fts.rowid DESC LIMIT 1000': no such table: sentiment_fts
Execution failed on sql 'SELECT sentiment.* FROM  sentiment_fts fts LEFT JOIN sentiment ON fts.rowid = sentiment.id WHERE fts.sentiment_fts MATCH ? ORDER BY fts.rowid DESC LIMIT 1000': no such table: sentiment_fts
Execution failed on sql 'SELECT sentiment.* FROM  sentiment_fts fts LEFT JOIN sentiment ON fts.rowid = sentiment.id WHERE fts.sentiment_fts MATCH ? ORDER BY fts.rowid DESC LIMIT 1000': no such table: sentiment_fts
Execution failed on sql 'SELECT sentiment.* FROM  sentiment_fts fts LEFT JOIN sentiment ON fts.rowid = sentiment.id WHERE fts.sentiment_fts MATCH ? ORDER BY fts.rowid DESC LIMIT 1000': no such table: sentiment_fts
Execution failed on sql 'SELECT sentiment.* FROM  sentiment_fts fts LEFT JOIN sentiment ON fts.rowid = sentiment.id WHERE fts.sentiment_fts MATCH ? ORDER BY fts.rowid DESC LIMIT 1000': no such table: sentiment_fts
Execution failed on sql 'SELECT sentiment.* FROM  sentiment_fts fts LEFT JOIN sentiment ON fts.rowid = sentiment.id WHERE fts.sentiment_fts MATCH ? ORDER BY fts.rowid DESC LIMIT 1000': no such table: sentiment_fts
Execution failed on sql 'SELECT sentiment.* FROM  sentiment_fts fts LEFT JOIN sentiment ON fts.rowid = sentiment.id WHERE fts.sentiment_fts MATCH ? ORDER BY fts.rowid DESC LIMIT 1000': no such table: sentiment_fts
min() arg is an empty sequence
Execution failed on sql 'SELECT sentiment.* FROM sentiment_fts fts LEFT JOIN sentiment ON fts.rowid = sentiment.id WHERE fts.sentiment_fts MATCH ? ORDER BY fts.rowid DESC LIMIT 1000': no such table: sentiment_fts
Execution failed on sql 'SELECT sentiment.* FROM sentiment_fts fts LEFT JOIN sentiment ON fts.rowid = sentiment.id WHERE fts.sentiment_fts MATCH ? ORDER BY fts.rowid DESC LIMIT 10000': no such table: sentiment_fts
Execution failed on sql 'SELECT sentiment.* FROM  sentiment_fts fts LEFT JOIN sentiment ON fts.rowid = sentiment.id WHERE fts.sentiment_fts MATCH ? ORDER BY fts.rowid DESC LIMIT 1000': no such table: sentiment_fts
Execution failed on sql 'SELECT sentiment.* FROM  sentiment_fts fts LEFT JOIN sentiment ON fts.rowid = sentiment.id WHERE fts.sentiment_fts MATCH ? ORDER BY fts.rowid DESC LIMIT 1000': no such table: sentiment_fts
Execution failed on sql 'SELECT sentiment.* FROM  sentiment_fts fts LEFT JOIN sentiment ON fts.rowid = sentiment.id WHERE fts.sentiment_fts MATCH ? ORDER BY fts.rowid DESC LIMIT 1000': no such table: sentiment_fts
Execution failed on sql 'SELECT sentiment.* FROM  sentiment_fts fts LEFT JOIN sentiment ON fts.rowid = sentiment.id WHERE fts.sentiment_fts MATCH ? ORDER BY fts.rowid DESC LIMIT 1000': no such table: sentiment_fts
Execution failed on sql 'SELECT sentiment.* FROM  sentiment_fts fts LEFT JOIN sentiment ON fts.rowid = sentiment.id WHERE fts.sentiment_fts MATCH ? ORDER BY fts.rowid DESC LIMIT 1000': no such table: sentiment_fts
Execution failed on sql 'SELECT sentiment.* FROM  sentiment_fts fts LEFT JOIN sentiment ON fts.rowid = sentiment.id WHERE fts.sentiment_fts MATCH ? ORDER BY fts.rowid DESC LIMIT 1000': no such table: sentiment_fts
Execution failed on sql 'SELECT sentiment.* FROM  sentiment_fts fts LEFT JOIN sentiment ON fts.rowid = sentiment.id WHERE fts.sentiment_fts MATCH ? ORDER BY fts.rowid DESC LIMIT 1000': no such table: sentiment_fts
Execution failed on sql 'SELECT sentiment.* FROM  sentiment_fts fts LEFT JOIN sentiment ON fts.rowid = sentiment.id WHERE fts.sentiment_fts MATCH ? ORDER BY fts.rowid DESC LIMIT 1000': no such table: sentiment_fts
Execution failed on sql 'SELECT sentiment.* FROM  sentiment_fts fts LEFT JOIN sentiment ON fts.rowid = sentiment.id WHERE fts.sentiment_fts MATCH ? ORDER BY fts.rowid DESC LIMIT 1000': no such table: sentiment_fts
Execution failed on sql 'SELECT sentiment.* FROM  sentiment_fts fts LEFT JOIN sentiment ON fts.rowid = sentiment.id WHERE fts.sentiment_fts MATCH ? ORDER BY fts.rowid DESC LIMIT 1000': no such table: sentiment_fts
Execution failed on sql 'SELECT sentiment.* FROM  sentiment_fts fts LEFT JOIN sentiment ON fts.rowid = sentiment.id WHERE fts.sentiment_fts MATCH ? ORDER BY fts.rowid DESC LIMIT 1000': no such table: sentiment_fts
Execution failed on sql 'SELECT sentiment.* FROM  sentiment_fts fts LEFT JOIN sentiment ON fts.rowid = sentiment.id WHERE fts.sentiment_fts MATCH ? ORDER BY fts.rowid DESC LIMIT 1000': no such table: sentiment_fts
Execution failed on sql 'SELECT sentiment.* FROM  sentiment_fts fts LEFT JOIN sentiment ON fts.rowid = sentiment.id WHERE fts.sentiment_fts MATCH ? ORDER BY fts.rowid DESC LIMIT 1000': no such table: sentiment_fts
Execution failed on sql 'SELECT sentiment.* FROM  sentiment_fts fts LEFT JOIN sentiment ON fts.rowid = sentiment.id WHERE fts.sentiment_fts MATCH ? ORDER BY fts.rowid DESC LIMIT 1000': no such table: sentiment_fts
Execution failed on sql 'SELECT sentiment.* FROM  sentiment_fts fts LEFT JOIN sentiment ON fts.rowid = sentiment.id WHERE fts.sentiment_fts MATCH ? ORDER BY fts.rowid DESC LIMIT 1000': no such table: sentiment_fts
Execution failed on sql 'SELECT sentiment.* FROM  sentiment_fts fts LEFT JOIN sentiment ON fts.rowid = sentiment.id WHERE fts.sentiment_fts MATCH ? ORDER BY fts.rowid DESC LIMIT 1000': no such table: sentiment_fts
Execution failed on sql 'SELECT sentiment.* FROM  sentiment_fts fts LEFT JOIN sentiment ON fts.rowid = sentiment.id WHERE fts.sentiment_fts MATCH ? ORDER BY fts.rowid DESC LIMIT 1000': no such table: sentiment_fts
Execution failed on sql 'SELECT sentiment.* FROM  sentiment_fts fts LEFT JOIN sentiment ON fts.rowid = sentiment.id WHERE fts.sentiment_fts MATCH ? ORDER BY fts.rowid DESC LIMIT 1000': no such table: sentiment_fts
Execution failed on sql 'SELECT sentiment.* FROM  sentiment_fts fts LEFT JOIN sentiment ON fts.rowid = sentiment.id WHERE fts.sentiment_fts MATCH ? ORDER BY fts.rowid DESC LIMIT 1000': no such table: sentiment_fts
Execution failed on sql 'SELECT sentiment.* FROM  sentiment_fts fts LEFT JOIN sentiment ON fts.rowid = sentiment.id WHERE fts.sentiment_fts MATCH ? ORDER BY fts.rowid DESC LIMIT 1000': no such table: sentiment_fts
Execution failed on sql 'SELECT sentiment.* FROM  sentiment_fts fts LEFT JOIN sentiment ON fts.rowid = sentiment.id WHERE fts.sentiment_fts MATCH ? ORDER BY fts.rowid DESC LIMIT 1000': no such table: sentiment_fts
Execution failed on sql 'SELECT sentiment.* FROM  sentiment_fts fts LEFT JOIN sentiment ON fts.rowid = sentiment.id WHERE fts.sentiment_fts MATCH ? ORDER BY fts.rowid DESC LIMIT 1000': no such table: sentiment_fts
Execution failed on sql 'SELECT sentiment.* FROM  sentiment_fts fts LEFT JOIN sentiment ON fts.rowid = sentiment.id WHERE fts.sentiment_fts MATCH ? ORDER BY fts.rowid DESC LIMIT 1000': no such table: sentiment_fts
Execution failed on sql 'SELECT sentiment.* FROM  sentiment_fts fts LEFT JOIN sentiment ON fts.rowid = sentiment.id WHERE fts.sentiment_fts MATCH ? ORDER BY fts.rowid DESC LIMIT 1000': no such table: sentiment_fts
Execution failed on sql 'SELECT sentiment.* FROM  sentiment_fts fts LEFT JOIN sentiment ON fts.rowid = sentiment.id WHERE fts.sentiment_fts MATCH ? ORDER BY fts.rowid DESC LIMIT 1000': no such table: sentiment_fts
Execution failed on sql 'SELECT sentiment.* FROM  sentiment_fts fts LEFT JOIN sentiment ON fts.rowid = sentiment.id WHERE fts.sentiment_fts MATCH ? ORDER BY fts.rowid DESC LIMIT 1000': no such table: sentiment_fts
Execution failed on sql 'SELECT sentiment.* FROM  sentiment_fts fts LEFT JOIN sentiment ON fts.rowid = sentiment.id WHERE fts.sentiment_fts MATCH ? ORDER BY fts.rowid DESC LIMIT 1000': no such table: sentiment_fts
Execution failed on sql 'SELECT sentiment.* FROM  sentiment_fts fts LEFT JOIN sentiment ON fts.rowid = sentiment.id WHERE fts.sentiment_fts MATCH ? ORDER BY fts.rowid DESC LIMIT 1000': no such table: sentiment_fts
Execution failed on sql 'SELECT sentiment.* FROM  sentiment_fts fts LEFT JOIN sentiment ON fts.rowid = sentiment.id WHERE fts.sentiment_fts MATCH ? ORDER BY fts.rowid DESC LIMIT 1000': no such table: sentiment_fts
Execution failed on sql 'SELECT sentiment.* FROM  sentiment_fts fts LEFT JOIN sentiment ON fts.rowid = sentiment.id WHERE fts.sentiment_fts MATCH ? ORDER BY fts.rowid DESC LIMIT 1000': no such table: sentiment_fts
Execution failed on sql 'SELECT sentiment.* FROM  sentiment_fts fts LEFT JOIN sentiment ON fts.rowid = sentiment.id WHERE fts.sentiment_fts MATCH ? ORDER BY fts.rowid DESC LIMIT 1000': no such table: sentiment_fts
Execution failed on sql 'SELECT sentiment.* FROM  sentiment_fts fts LEFT JOIN sentiment ON fts.rowid = sentiment.id WHERE fts.sentiment_fts MATCH ? ORDER BY fts.rowid DESC LIMIT 1000': no such table: sentiment_fts
Execution failed on sql 'SELECT sentiment.* FROM  sentiment_fts fts LEFT JOIN sentiment ON fts.rowid = sentiment.id WHERE fts.sentiment_fts MATCH ? ORDER BY fts.rowid DESC LIMIT 1000': no such table: sentiment_fts
Execution failed on sql 'SELECT sentiment.* FROM  sentiment_fts fts LEFT JOIN sentiment ON fts.rowid = sentiment.id WHERE fts.sentiment_fts MATCH ? ORDER BY fts.rowid DESC LIMIT 1000': no such table: sentiment_fts
Execution failed on sql 'SELECT sentiment.* FROM  sentiment_fts fts LEFT JOIN sentiment ON fts.rowid = sentiment.id WHERE fts.sentiment_fts MATCH ? ORDER BY fts.rowid DESC LIMIT 1000': no such table: sentiment_fts
Execution failed on sql 'SELECT sentiment.* FROM  sentiment_fts fts LEFT JOIN sentiment ON fts.rowid = sentiment.id WHERE fts.sentiment_fts MATCH ? ORDER BY fts.rowid DESC LIMIT 1000': no such table: sentiment_fts
Execution failed on sql 'SELECT sentiment.* FROM  sentiment_fts fts LEFT JOIN sentiment ON fts.rowid = sentiment.id WHERE fts.sentiment_fts MATCH ? ORDER BY fts.rowid DESC LIMIT 1000': no such table: sentiment_fts
Execution failed on sql 'SELECT sentiment.* FROM  sentiment_fts fts LEFT JOIN sentiment ON fts.rowid = sentiment.id WHERE fts.sentiment_fts MATCH ? ORDER BY fts.rowid DESC LIMIT 1000': no such table: sentiment_fts
Execution failed on sql 'SELECT sentiment.* FROM  sentiment_fts fts LEFT JOIN sentiment ON fts.rowid = sentiment.id WHERE fts.sentiment_fts MATCH ? ORDER BY fts.rowid DESC LIMIT 1000': no such table: sentiment_fts
Execution failed on sql 'SELECT sentiment.* FROM  sentiment_fts fts LEFT JOIN sentiment ON fts.rowid = sentiment.id WHERE fts.sentiment_fts MATCH ? ORDER BY fts.rowid DESC LIMIT 1000': no such table: sentiment_fts
Execution failed on sql 'SELECT sentiment.* FROM  sentiment_fts fts LEFT JOIN sentiment ON fts.rowid = sentiment.id WHERE fts.sentiment_fts MATCH ? ORDER BY fts.rowid DESC LIMIT 1000': no such table: sentiment_fts
Execution failed on sql 'SELECT sentiment.* FROM  sentiment_fts fts LEFT JOIN sentiment ON fts.rowid = sentiment.id WHERE fts.sentiment_fts MATCH ? ORDER BY fts.rowid DESC LIMIT 1000': no such table: sentiment_fts
Execution failed on sql 'SELECT sentiment.* FROM  sentiment_fts fts LEFT JOIN sentiment ON fts.rowid = sentiment.id WHERE fts.sentiment_fts MATCH ? ORDER BY fts.rowid DESC LIMIT 1000': no such table: sentiment_fts
Execution failed on sql 'SELECT sentiment.* FROM  sentiment_fts fts LEFT JOIN sentiment ON fts.rowid = sentiment.id WHERE fts.sentiment_fts MATCH ? ORDER BY fts.rowid DESC LIMIT 1000': no such table: sentiment_fts
Execution failed on sql 'SELECT sentiment.* FROM  sentiment_fts fts LEFT JOIN sentiment ON fts.rowid = sentiment.id WHERE fts.sentiment_fts MATCH ? ORDER BY fts.rowid DESC LIMIT 1000': no such table: sentiment_fts
Execution failed on sql 'SELECT sentiment.* FROM  sentiment_fts fts LEFT JOIN sentiment ON fts.rowid = sentiment.id WHERE fts.sentiment_fts MATCH ? ORDER BY fts.rowid DESC LIMIT 1000': no such table: sentiment_fts
Execution failed on sql 'SELECT sentiment.* FROM  sentiment_fts fts LEFT JOIN sentiment ON fts.rowid = sentiment.id WHERE fts.sentiment_fts MATCH ? ORDER BY fts.rowid DESC LIMIT 1000': no such table: sentiment_fts
Execution failed on sql 'SELECT sentiment.* FROM  sentiment_fts fts LEFT JOIN sentiment ON fts.rowid = sentiment.id WHERE fts.sentiment_fts MATCH ? ORDER BY fts.rowid DESC LIMIT 1000': no such table: sentiment_fts
Execution failed on sql 'SELECT sentiment.* FROM  sentiment_fts fts LEFT JOIN sentiment ON fts.rowid = sentiment.id WHERE fts.sentiment_fts MATCH ? ORDER BY fts.rowid DESC LIMIT 1000': no such table: sentiment_fts
Execution failed on sql 'SELECT sentiment.* FROM  sentiment_fts fts LEFT JOIN sentiment ON fts.rowid = sentiment.id WHERE fts.sentiment_fts MATCH ? ORDER BY fts.rowid DESC LIMIT 1000': no such table: sentiment_fts
Execution failed on sql 'SELECT sentiment.* FROM  sentiment_fts fts LEFT JOIN sentiment ON fts.rowid = sentiment.id WHERE fts.sentiment_fts MATCH ? ORDER BY fts.rowid DESC LIMIT 1000': no such table: sentiment_fts
Execution failed on sql 'SELECT sentiment.* FROM  sentiment_fts fts LEFT JOIN sentiment ON fts.rowid = sentiment.id WHERE fts.sentiment_fts MATCH ? ORDER BY fts.rowid DESC LIMIT 1000': no such table: sentiment_fts
Execution failed on sql 'SELECT sentiment.* FROM  sentiment_fts fts LEFT JOIN sentiment ON fts.rowid = sentiment.id WHERE fts.sentiment_fts MATCH ? ORDER BY fts.rowid DESC LIMIT 1000': no such table: sentiment_fts
Execution failed on sql 'SELECT sentiment.* FROM  sentiment_fts fts LEFT JOIN sentiment ON fts.rowid = sentiment.id WHERE fts.sentiment_fts MATCH ? ORDER BY fts.rowid DESC LIMIT 1000': no such table: sentiment_fts
Execution failed on sql 'SELECT sentiment.* FROM  sentiment_fts fts LEFT JOIN sentiment ON fts.rowid = sentiment.id WHERE fts.sentiment_fts MATCH ? ORDER BY fts.rowid DESC LIMIT 1000': no such table: sentiment_fts
Execution failed on sql 'SELECT sentiment.* FROM  sentiment_fts fts LEFT JOIN sentiment ON fts.rowid = sentiment.id WHERE fts.sentiment_fts MATCH ? ORDER BY fts.rowid DESC LIMIT 1000': no such table: sentiment_fts
Execution failed on sql 'SELECT sentiment.* FROM  sentiment_fts fts LEFT JOIN sentiment ON fts.rowid = sentiment.id WHERE fts.sentiment_fts MATCH ? ORDER BY fts.rowid DESC LIMIT 1000': no such table: sentiment_fts
Execution failed on sql 'SELECT sentiment.* FROM  sentiment_fts fts LEFT JOIN sentiment ON fts.rowid = sentiment.id WHERE fts.sentiment_fts MATCH ? ORDER BY fts.rowid DESC LIMIT 1000': no such table: sentiment_fts
Execution failed on sql 'SELECT sentiment.* FROM  sentiment_fts fts LEFT JOIN sentiment ON fts.rowid = sentiment.id WHERE fts.sentiment_fts MATCH ? ORDER BY fts.rowid DESC LIMIT 1000': no such table: sentiment_fts
Execution failed on sql 'SELECT sentiment.* FROM  sentiment_fts fts LEFT JOIN sentiment ON fts.rowid = sentiment.id WHERE fts.sentiment_fts MATCH ? ORDER BY fts.rowid DESC LIMIT 1000': no such table: sentiment_fts
Execution failed on sql 'SELECT sentiment.* FROM  sentiment_fts fts LEFT JOIN sentiment ON fts.rowid = sentiment.id WHERE fts.sentiment_fts MATCH ? ORDER BY fts.rowid DESC LIMIT 1000': no such table: sentiment_fts
Execution failed on sql 'SELECT sentiment.* FROM  sentiment_fts fts LEFT JOIN sentiment ON fts.rowid = sentiment.id WHERE fts.sentiment_fts MATCH ? ORDER BY fts.rowid DESC LIMIT 1000': no such table: sentiment_fts
Execution failed on sql 'SELECT sentiment.* FROM  sentiment_fts fts LEFT JOIN sentiment ON fts.rowid = sentiment.id WHERE fts.sentiment_fts MATCH ? ORDER BY fts.rowid DESC LIMIT 1000': no such table: sentiment_fts
Execution failed on sql 'SELECT sentiment.* FROM  sentiment_fts fts LEFT JOIN sentiment ON fts.rowid = sentiment.id WHERE fts.sentiment_fts MATCH ? ORDER BY fts.rowid DESC LIMIT 1000': no such table: sentiment_fts
Execution failed on sql 'SELECT sentiment.* FROM  sentiment_fts fts LEFT JOIN sentiment ON fts.rowid = sentiment.id WHERE fts.sentiment_fts MATCH ? ORDER BY fts.rowid DESC LIMIT 1000': no such table: sentiment_fts
Execution failed on sql 'SELECT sentiment.* FROM  sentiment_fts fts LEFT JOIN sentiment ON fts.rowid = sentiment.id WHERE fts.sentiment_fts MATCH ? ORDER BY fts.rowid DESC LIMIT 1000': no such table: sentiment_fts
Execution failed on sql 'SELECT sentiment.* FROM  sentiment_fts fts LEFT JOIN sentiment ON fts.rowid = sentiment.id WHERE fts.sentiment_fts MATCH ? ORDER BY fts.rowid DESC LIMIT 1000': no such table: sentiment_fts
Execution failed on sql 'SELECT sentiment.* FROM  sentiment_fts fts LEFT JOIN sentiment ON fts.rowid = sentiment.id WHERE fts.sentiment_fts MATCH ? ORDER BY fts.rowid DESC LIMIT 1000': no such table: sentiment_fts
Execution failed on sql 'SELECT sentiment.* FROM  sentiment_fts fts LEFT JOIN sentiment ON fts.rowid = sentiment.id WHERE fts.sentiment_fts MATCH ? ORDER BY fts.rowid DESC LIMIT 1000': no such table: sentiment_fts
Execution failed on sql 'SELECT sentiment.* FROM  sentiment_fts fts LEFT JOIN sentiment ON fts.rowid = sentiment.id WHERE fts.sentiment_fts MATCH ? ORDER BY fts.rowid DESC LIMIT 1000': no such table: sentiment_fts
Execution failed on sql 'SELECT sentiment.* FROM  sentiment_fts fts LEFT JOIN sentiment ON fts.rowid = sentiment.id WHERE fts.sentiment_fts MATCH ? ORDER BY fts.rowid DESC LIMIT 1000': no such table: sentiment_fts
Execution failed on sql 'SELECT sentiment.* FROM  sentiment_fts fts LEFT JOIN sentiment ON fts.rowid = sentiment.id WHERE fts.sentiment_fts MATCH ? ORDER BY fts.rowid DESC LIMIT 1000': no such table: sentiment_fts
Execution failed on sql 'SELECT sentiment.* FROM  sentiment_fts fts LEFT JOIN sentiment ON fts.rowid = sentiment.id WHERE fts.sentiment_fts MATCH ? ORDER BY fts.rowid DESC LIMIT 1000': no such table: sentiment_fts
Execution failed on sql 'SELECT sentiment.* FROM  sentiment_fts fts LEFT JOIN sentiment ON fts.rowid = sentiment.id WHERE fts.sentiment_fts MATCH ? ORDER BY fts.rowid DESC LIMIT 1000': no such table: sentiment_fts
Execution failed on sql 'SELECT sentiment.* FROM  sentiment_fts fts LEFT JOIN sentiment ON fts.rowid = sentiment.id WHERE fts.sentiment_fts MATCH ? ORDER BY fts.rowid DESC LIMIT 1000': no such table: sentiment_fts
Execution failed on sql 'SELECT sentiment.* FROM  sentiment_fts fts LEFT JOIN sentiment ON fts.rowid = sentiment.id WHERE fts.sentiment_fts MATCH ? ORDER BY fts.rowid DESC LIMIT 1000': no such table: sentiment_fts
Execution failed on sql 'SELECT sentiment.* FROM  sentiment_fts fts LEFT JOIN sentiment ON fts.rowid = sentiment.id WHERE fts.sentiment_fts MATCH ? ORDER BY fts.rowid DESC LIMIT 1000': no such table: sentiment_fts
Execution failed on sql 'SELECT sentiment.* FROM  sentiment_fts fts LEFT JOIN sentiment ON fts.rowid = sentiment.id WHERE fts.sentiment_fts MATCH ? ORDER BY fts.rowid DESC LIMIT 1000': no such table: sentiment_fts
Execution failed on sql 'SELECT sentiment.* FROM  sentiment_fts fts LEFT JOIN sentiment ON fts.rowid = sentiment.id WHERE fts.sentiment_fts MATCH ? ORDER BY fts.rowid DESC LIMIT 1000': no such table: sentiment_fts
Execution failed on sql 'SELECT sentiment.* FROM  sentiment_fts fts LEFT JOIN sentiment ON fts.rowid = sentiment.id WHERE fts.sentiment_fts MATCH ? ORDER BY fts.rowid DESC LIMIT 1000': no such table: sentiment_fts
Execution failed on sql 'SELECT sentiment.* FROM  sentiment_fts fts LEFT JOIN sentiment ON fts.rowid = sentiment.id WHERE fts.sentiment_fts MATCH ? ORDER BY fts.rowid DESC LIMIT 1000': no such table: sentiment_fts
Execution failed on sql 'SELECT sentiment.* FROM  sentiment_fts fts LEFT JOIN sentiment ON fts.rowid = sentiment.id WHERE fts.sentiment_fts MATCH ? ORDER BY fts.rowid DESC LIMIT 1000': no such table: sentiment_fts
Execution failed on sql 'SELECT sentiment.* FROM  sentiment_fts fts LEFT JOIN sentiment ON fts.rowid = sentiment.id WHERE fts.sentiment_fts MATCH ? ORDER BY fts.rowid DESC LIMIT 1000': no such table: sentiment_fts
Execution failed on sql 'SELECT sentiment.* FROM  sentiment_fts fts LEFT JOIN sentiment ON fts.rowid = sentiment.id WHERE fts.sentiment_fts MATCH ? ORDER BY fts.rowid DESC LIMIT 1000': no such table: sentiment_fts
Execution failed on sql 'SELECT sentiment.* FROM  sentiment_fts fts LEFT JOIN sentiment ON fts.rowid = sentiment.id WHERE fts.sentiment_fts MATCH ? ORDER BY fts.rowid DESC LIMIT 1000': no such table: sentiment_fts
Execution failed on sql 'SELECT sentiment.* FROM  sentiment_fts fts LEFT JOIN sentiment ON fts.rowid = sentiment.id WHERE fts.sentiment_fts MATCH ? ORDER BY fts.rowid DESC LIMIT 1000': no such table: sentiment_fts
Execution failed on sql 'SELECT sentiment.* FROM  sentiment_fts fts LEFT JOIN sentiment ON fts.rowid = sentiment.id WHERE fts.sentiment_fts MATCH ? ORDER BY fts.rowid DESC LIMIT 1000': no such table: sentiment_fts
Execution failed on sql 'SELECT sentiment.* FROM  sentiment_fts fts LEFT JOIN sentiment ON fts.rowid = sentiment.id WHERE fts.sentiment_fts MATCH ? ORDER BY fts.rowid DESC LIMIT 1000': no such table: sentiment_fts
Execution failed on sql 'SELECT sentiment.* FROM  sentiment_fts fts LEFT JOIN sentiment ON fts.rowid = sentiment.id WHERE fts.sentiment_fts MATCH ? ORDER BY fts.rowid DESC LIMIT 1000': no such table: sentiment_fts
Execution failed on sql 'SELECT sentiment.* FROM  sentiment_fts fts LEFT JOIN sentiment ON fts.rowid = sentiment.id WHERE fts.sentiment_fts MATCH ? ORDER BY fts.rowid DESC LIMIT 1000': no such table: sentiment_fts
Execution failed on sql 'SELECT sentiment.* FROM  sentiment_fts fts LEFT JOIN sentiment ON fts.rowid = sentiment.id WHERE fts.sentiment_fts MATCH ? ORDER BY fts.rowid DESC LIMIT 1000': no such table: sentiment_fts
Execution failed on sql 'SELECT sentiment.* FROM  sentiment_fts fts LEFT JOIN sentiment ON fts.rowid = sentiment.id WHERE fts.sentiment_fts MATCH ? ORDER BY fts.rowid DESC LIMIT 1000': no such table: sentiment_fts
Execution failed on sql 'SELECT sentiment.* FROM  sentiment_fts fts LEFT JOIN sentiment ON fts.rowid = sentiment.id WHERE fts.sentiment_fts MATCH ? ORDER BY fts.rowid DESC LIMIT 1000': no such table: sentiment_fts
Execution failed on sql 'SELECT sentiment.* FROM  sentiment_fts fts LEFT JOIN sentiment ON fts.rowid = sentiment.id WHERE fts.sentiment_fts MATCH ? ORDER BY fts.rowid DESC LIMIT 1000': no such table: sentiment_fts
Execution failed on sql 'SELECT sentiment.* FROM  sentiment_fts fts LEFT JOIN sentiment ON fts.rowid = sentiment.id WHERE fts.sentiment_fts MATCH ? ORDER BY fts.rowid DESC LIMIT 1000': no such table: sentiment_fts
Execution failed on sql 'SELECT sentiment.* FROM  sentiment_fts fts LEFT JOIN sentiment ON fts.rowid = sentiment.id WHERE fts.sentiment_fts MATCH ? ORDER BY fts.rowid DESC LIMIT 1000': no such table: sentiment_fts
Execution failed on sql 'SELECT sentiment.* FROM  sentiment_fts fts LEFT JOIN sentiment ON fts.rowid = sentiment.id WHERE fts.sentiment_fts MATCH ? ORDER BY fts.rowid DESC LIMIT 1000': no such table: sentiment_fts
Execution failed on sql 'SELECT sentiment.* FROM  sentiment_fts fts LEFT JOIN sentiment ON fts.rowid = sentiment.id WHERE fts.sentiment_fts MATCH ? ORDER BY fts.rowid DESC LIMIT 1000': no such table: sentiment_fts
Execution failed on sql 'SELECT sentiment.* FROM  sentiment_fts fts LEFT JOIN sentiment ON fts.rowid = sentiment.id WHERE fts.sentiment_fts MATCH ? ORDER BY fts.rowid DESC LIMIT 1000': no such table: sentiment_fts
Execution failed on sql 'SELECT sentiment.* FROM  sentiment_fts fts LEFT JOIN sentiment ON fts.rowid = sentiment.id WHERE fts.sentiment_fts MATCH ? ORDER BY fts.rowid DESC LIMIT 1000': no such table: sentiment_fts
Execution failed on sql 'SELECT sentiment.* FROM  sentiment_fts fts LEFT JOIN sentiment ON fts.rowid = sentiment.id WHERE fts.sentiment_fts MATCH ? ORDER BY fts.rowid DESC LIMIT 1000': no such table: sentiment_fts
Execution failed on sql 'SELECT sentiment.* FROM  sentiment_fts fts LEFT JOIN sentiment ON fts.rowid = sentiment.id WHERE fts.sentiment_fts MATCH ? ORDER BY fts.rowid DESC LIMIT 1000': no such table: sentiment_fts
Execution failed on sql 'SELECT sentiment.* FROM  sentiment_fts fts LEFT JOIN sentiment ON fts.rowid = sentiment.id WHERE fts.sentiment_fts MATCH ? ORDER BY fts.rowid DESC LIMIT 1000': no such table: sentiment_fts
Execution failed on sql 'SELECT sentiment.* FROM  sentiment_fts fts LEFT JOIN sentiment ON fts.rowid = sentiment.id WHERE fts.sentiment_fts MATCH ? ORDER BY fts.rowid DESC LIMIT 1000': no such table: sentiment_fts
Execution failed on sql 'SELECT sentiment.* FROM  sentiment_fts fts LEFT JOIN sentiment ON fts.rowid = sentiment.id WHERE fts.sentiment_fts MATCH ? ORDER BY fts.rowid DESC LIMIT 1000': no such table: sentiment_fts
Execution failed on sql 'SELECT sentiment.* FROM  sentiment_fts fts LEFT JOIN sentiment ON fts.rowid = sentiment.id WHERE fts.sentiment_fts MATCH ? ORDER BY fts.rowid DESC LIMIT 1000': no such table: sentiment_fts
Execution failed on sql 'SELECT sentiment.* FROM  sentiment_fts fts LEFT JOIN sentiment ON fts.rowid = sentiment.id WHERE fts.sentiment_fts MATCH ? ORDER BY fts.rowid DESC LIMIT 1000': no such table: sentiment_fts
Execution failed on sql 'SELECT sentiment.* FROM  sentiment_fts fts LEFT JOIN sentiment ON fts.rowid = sentiment.id WHERE fts.sentiment_fts MATCH ? ORDER BY fts.rowid DESC LIMIT 1000': no such table: sentiment_fts
Execution failed on sql 'SELECT sentiment.* FROM  sentiment_fts fts LEFT JOIN sentiment ON fts.rowid = sentiment.id WHERE fts.sentiment_fts MATCH ? ORDER BY fts.rowid DESC LIMIT 1000': no such table: sentiment_fts
Execution failed on sql 'SELECT sentiment.* FROM  sentiment_fts fts LEFT JOIN sentiment ON fts.rowid = sentiment.id WHERE fts.sentiment_fts MATCH ? ORDER BY fts.rowid DESC LIMIT 1000': no such table: sentiment_fts
Execution failed on sql 'SELECT sentiment.* FROM  sentiment_fts fts LEFT JOIN sentiment ON fts.rowid = sentiment.id WHERE fts.sentiment_fts MATCH ? ORDER BY fts.rowid DESC LIMIT 1000': no such table: sentiment_fts
Execution failed on sql 'SELECT sentiment.* FROM  sentiment_fts fts LEFT JOIN sentiment ON fts.rowid = sentiment.id WHERE fts.sentiment_fts MATCH ? ORDER BY fts.rowid DESC LIMIT 1000': no such table: sentiment_fts
Execution failed on sql 'SELECT sentiment.* FROM  sentiment_fts fts LEFT JOIN sentiment ON fts.rowid = sentiment.id WHERE fts.sentiment_fts MATCH ? ORDER BY fts.rowid DESC LIMIT 1000': no such table: sentiment_fts
Execution failed on sql 'SELECT sentiment.* FROM  sentiment_fts fts LEFT JOIN sentiment ON fts.rowid = sentiment.id WHERE fts.sentiment_fts MATCH ? ORDER BY fts.rowid DESC LIMIT 1000': no such table: sentiment_fts
Execution failed on sql 'SELECT sentiment.* FROM  sentiment_fts fts LEFT JOIN sentiment ON fts.rowid = sentiment.id WHERE fts.sentiment_fts MATCH ? ORDER BY fts.rowid DESC LIMIT 1000': no such table: sentiment_fts
Execution failed on sql 'SELECT sentiment.* FROM  sentiment_fts fts LEFT JOIN sentiment ON fts.rowid = sentiment.id WHERE fts.sentiment_fts MATCH ? ORDER BY fts.rowid DESC LIMIT 1000': no such table: sentiment_fts
Execution failed on sql 'SELECT sentiment.* FROM  sentiment_fts fts LEFT JOIN sentiment ON fts.rowid = sentiment.id WHERE fts.sentiment_fts MATCH ? ORDER BY fts.rowid DESC LIMIT 1000': no such table: sentiment_fts
Execution failed on sql 'SELECT sentiment.* FROM  sentiment_fts fts LEFT JOIN sentiment ON fts.rowid = sentiment.id WHERE fts.sentiment_fts MATCH ? ORDER BY fts.rowid DESC LIMIT 1000': no such table: sentiment_fts
Execution failed on sql 'SELECT sentiment.* FROM  sentiment_fts fts LEFT JOIN sentiment ON fts.rowid = sentiment.id WHERE fts.sentiment_fts MATCH ? ORDER BY fts.rowid DESC LIMIT 1000': no such table: sentiment_fts
Execution failed on sql 'SELECT sentiment.* FROM  sentiment_fts fts LEFT JOIN sentiment ON fts.rowid = sentiment.id WHERE fts.sentiment_fts MATCH ? ORDER BY fts.rowid DESC LIMIT 1000': no such table: sentiment_fts
Execution failed on sql 'SELECT sentiment.* FROM  sentiment_fts fts LEFT JOIN sentiment ON fts.rowid = sentiment.id WHERE fts.sentiment_fts MATCH ? ORDER BY fts.rowid DESC LIMIT 1000': no such table: sentiment_fts
Execution failed on sql 'SELECT sentiment.* FROM  sentiment_fts fts LEFT JOIN sentiment ON fts.rowid = sentiment.id WHERE fts.sentiment_fts MATCH ? ORDER BY fts.rowid DESC LIMIT 1000': no such table: sentiment_fts
Execution failed on sql 'SELECT sentiment.* FROM  sentiment_fts fts LEFT JOIN sentiment ON fts.rowid = sentiment.id WHERE fts.sentiment_fts MATCH ? ORDER BY fts.rowid DESC LIMIT 1000': no such table: sentiment_fts
Execution failed on sql 'SELECT sentiment.* FROM  sentiment_fts fts LEFT JOIN sentiment ON fts.rowid = sentiment.id WHERE fts.sentiment_fts MATCH ? ORDER BY fts.rowid DESC LIMIT 1000': no such table: sentiment_fts
Execution failed on sql 'SELECT sentiment.* FROM  sentiment_fts fts LEFT JOIN sentiment ON fts.rowid = sentiment.id WHERE fts.sentiment_fts MATCH ? ORDER BY fts.rowid DESC LIMIT 1000': no such table: sentiment_fts
Execution failed on sql 'SELECT sentiment.* FROM  sentiment_fts fts LEFT JOIN sentiment ON fts.rowid = sentiment.id WHERE fts.sentiment_fts MATCH ? ORDER BY fts.rowid DESC LIMIT 1000': no such table: sentiment_fts
Execution failed on sql 'SELECT sentiment.* FROM  sentiment_fts fts LEFT JOIN sentiment ON fts.rowid = sentiment.id WHERE fts.sentiment_fts MATCH ? ORDER BY fts.rowid DESC LIMIT 1000': no such table: sentiment_fts
Execution failed on sql 'SELECT sentiment.* FROM  sentiment_fts fts LEFT JOIN sentiment ON fts.rowid = sentiment.id WHERE fts.sentiment_fts MATCH ? ORDER BY fts.rowid DESC LIMIT 1000': no such table: sentiment_fts
Execution failed on sql 'SELECT sentiment.* FROM  sentiment_fts fts LEFT JOIN sentiment ON fts.rowid = sentiment.id WHERE fts.sentiment_fts MATCH ? ORDER BY fts.rowid DESC LIMIT 1000': no such table: sentiment_fts
Execution failed on sql 'SELECT sentiment.* FROM  sentiment_fts fts LEFT JOIN sentiment ON fts.rowid = sentiment.id WHERE fts.sentiment_fts MATCH ? ORDER BY fts.rowid DESC LIMIT 1000': no such table: sentiment_fts
Execution failed on sql 'SELECT sentiment.* FROM  sentiment_fts fts LEFT JOIN sentiment ON fts.rowid = sentiment.id WHERE fts.sentiment_fts MATCH ? ORDER BY fts.rowid DESC LIMIT 1000': no such table: sentiment_fts
Execution failed on sql 'SELECT sentiment.* FROM  sentiment_fts fts LEFT JOIN sentiment ON fts.rowid = sentiment.id WHERE fts.sentiment_fts MATCH ? ORDER BY fts.rowid DESC LIMIT 1000': no such table: sentiment_fts
Execution failed on sql 'SELECT sentiment.* FROM  sentiment_fts fts LEFT JOIN sentiment ON fts.rowid = sentiment.id WHERE fts.sentiment_fts MATCH ? ORDER BY fts.rowid DESC LIMIT 1000': no such table: sentiment_fts
Execution failed on sql 'SELECT sentiment.* FROM  sentiment_fts fts LEFT JOIN sentiment ON fts.rowid = sentiment.id WHERE fts.sentiment_fts MATCH ? ORDER BY fts.rowid DESC LIMIT 1000': no such table: sentiment_fts
Execution failed on sql 'SELECT sentiment.* FROM  sentiment_fts fts LEFT JOIN sentiment ON fts.rowid = sentiment.id WHERE fts.sentiment_fts MATCH ? ORDER BY fts.rowid DESC LIMIT 1000': no such table: sentiment_fts
Execution failed on sql 'SELECT sentiment.* FROM  sentiment_fts fts LEFT JOIN sentiment ON fts.rowid = sentiment.id WHERE fts.sentiment_fts MATCH ? ORDER BY fts.rowid DESC LIMIT 1000': no such table: sentiment_fts
Execution failed on sql 'SELECT sentiment.* FROM  sentiment_fts fts LEFT JOIN sentiment ON fts.rowid = sentiment.id WHERE fts.sentiment_fts MATCH ? ORDER BY fts.rowid DESC LIMIT 1000': no such table: sentiment_fts
Execution failed on sql 'SELECT sentiment.* FROM  sentiment_fts fts LEFT JOIN sentiment ON fts.rowid = sentiment.id WHERE fts.sentiment_fts MATCH ? ORDER BY fts.rowid DESC LIMIT 1000': no such table: sentiment_fts
Execution failed on sql 'SELECT sentiment.* FROM  sentiment_fts fts LEFT JOIN sentiment ON fts.rowid = sentiment.id WHERE fts.sentiment_fts MATCH ? ORDER BY fts.rowid DESC LIMIT 1000': no such table: sentiment_fts
Execution failed on sql 'SELECT sentiment.* FROM  sentiment_fts fts LEFT JOIN sentiment ON fts.rowid = sentiment.id WHERE fts.sentiment_fts MATCH ? ORDER BY fts.rowid DESC LIMIT 1000': no such table: sentiment_fts
Execution failed on sql 'SELECT sentiment.* FROM  sentiment_fts fts LEFT JOIN sentiment ON fts.rowid = sentiment.id WHERE fts.sentiment_fts MATCH ? ORDER BY fts.rowid DESC LIMIT 1000': no such table: sentiment_fts
Execution failed on sql 'SELECT sentiment.* FROM  sentiment_fts fts LEFT JOIN sentiment ON fts.rowid = sentiment.id WHERE fts.sentiment_fts MATCH ? ORDER BY fts.rowid DESC LIMIT 1000': no such table: sentiment_fts
Execution failed on sql 'SELECT sentiment.* FROM  sentiment_fts fts LEFT JOIN sentiment ON fts.rowid = sentiment.id WHERE fts.sentiment_fts MATCH ? ORDER BY fts.rowid DESC LIMIT 1000': no such table: sentiment_fts
Execution failed on sql 'SELECT sentiment.* FROM  sentiment_fts fts LEFT JOIN sentiment ON fts.rowid = sentiment.id WHERE fts.sentiment_fts MATCH ? ORDER BY fts.rowid DESC LIMIT 1000': no such table: sentiment_fts
Execution failed on sql 'SELECT sentiment.* FROM  sentiment_fts fts LEFT JOIN sentiment ON fts.rowid = sentiment.id WHERE fts.sentiment_fts MATCH ? ORDER BY fts.rowid DESC LIMIT 1000': no such table: sentiment_fts
Execution failed on sql 'SELECT sentiment.* FROM  sentiment_fts fts LEFT JOIN sentiment ON fts.rowid = sentiment.id WHERE fts.sentiment_fts MATCH ? ORDER BY fts.rowid DESC LIMIT 1000': no such table: sentiment_fts
Execution failed on sql 'SELECT sentiment.* FROM  sentiment_fts fts LEFT JOIN sentiment ON fts.rowid = sentiment.id WHERE fts.sentiment_fts MATCH ? ORDER BY fts.rowid DESC LIMIT 1000': no such table: sentiment_fts
Execution failed on sql 'SELECT sentiment.* FROM  sentiment_fts fts LEFT JOIN sentiment ON fts.rowid = sentiment.id WHERE fts.sentiment_fts MATCH ? ORDER BY fts.rowid DESC LIMIT 1000': no such table: sentiment_fts
Execution failed on sql 'SELECT sentiment.* FROM  sentiment_fts fts LEFT JOIN sentiment ON fts.rowid = sentiment.id WHERE fts.sentiment_fts MATCH ? ORDER BY fts.rowid DESC LIMIT 1000': no such table: sentiment_fts
Execution failed on sql 'SELECT sentiment.* FROM  sentiment_fts fts LEFT JOIN sentiment ON fts.rowid = sentiment.id WHERE fts.sentiment_fts MATCH ? ORDER BY fts.rowid DESC LIMIT 1000': no such table: sentiment_fts
Execution failed on sql 'SELECT sentiment.* FROM  sentiment_fts fts LEFT JOIN sentiment ON fts.rowid = sentiment.id WHERE fts.sentiment_fts MATCH ? ORDER BY fts.rowid DESC LIMIT 1000': no such table: sentiment_fts
Execution failed on sql 'SELECT sentiment.* FROM  sentiment_fts fts LEFT JOIN sentiment ON fts.rowid = sentiment.id WHERE fts.sentiment_fts MATCH ? ORDER BY fts.rowid DESC LIMIT 1000': no such table: sentiment_fts
Execution failed on sql 'SELECT sentiment.* FROM  sentiment_fts fts LEFT JOIN sentiment ON fts.rowid = sentiment.id WHERE fts.sentiment_fts MATCH ? ORDER BY fts.rowid DESC LIMIT 1000': no such table: sentiment_fts
Execution failed on sql 'SELECT sentiment.* FROM  sentiment_fts fts LEFT JOIN sentiment ON fts.rowid = sentiment.id WHERE fts.sentiment_fts MATCH ? ORDER BY fts.rowid DESC LIMIT 1000': no such table: sentiment_fts
Execution failed on sql 'SELECT sentiment.* FROM  sentiment_fts fts LEFT JOIN sentiment ON fts.rowid = sentiment.id WHERE fts.sentiment_fts MATCH ? ORDER BY fts.rowid DESC LIMIT 1000': no such table: sentiment_fts
Execution failed on sql 'SELECT sentiment.* FROM  sentiment_fts fts LEFT JOIN sentiment ON fts.rowid = sentiment.id WHERE fts.sentiment_fts MATCH ? ORDER BY fts.rowid DESC LIMIT 1000': no such table: sentiment_fts
Execution failed on sql 'SELECT sentiment.* FROM  sentiment_fts fts LEFT JOIN sentiment ON fts.rowid = sentiment.id WHERE fts.sentiment_fts MATCH ? ORDER BY fts.rowid DESC LIMIT 1000': no such table: sentiment_fts
Execution failed on sql 'SELECT sentiment.* FROM  sentiment_fts fts LEFT JOIN sentiment ON fts.rowid = sentiment.id WHERE fts.sentiment_fts MATCH ? ORDER BY fts.rowid DESC LIMIT 1000': no such table: sentiment_fts
Execution failed on sql 'SELECT sentiment.* FROM  sentiment_fts fts LEFT JOIN sentiment ON fts.rowid = sentiment.id WHERE fts.sentiment_fts MATCH ? ORDER BY fts.rowid DESC LIMIT 1000': no such table: sentiment_fts
Execution failed on sql 'SELECT sentiment.* FROM  sentiment_fts fts LEFT JOIN sentiment ON fts.rowid = sentiment.id WHERE fts.sentiment_fts MATCH ? ORDER BY fts.rowid DESC LIMIT 1000': no such table: sentiment_fts
Execution failed on sql 'SELECT sentiment.* FROM  sentiment_fts fts LEFT JOIN sentiment ON fts.rowid = sentiment.id WHERE fts.sentiment_fts MATCH ? ORDER BY fts.rowid DESC LIMIT 1000': no such table: sentiment_fts
Execution failed on sql 'SELECT sentiment.* FROM  sentiment_fts fts LEFT JOIN sentiment ON fts.rowid = sentiment.id WHERE fts.sentiment_fts MATCH ? ORDER BY fts.rowid DESC LIMIT 1000': no such table: sentiment_fts
Execution failed on sql 'SELECT sentiment.* FROM  sentiment_fts fts LEFT JOIN sentiment ON fts.rowid = sentiment.id WHERE fts.sentiment_fts MATCH ? ORDER BY fts.rowid DESC LIMIT 1000': no such table: sentiment_fts
Execution failed on sql 'SELECT sentiment.* FROM  sentiment_fts fts LEFT JOIN sentiment ON fts.rowid = sentiment.id WHERE fts.sentiment_fts MATCH ? ORDER BY fts.rowid DESC LIMIT 1000': no such table: sentiment_fts
Execution failed on sql 'SELECT sentiment.* FROM  sentiment_fts fts LEFT JOIN sentiment ON fts.rowid = sentiment.id WHERE fts.sentiment_fts MATCH ? ORDER BY fts.rowid DESC LIMIT 1000': no such table: sentiment_fts
Execution failed on sql 'SELECT sentiment.* FROM  sentiment_fts fts LEFT JOIN sentiment ON fts.rowid = sentiment.id WHERE fts.sentiment_fts MATCH ? ORDER BY fts.rowid DESC LIMIT 1000': no such table: sentiment_fts
Execution failed on sql 'SELECT sentiment.* FROM  sentiment_fts fts LEFT JOIN sentiment ON fts.rowid = sentiment.id WHERE fts.sentiment_fts MATCH ? ORDER BY fts.rowid DESC LIMIT 1000': no such table: sentiment_fts
Execution failed on sql 'SELECT sentiment.* FROM  sentiment_fts fts LEFT JOIN sentiment ON fts.rowid = sentiment.id WHERE fts.sentiment_fts MATCH ? ORDER BY fts.rowid DESC LIMIT 1000': no such table: sentiment_fts
Execution failed on sql 'SELECT sentiment.* FROM  sentiment_fts fts LEFT JOIN sentiment ON fts.rowid = sentiment.id WHERE fts.sentiment_fts MATCH ? ORDER BY fts.rowid DESC LIMIT 1000': no such table: sentiment_fts
Execution failed on sql 'SELECT sentiment.* FROM  sentiment_fts fts LEFT JOIN sentiment ON fts.rowid = sentiment.id WHERE fts.sentiment_fts MATCH ? ORDER BY fts.rowid DESC LIMIT 1000': no such table: sentiment_fts
Execution failed on sql 'SELECT sentiment.* FROM  sentiment_fts fts LEFT JOIN sentiment ON fts.rowid = sentiment.id WHERE fts.sentiment_fts MATCH ? ORDER BY fts.rowid DESC LIMIT 1000': no such table: sentiment_fts
Execution failed on sql 'SELECT sentiment.* FROM  sentiment_fts fts LEFT JOIN sentiment ON fts.rowid = sentiment.id WHERE fts.sentiment_fts MATCH ? ORDER BY fts.rowid DESC LIMIT 1000': no such table: sentiment_fts
Execution failed on sql 'SELECT sentiment.* FROM  sentiment_fts fts LEFT JOIN sentiment ON fts.rowid = sentiment.id WHERE fts.sentiment_fts MATCH ? ORDER BY fts.rowid DESC LIMIT 1000': no such table: sentiment_fts
Execution failed on sql 'SELECT sentiment.* FROM  sentiment_fts fts LEFT JOIN sentiment ON fts.rowid = sentiment.id WHERE fts.sentiment_fts MATCH ? ORDER BY fts.rowid DESC LIMIT 1000': no such table: sentiment_fts
Execution failed on sql 'SELECT sentiment.* FROM  sentiment_fts fts LEFT JOIN sentiment ON fts.rowid = sentiment.id WHERE fts.sentiment_fts MATCH ? ORDER BY fts.rowid DESC LIMIT 1000': no such table: sentiment_fts
Execution failed on sql 'SELECT sentiment.* FROM  sentiment_fts fts LEFT JOIN sentiment ON fts.rowid = sentiment.id WHERE fts.sentiment_fts MATCH ? ORDER BY fts.rowid DESC LIMIT 1000': no such table: sentiment_fts
Execution failed on sql 'SELECT sentiment.* FROM  sentiment_fts fts LEFT JOIN sentiment ON fts.rowid = sentiment.id WHERE fts.sentiment_fts MATCH ? ORDER BY fts.rowid DESC LIMIT 1000': no such table: sentiment_fts
Execution failed on sql 'SELECT sentiment.* FROM  sentiment_fts fts LEFT JOIN sentiment ON fts.rowid = sentiment.id WHERE fts.sentiment_fts MATCH ? ORDER BY fts.rowid DESC LIMIT 1000': no such table: sentiment_fts
Execution failed on sql 'SELECT sentiment.* FROM  sentiment_fts fts LEFT JOIN sentiment ON fts.rowid = sentiment.id WHERE fts.sentiment_fts MATCH ? ORDER BY fts.rowid DESC LIMIT 1000': no such table: sentiment_fts
Execution failed on sql 'SELECT sentiment.* FROM  sentiment_fts fts LEFT JOIN sentiment ON fts.rowid = sentiment.id WHERE fts.sentiment_fts MATCH ? ORDER BY fts.rowid DESC LIMIT 1000': no such table: sentiment_fts
Execution failed on sql 'SELECT sentiment.* FROM  sentiment_fts fts LEFT JOIN sentiment ON fts.rowid = sentiment.id WHERE fts.sentiment_fts MATCH ? ORDER BY fts.rowid DESC LIMIT 1000': no such table: sentiment_fts
Execution failed on sql 'SELECT sentiment.* FROM  sentiment_fts fts LEFT JOIN sentiment ON fts.rowid = sentiment.id WHERE fts.sentiment_fts MATCH ? ORDER BY fts.rowid DESC LIMIT 1000': no such table: sentiment_fts
Execution failed on sql 'SELECT sentiment.* FROM  sentiment_fts fts LEFT JOIN sentiment ON fts.rowid = sentiment.id WHERE fts.sentiment_fts MATCH ? ORDER BY fts.rowid DESC LIMIT 1000': no such table: sentiment_fts
Execution failed on sql 'SELECT sentiment.* FROM  sentiment_fts fts LEFT JOIN sentiment ON fts.rowid = sentiment.id WHERE fts.sentiment_fts MATCH ? ORDER BY fts.rowid DESC LIMIT 1000': no such table: sentiment_fts
Execution failed on sql 'SELECT sentiment.* FROM  sentiment_fts fts LEFT JOIN sentiment ON fts.rowid = sentiment.id WHERE fts.sentiment_fts MATCH ? ORDER BY fts.rowid DESC LIMIT 1000': no such table: sentiment_fts
Execution failed on sql 'SELECT sentiment.* FROM  sentiment_fts fts LEFT JOIN sentiment ON fts.rowid = sentiment.id WHERE fts.sentiment_fts MATCH ? ORDER BY fts.rowid DESC LIMIT 1000': no such table: sentiment_fts
Execution failed on sql 'SELECT sentiment.* FROM  sentiment_fts fts LEFT JOIN sentiment ON fts.rowid = sentiment.id WHERE fts.sentiment_fts MATCH ? ORDER BY fts.rowid DESC LIMIT 1000': no such table: sentiment_fts
Execution failed on sql 'SELECT sentiment.* FROM  sentiment_fts fts LEFT JOIN sentiment ON fts.rowid = sentiment.id WHERE fts.sentiment_fts MATCH ? ORDER BY fts.rowid DESC LIMIT 1000': no such table: sentiment_fts
Execution failed on sql 'SELECT sentiment.* FROM  sentiment_fts fts LEFT JOIN sentiment ON fts.rowid = sentiment.id WHERE fts.sentiment_fts MATCH ? ORDER BY fts.rowid DESC LIMIT 1000': no such table: sentiment_fts
Execution failed on sql 'SELECT sentiment.* FROM  sentiment_fts fts LEFT JOIN sentiment ON fts.rowid = sentiment.id WHERE fts.sentiment_fts MATCH ? ORDER BY fts.rowid DESC LIMIT 1000': no such table: sentiment_fts
Execution failed on sql 'SELECT sentiment.* FROM  sentiment_fts fts LEFT JOIN sentiment ON fts.rowid = sentiment.id WHERE fts.sentiment_fts MATCH ? ORDER BY fts.rowid DESC LIMIT 1000': no such table: sentiment_fts
Execution failed on sql 'SELECT sentiment.* FROM  sentiment_fts fts LEFT JOIN sentiment ON fts.rowid = sentiment.id WHERE fts.sentiment_fts MATCH ? ORDER BY fts.rowid DESC LIMIT 1000': no such table: sentiment_fts
Execution failed on sql 'SELECT sentiment.* FROM  sentiment_fts fts LEFT JOIN sentiment ON fts.rowid = sentiment.id WHERE fts.sentiment_fts MATCH ? ORDER BY fts.rowid DESC LIMIT 1000': no such table: sentiment_fts
Execution failed on sql 'SELECT sentiment.* FROM  sentiment_fts fts LEFT JOIN sentiment ON fts.rowid = sentiment.id WHERE fts.sentiment_fts MATCH ? ORDER BY fts.rowid DESC LIMIT 1000': no such table: sentiment_fts
Execution failed on sql 'SELECT sentiment.* FROM  sentiment_fts fts LEFT JOIN sentiment ON fts.rowid = sentiment.id WHERE fts.sentiment_fts MATCH ? ORDER BY fts.rowid DESC LIMIT 1000': no such table: sentiment_fts
Execution failed on sql 'SELECT sentiment.* FROM  sentiment_fts fts LEFT JOIN sentiment ON fts.rowid = sentiment.id WHERE fts.sentiment_fts MATCH ? ORDER BY fts.rowid DESC LIMIT 1000': no such table: sentiment_fts
Execution failed on sql 'SELECT sentiment.* FROM  sentiment_fts fts LEFT JOIN sentiment ON fts.rowid = sentiment.id WHERE fts.sentiment_fts MATCH ? ORDER BY fts.rowid DESC LIMIT 1000': no such table: sentiment_fts
Execution failed on sql 'SELECT sentiment.* FROM  sentiment_fts fts LEFT JOIN sentiment ON fts.rowid = sentiment.id WHERE fts.sentiment_fts MATCH ? ORDER BY fts.rowid DESC LIMIT 1000': no such table: sentiment_fts
Execution failed on sql 'SELECT sentiment.* FROM  sentiment_fts fts LEFT JOIN sentiment ON fts.rowid = sentiment.id WHERE fts.sentiment_fts MATCH ? ORDER BY fts.rowid DESC LIMIT 1000': no such table: sentiment_fts
Execution failed on sql 'SELECT sentiment.* FROM  sentiment_fts fts LEFT JOIN sentiment ON fts.rowid = sentiment.id WHERE fts.sentiment_fts MATCH ? ORDER BY fts.rowid DESC LIMIT 1000': no such table: sentiment_fts
Execution failed on sql 'SELECT sentiment.* FROM  sentiment_fts fts LEFT JOIN sentiment ON fts.rowid = sentiment.id WHERE fts.sentiment_fts MATCH ? ORDER BY fts.rowid DESC LIMIT 1000': no such table: sentiment_fts
Execution failed on sql 'SELECT sentiment.* FROM  sentiment_fts fts LEFT JOIN sentiment ON fts.rowid = sentiment.id WHERE fts.sentiment_fts MATCH ? ORDER BY fts.rowid DESC LIMIT 1000': no such table: sentiment_fts
Execution failed on sql 'SELECT sentiment.* FROM  sentiment_fts fts LEFT JOIN sentiment ON fts.rowid = sentiment.id WHERE fts.sentiment_fts MATCH ? ORDER BY fts.rowid DESC LIMIT 1000': no such table: sentiment_fts
Execution failed on sql 'SELECT sentiment.* FROM  sentiment_fts fts LEFT JOIN sentiment ON fts.rowid = sentiment.id WHERE fts.sentiment_fts MATCH ? ORDER BY fts.rowid DESC LIMIT 1000': no such table: sentiment_fts
Execution failed on sql 'SELECT sentiment.* FROM  sentiment_fts fts LEFT JOIN sentiment ON fts.rowid = sentiment.id WHERE fts.sentiment_fts MATCH ? ORDER BY fts.rowid DESC LIMIT 1000': no such table: sentiment_fts
Execution failed on sql 'SELECT sentiment.* FROM  sentiment_fts fts LEFT JOIN sentiment ON fts.rowid = sentiment.id WHERE fts.sentiment_fts MATCH ? ORDER BY fts.rowid DESC LIMIT 1000': no such table: sentiment_fts
Execution failed on sql 'SELECT sentiment.* FROM  sentiment_fts fts LEFT JOIN sentiment ON fts.rowid = sentiment.id WHERE fts.sentiment_fts MATCH ? ORDER BY fts.rowid DESC LIMIT 1000': no such table: sentiment_fts
Execution failed on sql 'SELECT sentiment.* FROM  sentiment_fts fts LEFT JOIN sentiment ON fts.rowid = sentiment.id WHERE fts.sentiment_fts MATCH ? ORDER BY fts.rowid DESC LIMIT 1000': no such table: sentiment_fts
Execution failed on sql 'SELECT sentiment.* FROM  sentiment_fts fts LEFT JOIN sentiment ON fts.rowid = sentiment.id WHERE fts.sentiment_fts MATCH ? ORDER BY fts.rowid DESC LIMIT 1000': no such table: sentiment_fts
Execution failed on sql 'SELECT sentiment.* FROM  sentiment_fts fts LEFT JOIN sentiment ON fts.rowid = sentiment.id WHERE fts.sentiment_fts MATCH ? ORDER BY fts.rowid DESC LIMIT 1000': no such table: sentiment_fts
Execution failed on sql 'SELECT sentiment.* FROM  sentiment_fts fts LEFT JOIN sentiment ON fts.rowid = sentiment.id WHERE fts.sentiment_fts MATCH ? ORDER BY fts.rowid DESC LIMIT 1000': no such table: sentiment_fts
Execution failed on sql 'SELECT sentiment.* FROM  sentiment_fts fts LEFT JOIN sentiment ON fts.rowid = sentiment.id WHERE fts.sentiment_fts MATCH ? ORDER BY fts.rowid DESC LIMIT 1000': no such table: sentiment_fts
Execution failed on sql 'SELECT sentiment.* FROM  sentiment_fts fts LEFT JOIN sentiment ON fts.rowid = sentiment.id WHERE fts.sentiment_fts MATCH ? ORDER BY fts.rowid DESC LIMIT 1000': no such table: sentiment_fts
Execution failed on sql 'SELECT sentiment.* FROM  sentiment_fts fts LEFT JOIN sentiment ON fts.rowid = sentiment.id WHERE fts.sentiment_fts MATCH ? ORDER BY fts.rowid DESC LIMIT 1000': no such table: sentiment_fts
cannot convert float NaN to integer
cannot convert float NaN to integer
cannot convert float NaN to integer
cannot convert float NaN to integer
min() arg is an empty sequence
index -1 is out of bounds for axis 0 with size 0
cannot convert float NaN to integer
cannot convert float NaN to integer
cannot convert float NaN to integer
cannot convert float NaN to integer
invalid index to scalar variable.
d.
cannot convert float NaN to integer
cannot convert float NaN to integer
cannot convert float NaN to integer
cannot convert float NaN to integer
cannot convert float NaN to integer
cannot convert float NaN to integer
cannot convert float NaN to integer
min() arg is an empty sequence
index -1 is out of bounds for axis 0 with size 0
cannot convert float NaN to integer
cannot convert float NaN to integer
cannot convert float NaN to integer
cannot convert float NaN to integer
min() arg is an empty sequence
index -1 is out of bounds for axis 0 with size 0
cannot convert float NaN to integer
cannot convert float NaN to integer
index -1 is out of bounds for axis 0 with size 0
index -1 is out of bounds for axis 0 with size 0
cannot convert float NaN to integer
index -1 is out of bounds for axis 0 with size 0
index -1 is out of bounds for axis 0 with size 0
cannot convert float NaN to integer
index -1 is out of bounds for axis 0 with size 0
index -1 is out of bounds for axis 0 with size 0
cannot convert float NaN to integer
index -1 is out of bounds for axis 0 with size 0
index -1 is out of bounds for axis 0 with size 0
cannot convert float NaN to integer
index -1 is out of bounds for axis 0 with size 0
index -1 is out of bounds for axis 0 with size 0
cannot convert float NaN to integer
index -1 is out of bounds for axis 0 with size 0
index -1 is out of bounds for axis 0 with size 0
cannot convert float NaN to integer
index -1 is out of bounds for axis 0 with size 0
index -1 is out of bounds for axis 0 with size 0
cannot convert float NaN to integer
index -1 is out of bounds for axis 0 with size 0
index -1 is out of bounds for axis 0 with size 0
Recursive use of cursors not allowed.
Recursive use of cursors not allowed.
cannot convert float NaN to integer
index -1 is out of bounds for axis 0 with size 0
index -1 is out of bounds for axis 0 with size 0
cannot convert float NaN to integer
index -1 is out of bounds for axis 0 with size 0
index -1 is out of bounds for axis 0 with size 0
cannot convert float NaN to integer
index -1 is out of bounds for axis 0 with size 0
index -1 is out of bounds for axis 0 with size 0
cannot convert float NaN to integer
index -1 is out of bounds for axis 0 with size 0
index -1 is out of bounds for axis 0 with size 0
Recursive use of cursors not allowed.
cannot convert float NaN to integer
index -1 is out of bounds for axis 0 with size 0
index -1 is out of bounds for axis 0 with size 0
cannot convert float NaN to integer
index -1 is out of bounds for axis 0 with size 0
index -1 is out of bounds for axis 0 with size 0
cannot convert float NaN to integer
index -1 is out of bounds for axis 0 with size 0
index -1 is out of bounds for axis 0 with size 0
cannot convert float NaN to integer
index -1 is out of bounds for axis 0 with size 0
index -1 is out of bounds for axis 0 with size 0
cannot convert float NaN to integer
index -1 is out of bounds for axis 0 with size 0
index -1 is out of bounds for axis 0 with size 0
cannot convert float NaN to integer
index -1 is out of bounds for axis 0 with size 0
index -1 is out of bounds for axis 0 with size 0
